Archive member included because of file (symbol)

.\CortexM3\ARM_GCC_493\Debug\Dual-PSoC-DCO.a(cyfitter_cfg.o)
                              .\CortexM3\ARM_GCC_493\Debug\Cm3Start.o (cyfitter_cfg)
.\CortexM3\ARM_GCC_493\Debug\Dual-PSoC-DCO.a(CyBootAsmGnu.o)
                              .\CortexM3\ARM_GCC_493\Debug\Dual-PSoC-DCO.a(cyfitter_cfg.o) (CyDelayCycles)
.\CortexM3\ARM_GCC_493\Debug\Dual-PSoC-DCO.a(CyDmac.o)
                              .\CortexM3\ARM_GCC_493\Debug\Cm3Start.o (CyDmacConfigure)
.\CortexM3\ARM_GCC_493\Debug\Dual-PSoC-DCO.a(CyLib.o)
                              .\CortexM3\ARM_GCC_493\Debug\Cm3Start.o (CyHalt)
.\CortexM3\ARM_GCC_493\Debug\Dual-PSoC-DCO.a(cyPm.o)
                              .\CortexM3\ARM_GCC_493\Debug\Dual-PSoC-DCO.a(CyLib.o) (CyPmReadStatus)
.\CortexM3\ARM_GCC_493\Debug\Dual-PSoC-DCO.a(ADC_DelSig_1.o)
                              .\CortexM3\ARM_GCC_493\Debug\main.o (ADC_DelSig_1_Start)
.\CortexM3\ARM_GCC_493\Debug\Dual-PSoC-DCO.a(ADC_DelSig_1_INT.o)
                              .\CortexM3\ARM_GCC_493\Debug\Dual-PSoC-DCO.a(ADC_DelSig_1.o) (ADC_DelSig_1_ISR1)
.\CortexM3\ARM_GCC_493\Debug\Dual-PSoC-DCO.a(ADC_DelSig_1_AMux.o)
                              .\CortexM3\ARM_GCC_493\Debug\Dual-PSoC-DCO.a(ADC_DelSig_1.o) (ADC_DelSig_1_AMux_Select)
.\CortexM3\ARM_GCC_493\Debug\Dual-PSoC-DCO.a(ADC_DelSig_1_Ext_CP_Clk.o)
                              .\CortexM3\ARM_GCC_493\Debug\Dual-PSoC-DCO.a(ADC_DelSig_1.o) (ADC_DelSig_1_Ext_CP_Clk_SetModeRegister)
.\CortexM3\ARM_GCC_493\Debug\Dual-PSoC-DCO.a(ADC_DelSig_1_theACLK.o)
                              .\CortexM3\ARM_GCC_493\Debug\Dual-PSoC-DCO.a(ADC_DelSig_1.o) (ADC_DelSig_1_theACLK_SetModeRegister)
.\CortexM3\ARM_GCC_493\Debug\Dual-PSoC-DCO.a(OSC1_IDAC8.o)
                              .\CortexM3\ARM_GCC_493\Debug\main.o (OSC1_IDAC8_SetValue)
.\CortexM3\ARM_GCC_493\Debug\Dual-PSoC-DCO.a(OSC1_Freq_Timer.o)
                              .\CortexM3\ARM_GCC_493\Debug\main.o (OSC1_Freq_Timer_WritePeriod)
.\CortexM3\ARM_GCC_493\Debug\Dual-PSoC-DCO.a(OSC1_Comp.o)
                              .\CortexM3\ARM_GCC_493\Debug\main.o (OSC1_Comp_Enable)
.\CortexM3\ARM_GCC_493\Debug\Dual-PSoC-DCO.a(OSC1_IDAC8_SAW.o)
                              .\CortexM3\ARM_GCC_493\Debug\main.o (OSC1_IDAC8_SAW_SetValue)
.\CortexM3\ARM_GCC_493\Debug\Dual-PSoC-DCO.a(Clock_1.o)
                              .\CortexM3\ARM_GCC_493\Debug\main.o (Clock_1_Start)
.\CortexM3\ARM_GCC_493\Debug\Dual-PSoC-DCO.a(OSC1_Triangle_Follower.o)
                              .\CortexM3\ARM_GCC_493\Debug\main.o (OSC1_Triangle_Follower_Enable)
.\CortexM3\ARM_GCC_493\Debug\Dual-PSoC-DCO.a(OSC1_Saw_Follower.o)
                              .\CortexM3\ARM_GCC_493\Debug\main.o (OSC1_Saw_Follower_Enable)
.\CortexM3\ARM_GCC_493\Debug\Dual-PSoC-DCO.a(test_pin.o)
                              .\CortexM3\ARM_GCC_493\Debug\main.o (test_pin_Write)
.\CortexM3\ARM_GCC_493\Debug\Dual-PSoC-DCO.a(CyFlash.o)
                              .\CortexM3\ARM_GCC_493\Debug\Dual-PSoC-DCO.a(cyPm.o) (CyFlash_SetWaitCycles)
.\CortexM3\ARM_GCC_493\Debug\Dual-PSoC-DCO.a(CySpc.o)
                              .\CortexM3\ARM_GCC_493\Debug\Dual-PSoC-DCO.a(CyFlash.o) (CySpcStart)
c:/program files (x86)/cypress/psoc creator/3.3/psoc creator/import/gnu/arm/4.9.3/bin/../lib/gcc/arm-none-eabi/4.9.3/../../../../arm-none-eabi/lib/armv7-m\libm.a(lib_a-w_pow.o)
                              .\CortexM3\ARM_GCC_493\Debug\main.o (pow)
c:/program files (x86)/cypress/psoc creator/3.3/psoc creator/import/gnu/arm/4.9.3/bin/../lib/gcc/arm-none-eabi/4.9.3/../../../../arm-none-eabi/lib/armv7-m\libm.a(lib_a-e_pow.o)
                              c:/program files (x86)/cypress/psoc creator/3.3/psoc creator/import/gnu/arm/4.9.3/bin/../lib/gcc/arm-none-eabi/4.9.3/../../../../arm-none-eabi/lib/armv7-m\libm.a(lib_a-w_pow.o) (__ieee754_pow)
c:/program files (x86)/cypress/psoc creator/3.3/psoc creator/import/gnu/arm/4.9.3/bin/../lib/gcc/arm-none-eabi/4.9.3/../../../../arm-none-eabi/lib/armv7-m\libm.a(lib_a-e_sqrt.o)
                              c:/program files (x86)/cypress/psoc creator/3.3/psoc creator/import/gnu/arm/4.9.3/bin/../lib/gcc/arm-none-eabi/4.9.3/../../../../arm-none-eabi/lib/armv7-m\libm.a(lib_a-e_pow.o) (__ieee754_sqrt)
c:/program files (x86)/cypress/psoc creator/3.3/psoc creator/import/gnu/arm/4.9.3/bin/../lib/gcc/arm-none-eabi/4.9.3/../../../../arm-none-eabi/lib/armv7-m\libm.a(lib_a-s_fabs.o)
                              c:/program files (x86)/cypress/psoc creator/3.3/psoc creator/import/gnu/arm/4.9.3/bin/../lib/gcc/arm-none-eabi/4.9.3/../../../../arm-none-eabi/lib/armv7-m\libm.a(lib_a-e_pow.o) (fabs)
c:/program files (x86)/cypress/psoc creator/3.3/psoc creator/import/gnu/arm/4.9.3/bin/../lib/gcc/arm-none-eabi/4.9.3/../../../../arm-none-eabi/lib/armv7-m\libm.a(lib_a-s_finite.o)
[...]
Memory Configuration

Name             Origin             Length             Attributes
rom              0x00000000         0x00040000         xr
ram              0x1fff8000         0x00010000         xrw
*default*        0x00000000         0xffffffff

Linker script and memory map

LOAD c:/program files (x86)/cypress/psoc creator/3.3/psoc creator/import/gnu/arm/4.9.3/bin/../lib/gcc/arm-none-eabi/4.9.3/armv7-m/crti.o
LOAD c:/program files (x86)/cypress/psoc creator/3.3/psoc creator/import/gnu/arm/4.9.3/bin/../lib/gcc/arm-none-eabi/4.9.3/armv7-m/crtbegin.o
LOAD c:/program files (x86)/cypress/psoc creator/3.3/psoc creator/import/gnu/arm/4.9.3/bin/../lib/gcc/arm-none-eabi/4.9.3/../../../../arm-none-eabi/lib/armv7-m/crt0.o
START GROUP
LOAD .\CortexM3\ARM_GCC_493\Debug\main.o
LOAD .\CortexM3\ARM_GCC_493\Debug\cymetadata.o
LOAD .\CortexM3\ARM_GCC_493\Debug\Cm3Start.o
LOAD .\CortexM3\ARM_GCC_493\Debug\Dual-PSoC-DCO.a
LOAD C:\Program Files (x86)\Cypress\PSoC Creator\3.3\PSoC Creator\psoc\content\cycomponentlibrary\CyComponentLibrary.cylib\CortexM3\ARM_GCC_493\Debug\CyComponentLibrary.a
LOAD c:/program files (x86)/cypress/psoc creator/3.3/psoc creator/import/gnu/arm/4.9.3/bin/../lib/gcc/arm-none-eabi/4.9.3/../../../../arm-none-eabi/lib/armv7-m\libm.a
END GROUP
START GROUP
LOAD c:/program files (x86)/cypress/psoc creator/3.3/psoc creator/import/gnu/arm/4.9.3/bin/../lib/gcc/arm-none-eabi/4.9.3/armv7-m\libgcc.a
LOAD c:/program files (x86)/cypress/psoc creator/3.3/psoc creator/import/gnu/arm/4.9.3/bin/../lib/gcc/arm-none-eabi/4.9.3/../../../../arm-none-eabi/lib/armv7-m\libg_nano.a
LOAD c:/program files (x86)/cypress/psoc creator/3.3/psoc creator/import/gnu/arm/4.9.3/bin/../lib/gcc/arm-none-eabi/4.9.3/../../../../arm-none-eabi/lib/armv7-m\libc_nano.a
END GROUP
START GROUP
LOAD c:/program files (x86)/cypress/psoc creator/3.3/psoc creator/import/gnu/arm/4.9.3/bin/../lib/gcc/arm-none-eabi/4.9.3/armv7-m\libgcc.a
LOAD c:/program files (x86)/cypress/psoc creator/3.3/psoc creator/import/gnu/arm/4.9.3/bin/../lib/gcc/arm-none-eabi/4.9.3/../../../../arm-none-eabi/lib/armv7-m\libc_nano.a
END GROUP
LOAD c:/program files (x86)/cypress/psoc creator/3.3/psoc creator/import/gnu/arm/4.9.3/bin/../lib/gcc/arm-none-eabi/4.9.3/armv7-m/crtend.o
LOAD c:/program files (x86)/cypress/psoc creator/3.3/psoc creator/import/gnu/arm/4.9.3/bin/../lib/gcc/arm-none-eabi/4.9.3/armv7-m/crtn.o
START GROUP
LOAD c:/program files (x86)/cypress/psoc creator/3.3/psoc creator/import/gnu/arm/4.9.3/bin/../lib/gcc/arm-none-eabi/4.9.3/armv7-m\libgcc.a
LOAD c:/program files (x86)/cypress/psoc creator/3.3/psoc creator/import/gnu/arm/4.9.3/bin/../lib/gcc/arm-none-eabi/4.9.3/../../../../arm-none-eabi/lib/armv7-m\libc.a
LOAD c:/program files (x86)/cypress/psoc creator/3.3/psoc creator/import/gnu/arm/4.9.3/bin/../lib/gcc/arm-none-eabi/4.9.3/../../../../arm-none-eabi/lib/armv7-m\libnosys.a
END GROUP
                0x00000000                CY_APPL_ORIGIN = 0x0
                0x00000100                CY_FLASH_ROW_SIZE = 0x100
                0x00000020                CY_ECC_ROW_SIZE = 0x20
                0x00000000                CY_EE_IN_BTLDR = 0x0
                0x00000000                CY_APPL_LOADABLE = 0x0
                0x00000800                CY_EE_SIZE = 0x800
                0x00000001                CY_APPL_NUM = 0x1
                0x00000001                CY_APPL_MAX = 0x1
                0x00000040                CY_METADATA_SIZE = 0x40
                0x00000000                CY_APPL_LOADABLE = 0x0
                0x00000000                CY_CHECKSUM_EXCLUDE_SIZE = ALIGN (0x0, CY_FLASH_ROW_SIZE)
                0x1fff81c8                PROVIDE (__cy_heap_start, _end)
                0x00000001                PROVIDE (__cy_region_num, ((__cy_regions_end - __cy_regions) / 0x10))
                0x20008000                PROVIDE (__cy_stack, (ORIGIN (ram) + 0x10000))
                0x20007800                PROVIDE (__cy_heap_end, (__cy_stack - 0x800))

.cybootloader   0x00000000        0x0
 *(.cybootloader)
                0x00000000                appl1_start = CY_APPL_ORIGIN?CY_APPL_ORIGIN:ALIGN (CY_FLASH_ROW_SIZE)
                0x0001ff00                appl2_start = (appl1_start + ALIGN ((((0x40000 - appl1_start) - (0x2 * CY_FLASH_ROW_SIZE)) / 0x2), CY_FLASH_ROW_SIZE))
                0x00000000                appl_start = (CY_APPL_NUM == 0x1)?appl1_start:appl2_start
                0x00000000                ecc_offset = ((appl_start / CY_FLASH_ROW_SIZE) * CY_ECC_ROW_SIZE)
                0x00000000                ee_offset = (CY_APPL_LOADABLE && ! (CY_EE_IN_BTLDR))?((CY_EE_SIZE / CY_APPL_MAX) * (CY_APPL_NUM - 0x1)):0x0
                0x00000800                ee_size = (CY_APPL_LOADABLE && ! (CY_EE_IN_BTLDR))?(CY_EE_SIZE / CY_APPL_MAX):CY_EE_SIZE
                0x00000000                PROVIDE (CY_ECC_OFFSET, ecc_offset)

.text           0x00000000     0x2dea
 CREATE_OBJECT_SYMBOLS
                0x00000000                PROVIDE (__cy_interrupt_vector, RomVectors)
 *(.romvectors)
 .romvectors    0x00000000       0x10 .\CortexM3\ARM_GCC_493\Debug\Cm3Start.o
                0x00000000                RomVectors
                0x00000001                ASSERT ((. != __cy_interrupt_vector), No interrupt vector)
                0x00000001                ASSERT (CY_APPL_ORIGIN?(SIZEOF (.cybootloader) <= CY_APPL_ORIGIN):0x1, Wrong image location)
                0x00000010                PROVIDE (__cy_reset, Reset)
 *(.text.Reset)
 .text.Reset    0x00000010       0x18 .\CortexM3\ARM_GCC_493\Debug\Cm3Start.o
                0x00000010                Reset
                0x00000001                ASSERT ((. != __cy_reset), No reset code)
 *(.dma_init)
                0x00000001                ASSERT ((((appl_start + .) <= 0x10000) || 0x1), DMA Init must be within the first 64k of flash)
 *(.text .text.* .gnu.linkonce.t.*)
 .text          0x00000028       0x5c c:/program files (x86)/cypress/psoc creator/3.3/psoc creator/import/gnu/arm/4.9.3/bin/../lib/gcc/arm-none-eabi/4.9.3/armv7-m/crtbegin.o
 .text.main     0x00000084      0x134 .\CortexM3\ARM_GCC_493\Debug\main.o
                0x00000084                main
 .text.IntDefaultHandler
                0x000001b8        0x4 .\CortexM3\ARM_GCC_493\Debug\Cm3Start.o
                0x000001b8                IntDefaultHandler
 .text.Start_c  0x000001bc       0x4c .\CortexM3\ARM_GCC_493\Debug\Cm3Start.o
                0x000001bc                Start_c
 .text.initialize_psoc
                0x00000208       0x78 .\CortexM3\ARM_GCC_493\Debug\Cm3Start.o
                0x00000208                initialize_psoc
 .text.CyClockStartupError
                0x00000280        0x4 .\CortexM3\ARM_GCC_493\Debug\Dual-PSoC-DCO.a(cyfitter_cfg.o)
 .text.cfg_write_bytes32
                0x00000284       0x34 .\CortexM3\ARM_GCC_493\Debug\Dual-PSoC-DCO.a(cyfitter_cfg.o)
 .text.AnalogSetDefault
                0x000002b8      0x12c .\CortexM3\ARM_GCC_493\Debug\Dual-PSoC-DCO.a(cyfitter_cfg.o)
 .text.CYMEMZERO
                0x000003e4        0xc .\CortexM3\ARM_GCC_493\Debug\Dual-PSoC-DCO.a(cyfitter_cfg.o)
 .text.CYCONFIGCPY
                0x000003f0        0x8 .\CortexM3\ARM_GCC_493\Debug\Dual-PSoC-DCO.a(cyfitter_cfg.o)
 .text.ClockSetup
                0x000003f8      0x12c .\CortexM3\ARM_GCC_493\Debug\Dual-PSoC-DCO.a(cyfitter_cfg.o)
 .text.ADC_DelSig_1_AMux_Set
                0x00000524       0x1c .\CortexM3\ARM_GCC_493\Debug\Dual-PSoC-DCO.a(cyfitter_cfg.o)
                0x00000524                ADC_DelSig_1_AMux_Set
 .text.ADC_DelSig_1_AMux_Unset
                0x00000540       0x1c .\CortexM3\ARM_GCC_493\Debug\Dual-PSoC-DCO.a(cyfitter_cfg.o)
                0x00000540                ADC_DelSig_1_AMux_Unset
 .text.cyfitter_cfg
                0x0000055c      0x1bc .\CortexM3\ARM_GCC_493\Debug\Dual-PSoC-DCO.a(cyfitter_cfg.o)
                0x0000055c                cyfitter_cfg
 .text          0x00000718       0x20 .\CortexM3\ARM_GCC_493\Debug\Dual-PSoC-DCO.a(CyBootAsmGnu.o)
                0x00000718                CyDelayCycles
                0x00000728                CyEnterCriticalSection
                0x00000730                CyExitCriticalSection
 .text.CyDmacConfigure
                0x00000738       0x34 .\CortexM3\ARM_GCC_493\Debug\Dual-PSoC-DCO.a(CyDmac.o)
                0x00000738                CyDmacConfigure
 .text.CyHalt   0x0000076c        0x4 .\CortexM3\ARM_GCC_493\Debug\Dual-PSoC-DCO.a(CyLib.o)
                0x0000076c                CyHalt
 .text.CyDelayUs
                0x00000770       0x14 .\CortexM3\ARM_GCC_493\Debug\Dual-PSoC-DCO.a(CyLib.o)
                0x00000770                CyDelayUs
 .text.CyIntSetVector
                0x00000784       0x28 .\CortexM3\ARM_GCC_493\Debug\Dual-PSoC-DCO.a(CyLib.o)
                0x00000784                CyIntSetVector
 .text.CyIntSetPriority
                0x000007ac       0x30 .\CortexM3\ARM_GCC_493\Debug\Dual-PSoC-DCO.a(CyLib.o)
                0x000007ac                CyIntSetPriority
 .text.ADC_DelSig_1_GainCompensation
                0x000007dc       0xcc .\CortexM3\ARM_GCC_493\Debug\Dual-PSoC-DCO.a(ADC_DelSig_1.o)
 .text.ADC_DelSig_1_SetDSMRef0Reg
                0x000008a8       0x4c .\CortexM3\ARM_GCC_493\Debug\Dual-PSoC-DCO.a(ADC_DelSig_1.o)
 .text.ADC_DelSig_1_InitConfig
                0x000008f4       0xe0 .\CortexM3\ARM_GCC_493\Debug\Dual-PSoC-DCO.a(ADC_DelSig_1.o)
 .text.ADC_DelSig_1_Init
                0x000009d4       0xc4 .\CortexM3\ARM_GCC_493\Debug\Dual-PSoC-DCO.a(ADC_DelSig_1.o)
                0x000009d4                ADC_DelSig_1_Init
 .text.ADC_DelSig_1_Enable
                0x00000a98       0xd8 .\CortexM3\ARM_GCC_493\Debug\Dual-PSoC-DCO.a(ADC_DelSig_1.o)
                0x00000a98                ADC_DelSig_1_Enable
 .text.ADC_DelSig_1_Start
                0x00000b70       0x28 .\CortexM3\ARM_GCC_493\Debug\Dual-PSoC-DCO.a(ADC_DelSig_1.o)
                0x00000b70                ADC_DelSig_1_Start
 .text.ADC_DelSig_1_StartConvert
                0x00000b98       0x10 .\CortexM3\ARM_GCC_493\Debug\Dual-PSoC-DCO.a(ADC_DelSig_1.o)
                0x00000b98                ADC_DelSig_1_StartConvert
 .text.ADC_DelSig_1_GetResult32
                0x00000ba8       0x6c .\CortexM3\ARM_GCC_493\Debug\Dual-PSoC-DCO.a(ADC_DelSig_1.o)
                0x00000ba8                ADC_DelSig_1_GetResult32
 .text.ADC_DelSig_1_ISR1
                0x00000c14        0x4 .\CortexM3\ARM_GCC_493\Debug\Dual-PSoC-DCO.a(ADC_DelSig_1_INT.o)
                0x00000c14                ADC_DelSig_1_ISR1
 .text.ADC_DelSig_1_AMux_Start
                0x00000c18       0x20 .\CortexM3\ARM_GCC_493\Debug\Dual-PSoC-DCO.a(ADC_DelSig_1_AMux.o)
                0x00000c18                ADC_DelSig_1_AMux_Start
 .text.ADC_DelSig_1_AMux_Select
                0x00000c38       0x18 .\CortexM3\ARM_GCC_493\Debug\Dual-PSoC-DCO.a(ADC_DelSig_1_AMux.o)
                0x00000c38                ADC_DelSig_1_AMux_Select
 .text.ADC_DelSig_1_Ext_CP_Clk_GetDividerRegister
                0x00000c50        0xc .\CortexM3\ARM_GCC_493\Debug\Dual-PSoC-DCO.a(ADC_DelSig_1_Ext_CP_Clk.o)
                0x00000c50                ADC_DelSig_1_Ext_CP_Clk_GetDividerRegister
 .text.ADC_DelSig_1_Ext_CP_Clk_SetModeRegister
                0x00000c5c       0x14 .\CortexM3\ARM_GCC_493\Debug\Dual-PSoC-DCO.a(ADC_DelSig_1_Ext_CP_Clk.o)
                0x00000c5c                ADC_DelSig_1_Ext_CP_Clk_SetModeRegister
 .text.ADC_DelSig_1_Ext_CP_Clk_GetSourceRegister
                0x00000c70       0x10 .\CortexM3\ARM_GCC_493\Debug\Dual-PSoC-DCO.a(ADC_DelSig_1_Ext_CP_Clk.o)
                0x00000c70                ADC_DelSig_1_Ext_CP_Clk_GetSourceRegister
 .text.ADC_DelSig_1_Ext_CP_Clk_SetDividerRegister
                0x00000c80       0xdc .\CortexM3\ARM_GCC_493\Debug\Dual-PSoC-DCO.a(ADC_DelSig_1_Ext_CP_Clk.o)
                0x00000c80                ADC_DelSig_1_Ext_CP_Clk_SetDividerRegister
 .text.ADC_DelSig_1_theACLK_GetDividerRegister
                0x00000d5c        0xc .\CortexM3\ARM_GCC_493\Debug\Dual-PSoC-DCO.a(ADC_DelSig_1_theACLK.o)
                0x00000d5c                ADC_DelSig_1_theACLK_GetDividerRegister
 .text.ADC_DelSig_1_theACLK_SetModeRegister
                0x00000d68       0x14 .\CortexM3\ARM_GCC_493\Debug\Dual-PSoC-DCO.a(ADC_DelSig_1_theACLK.o)
                0x00000d68                ADC_DelSig_1_theACLK_SetModeRegister
 .text.ADC_DelSig_1_theACLK_GetSourceRegister
                0x00000d7c       0x10 .\CortexM3\ARM_GCC_493\Debug\Dual-PSoC-DCO.a(ADC_DelSig_1_theACLK.o)
                0x00000d7c                ADC_DelSig_1_theACLK_GetSourceRegister
 .text.ADC_DelSig_1_theACLK_SetDividerRegister
                0x00000d8c       0xd8 .\CortexM3\ARM_GCC_493\Debug\Dual-PSoC-DCO.a(ADC_DelSig_1_theACLK.o)
                0x00000d8c                ADC_DelSig_1_theACLK_SetDividerRegister
 .text.OSC1_IDAC8_Enable
                0x00000e64       0x1c .\CortexM3\ARM_GCC_493\Debug\Dual-PSoC-DCO.a(OSC1_IDAC8.o)
                0x00000e64                OSC1_IDAC8_Enable
 .text.OSC1_IDAC8_SetSpeed
                0x00000e80       0x1c .\CortexM3\ARM_GCC_493\Debug\Dual-PSoC-DCO.a(OSC1_IDAC8.o)
                0x00000e80                OSC1_IDAC8_SetSpeed
 .text.OSC1_IDAC8_SetValue
                0x00000e9c        0xc .\CortexM3\ARM_GCC_493\Debug\Dual-PSoC-DCO.a(OSC1_IDAC8.o)
                0x00000e9c                OSC1_IDAC8_SetValue
 .text.OSC1_IDAC8_DacTrim
                0x00000ea8       0x34 .\CortexM3\ARM_GCC_493\Debug\Dual-PSoC-DCO.a(OSC1_IDAC8.o)
                0x00000ea8                OSC1_IDAC8_DacTrim
 .text.OSC1_IDAC8_Init
                0x00000edc       0x2c .\CortexM3\ARM_GCC_493\Debug\Dual-PSoC-DCO.a(OSC1_IDAC8.o)
                0x00000edc                OSC1_IDAC8_Init
 .text.OSC1_IDAC8_Start
                0x00000f08       0x24 .\CortexM3\ARM_GCC_493\Debug\Dual-PSoC-DCO.a(OSC1_IDAC8.o)
                0x00000f08                OSC1_IDAC8_Start
 .text.OSC1_IDAC8_SetRange
                0x00000f2c       0x20 .\CortexM3\ARM_GCC_493\Debug\Dual-PSoC-DCO.a(OSC1_IDAC8.o)
                0x00000f2c                OSC1_IDAC8_SetRange
 .text.OSC1_Freq_Timer_Enable
                0x00000f4c       0x10 .\CortexM3\ARM_GCC_493\Debug\Dual-PSoC-DCO.a(OSC1_Freq_Timer.o)
                0x00000f4c                OSC1_Freq_Timer_Enable
 .text.OSC1_Freq_Timer_SetInterruptMode
                0x00000f5c        0xc .\CortexM3\ARM_GCC_493\Debug\Dual-PSoC-DCO.a(OSC1_Freq_Timer.o)
                0x00000f5c                OSC1_Freq_Timer_SetInterruptMode
 .text.OSC1_Freq_Timer_ReadStatusRegister
                0x00000f68        0xc .\CortexM3\ARM_GCC_493\Debug\Dual-PSoC-DCO.a(OSC1_Freq_Timer.o)
                0x00000f68                OSC1_Freq_Timer_ReadStatusRegister
 .text.OSC1_Freq_Timer_WritePeriod
                0x00000f74        0xc .\CortexM3\ARM_GCC_493\Debug\Dual-PSoC-DCO.a(OSC1_Freq_Timer.o)
                0x00000f74                OSC1_Freq_Timer_WritePeriod
 .text.OSC1_Freq_Timer_ReadCapture
                0x00000f80        0xc .\CortexM3\ARM_GCC_493\Debug\Dual-PSoC-DCO.a(OSC1_Freq_Timer.o)
                0x00000f80                OSC1_Freq_Timer_ReadCapture
 .text.OSC1_Freq_Timer_WriteCounter
                0x00000f8c        0xc .\CortexM3\ARM_GCC_493\Debug\Dual-PSoC-DCO.a(OSC1_Freq_Timer.o)
                0x00000f8c                OSC1_Freq_Timer_WriteCounter
 .text.OSC1_Freq_Timer_ClearFIFO
                0x00000f98       0x14 .\CortexM3\ARM_GCC_493\Debug\Dual-PSoC-DCO.a(OSC1_Freq_Timer.o)
                0x00000f98                OSC1_Freq_Timer_ClearFIFO
 .text.OSC1_Freq_Timer_Init
                0x00000fac       0x34 .\CortexM3\ARM_GCC_493\Debug\Dual-PSoC-DCO.a(OSC1_Freq_Timer.o)
                0x00000fac                OSC1_Freq_Timer_Init
 .text.OSC1_Freq_Timer_Start
                0x00000fe0       0x1c .\CortexM3\ARM_GCC_493\Debug\Dual-PSoC-DCO.a(OSC1_Freq_Timer.o)
                0x00000fe0                OSC1_Freq_Timer_Start
 .text.OSC1_Comp_Enable
                0x00000ffc       0x1c .\CortexM3\ARM_GCC_493\Debug\Dual-PSoC-DCO.a(OSC1_Comp.o)
                0x00000ffc                OSC1_Comp_Enable
 .text.OSC1_Comp_SetSpeed
                0x00001018       0x58 .\CortexM3\ARM_GCC_493\Debug\Dual-PSoC-DCO.a(OSC1_Comp.o)
                0x00001018                OSC1_Comp_SetSpeed
 .text.OSC1_Comp_Init
                0x00001070       0x3c .\CortexM3\ARM_GCC_493\Debug\Dual-PSoC-DCO.a(OSC1_Comp.o)
                0x00001070                OSC1_Comp_Init
 .text.OSC1_Comp_Start
                0x000010ac       0x1c .\CortexM3\ARM_GCC_493\Debug\Dual-PSoC-DCO.a(OSC1_Comp.o)
                0x000010ac                OSC1_Comp_Start
 .text.OSC1_IDAC8_SAW_Enable
                0x000010c8       0x1c .\CortexM3\ARM_GCC_493\Debug\Dual-PSoC-DCO.a(OSC1_IDAC8_SAW.o)
                0x000010c8                OSC1_IDAC8_SAW_Enable
 .text.OSC1_IDAC8_SAW_SetSpeed
                0x000010e4       0x1c .\CortexM3\ARM_GCC_493\Debug\Dual-PSoC-DCO.a(OSC1_IDAC8_SAW.o)
                0x000010e4                OSC1_IDAC8_SAW_SetSpeed
 .text.OSC1_IDAC8_SAW_SetValue
                0x00001100        0xc .\CortexM3\ARM_GCC_493\Debug\Dual-PSoC-DCO.a(OSC1_IDAC8_SAW.o)
                0x00001100                OSC1_IDAC8_SAW_SetValue
 .text.OSC1_IDAC8_SAW_DacTrim
                0x0000110c       0x34 .\CortexM3\ARM_GCC_493\Debug\Dual-PSoC-DCO.a(OSC1_IDAC8_SAW.o)
                0x0000110c                OSC1_IDAC8_SAW_DacTrim
 .text.OSC1_IDAC8_SAW_Init
                0x00001140       0x2c .\CortexM3\ARM_GCC_493\Debug\Dual-PSoC-DCO.a(OSC1_IDAC8_SAW.o)
                0x00001140                OSC1_IDAC8_SAW_Init
 .text.OSC1_IDAC8_SAW_Start
                0x0000116c       0x24 .\CortexM3\ARM_GCC_493\Debug\Dual-PSoC-DCO.a(OSC1_IDAC8_SAW.o)
                0x0000116c                OSC1_IDAC8_SAW_Start
 .text.OSC1_IDAC8_SAW_SetRange
                0x00001190       0x20 .\CortexM3\ARM_GCC_493\Debug\Dual-PSoC-DCO.a(OSC1_IDAC8_SAW.o)
                0x00001190                OSC1_IDAC8_SAW_SetRange
 .text.Clock_1_Start
                0x000011b0       0x1c .\CortexM3\ARM_GCC_493\Debug\Dual-PSoC-DCO.a(Clock_1.o)
                0x000011b0                Clock_1_Start
 .text.OSC1_Triangle_Follower_Enable
                0x000011cc       0x28 .\CortexM3\ARM_GCC_493\Debug\Dual-PSoC-DCO.a(OSC1_Triangle_Follower.o)
                0x000011cc                OSC1_Triangle_Follower_Enable
 .text.OSC1_Triangle_Follower_SetPower
                0x000011f4       0x1c .\CortexM3\ARM_GCC_493\Debug\Dual-PSoC-DCO.a(OSC1_Triangle_Follower.o)
                0x000011f4                OSC1_Triangle_Follower_SetPower
 .text.OSC1_Triangle_Follower_Init
                0x00001210        0xc .\CortexM3\ARM_GCC_493\Debug\Dual-PSoC-DCO.a(OSC1_Triangle_Follower.o)
                0x00001210                OSC1_Triangle_Follower_Init
 .text.OSC1_Triangle_Follower_Start
                0x0000121c       0x1c .\CortexM3\ARM_GCC_493\Debug\Dual-PSoC-DCO.a(OSC1_Triangle_Follower.o)
                0x0000121c                OSC1_Triangle_Follower_Start
 .text.OSC1_Saw_Follower_Enable
                0x00001238       0x28 .\CortexM3\ARM_GCC_493\Debug\Dual-PSoC-DCO.a(OSC1_Saw_Follower.o)
                0x00001238                OSC1_Saw_Follower_Enable
 .text.OSC1_Saw_Follower_SetPower
                0x00001260       0x1c .\CortexM3\ARM_GCC_493\Debug\Dual-PSoC-DCO.a(OSC1_Saw_Follower.o)
                0x00001260                OSC1_Saw_Follower_SetPower
 .text.OSC1_Saw_Follower_Init
                0x0000127c        0xc .\CortexM3\ARM_GCC_493\Debug\Dual-PSoC-DCO.a(OSC1_Saw_Follower.o)
                0x0000127c                OSC1_Saw_Follower_Init
 .text.OSC1_Saw_Follower_Start
                0x00001288       0x1c .\CortexM3\ARM_GCC_493\Debug\Dual-PSoC-DCO.a(OSC1_Saw_Follower.o)
                0x00001288                OSC1_Saw_Follower_Start
 .text.test_pin_Write
                0x000012a4       0x18 .\CortexM3\ARM_GCC_493\Debug\Dual-PSoC-DCO.a(test_pin.o)
                0x000012a4                test_pin_Write
 .text.pow      0x000012bc      0x2f0 c:/program files (x86)/cypress/psoc creator/3.3/psoc creator/import/gnu/arm/4.9.3/bin/../lib/gcc/arm-none-eabi/4.9.3/../../../../arm-none-eabi/lib/armv7-m\libm.a(lib_a-w_pow.o)
                0x000012bc                pow
 *fill*         0x000015ac        0x4 
 .text.__ieee754_pow
                0x000015b0      0xaa0 c:/program files (x86)/cypress/psoc creator/3.3/psoc creator/import/gnu/arm/4.9.3/bin/../lib/gcc/arm-none-eabi/4.9.3/../../../../arm-none-eabi/lib/armv7-m\libm.a(lib_a-e_pow.o)
                0x000015b0                __ieee754_pow
 .text.__ieee754_sqrt
                0x00002050      0x18c c:/program files (x86)/cypress/psoc creator/3.3/psoc creator/import/gnu/arm/4.9.3/bin/../lib/gcc/arm-none-eabi/4.9.3/../../../../arm-none-eabi/lib/armv7-m\libm.a(lib_a-e_sqrt.o)
                0x00002050                __ieee754_sqrt
 .text.fabs     0x000021dc        0x8 c:/program files (x86)/cypress/psoc creator/3.3/psoc creator/import/gnu/arm/4.9.3/bin/../lib/gcc/arm-none-eabi/4.9.3/../../../../arm-none-eabi/lib/armv7-m\libm.a(lib_a-s_fabs.o)
                0x000021dc                fabs
 .text.finite   0x000021e4        0xc c:/program files (x86)/cypress/psoc creator/3.3/psoc creator/import/gnu/arm/4.9.3/bin/../lib/gcc/arm-none-eabi/4.9.3/../../../../arm-none-eabi/lib/armv7-m\libm.a(lib_a-s_finite.o)
                0x000021e4                finite
 .text.__fpclassifyd
                0x000021f0       0x58 c:/program files (x86)/cypress/psoc creator/3.3/psoc creator/import/gnu/arm/4.9.3/bin/../lib/gcc/arm-none-eabi/4.9.3/../../../../arm-none-eabi/lib/armv7-m\libm.a(lib_a-s_fpclassify.o)
                0x000021f0                __fpclassifyd
 .text.matherr  0x00002248        0x4 c:/program files (x86)/cypress/psoc creator/3.3/psoc creator/import/gnu/arm/4.9.3/bin/../lib/gcc/arm-none-eabi/4.9.3/../../../../arm-none-eabi/lib/armv7-m\libm.a(lib_a-s_matherr.o)
                0x00002248                matherr
 .text.nan      0x0000224c        0xc c:/program files (x86)/cypress/psoc creator/3.3/psoc creator/import/gnu/arm/4.9.3/bin/../lib/gcc/arm-none-eabi/4.9.3/../../../../arm-none-eabi/lib/armv7-m\libm.a(lib_a-s_nan.o)
                0x0000224c                nan
 .text.rint     0x00002258      0x11c c:/program files (x86)/cypress/psoc creator/3.3/psoc creator/import/gnu/arm/4.9.3/bin/../lib/gcc/arm-none-eabi/4.9.3/../../../../arm-none-eabi/lib/armv7-m\libm.a(lib_a-s_rint.o)
                0x00002258                rint
 *fill*         0x00002374        0x4 
 .text.scalbn   0x00002378       0xf0 c:/program files (x86)/cypress/psoc creator/3.3/psoc creator/import/gnu/arm/4.9.3/bin/../lib/gcc/arm-none-eabi/4.9.3/../../../../arm-none-eabi/lib/armv7-m\libm.a(lib_a-s_scalbn.o)
                0x00002378                scalbn
 .text.copysign
                0x00002468       0x10 c:/program files (x86)/cypress/psoc creator/3.3/psoc creator/import/gnu/arm/4.9.3/bin/../lib/gcc/arm-none-eabi/4.9.3/../../../../arm-none-eabi/lib/armv7-m\libm.a(lib_a-s_copysign.o)
                0x00002468                copysign
 .text          0x00002478      0x370 c:/program files (x86)/cypress/psoc creator/3.3/psoc creator/import/gnu/arm/4.9.3/bin/../lib/gcc/arm-none-eabi/4.9.3/armv7-m\libgcc.a(_arm_addsubdf3.o)
                0x00002478                __aeabi_drsub
                0x00002480                __aeabi_dsub
                0x00002480                __subdf3
                0x00002484                __aeabi_dadd
                0x00002484                __adddf3
                0x000026fc                __floatunsidf
                0x000026fc                __aeabi_ui2d
                0x0000271c                __floatsidf
                0x0000271c                __aeabi_i2d
                0x00002740                __aeabi_f2d
                0x00002740                __extendsfdf2
                0x0000277c                __floatundidf
                0x0000277c                __aeabi_ul2d
                0x0000278c                __floatdidf
                0x0000278c                __aeabi_l2d
 .text          0x000027e8      0x424 c:/program files (x86)/cypress/psoc creator/3.3/psoc creator/import/gnu/arm/4.9.3/bin/../lib/gcc/arm-none-eabi/4.9.3/armv7-m\libgcc.a(_arm_muldivdf3.o)
                0x000027e8                __aeabi_dmul
                0x000027e8                __muldf3
                0x00002a3c                __divdf3
                0x00002a3c                __aeabi_ddiv
 .text          0x00002c0c      0x110 c:/program files (x86)/cypress/psoc creator/3.3/psoc creator/import/gnu/arm/4.9.3/bin/../lib/gcc/arm-none-eabi/4.9.3/armv7-m\libgcc.a(_arm_cmpdf2.o)
                0x00002c0c                __gtdf2
                0x00002c0c                __gedf2
                0x00002c14                __ltdf2
                0x00002c14                __ledf2
                0x00002c1c                __nedf2
                0x00002c1c                __eqdf2
                0x00002c1c                __cmpdf2
                0x00002c98                __aeabi_cdrcmple
                0x00002ca8                __aeabi_cdcmpeq
                0x00002ca8                __aeabi_cdcmple
                0x00002cb8                __aeabi_dcmpeq
                0x00002ccc                __aeabi_dcmplt
                0x00002ce0                __aeabi_dcmple
                0x00002cf4                __aeabi_dcmpge
                0x00002d08                __aeabi_dcmpgt
 .text          0x00002d1c       0x50 c:/program files (x86)/cypress/psoc creator/3.3/psoc creator/import/gnu/arm/4.9.3/bin/../lib/gcc/arm-none-eabi/4.9.3/armv7-m\libgcc.a(_arm_fixdfsi.o)
                0x00002d1c                __aeabi_d2iz
                0x00002d1c                __fixdfsi
 .text.__errno  0x00002d6c        0xc c:/program files (x86)/cypress/psoc creator/3.3/psoc creator/import/gnu/arm/4.9.3/bin/../lib/gcc/arm-none-eabi/4.9.3/../../../../arm-none-eabi/lib/armv7-m\libg_nano.a(lib_a-errno.o)
                0x00002d6c                __errno
 .text.__libc_init_array
                0x00002d78       0x4c c:/program files (x86)/cypress/psoc creator/3.3/psoc creator/import/gnu/arm/4.9.3/bin/../lib/gcc/arm-none-eabi/4.9.3/../../../../arm-none-eabi/lib/armv7-m\libg_nano.a(lib_a-init.o)
                0x00002d78                __libc_init_array
 .text.memcpy   0x00002dc4       0x16 c:/program files (x86)/cypress/psoc creator/3.3/psoc creator/import/gnu/arm/4.9.3/bin/../lib/gcc/arm-none-eabi/4.9.3/../../../../arm-none-eabi/lib/armv7-m\libg_nano.a(lib_a-memcpy.o)
                0x00002dc4                memcpy
 .text.memset   0x00002dda       0x10 c:/program files (x86)/cypress/psoc creator/3.3/psoc creator/import/gnu/arm/4.9.3/bin/../lib/gcc/arm-none-eabi/4.9.3/../../../../arm-none-eabi/lib/armv7-m\libg_nano.a(lib_a-memset.o)
                0x00002dda                memset
 *(.plt)
 *(.gnu.warning)
 *(.glue_7t)
 .glue_7t       0x00000000        0x0 linker stubs
 *(.glue_7)
 .glue_7        0x00000000        0x0 linker stubs
 *(.vfp11_veneer)
 .vfp11_veneer  0x00000000        0x0 linker stubs
 *(.bootloader)
 *(.ARM.extab* .gnu.linkonce.armextab.*)
 *(.gcc_except_table)

.v4_bx          0x00002dec        0x0
 .v4_bx         0x00000000        0x0 linker stubs

.iplt           0x00002dec        0x0
 .iplt          0x00000000        0x0 c:/program files (x86)/cypress/psoc creator/3.3/psoc creator/import/gnu/arm/4.9.3/bin/../lib/gcc/arm-none-eabi/4.9.3/armv7-m/crtbegin.o

.eh_frame_hdr
 *(.eh_frame_hdr)

.eh_frame       0x00002dec        0x4
 *(.eh_frame)
 .eh_frame      0x00002dec        0x0 c:/program files (x86)/cypress/psoc creator/3.3/psoc creator/import/gnu/arm/4.9.3/bin/../lib/gcc/arm-none-eabi/4.9.3/armv7-m/crtbegin.o
 .eh_frame      0x00002dec        0x4 c:/program files (x86)/cypress/psoc creator/3.3/psoc creator/import/gnu/arm/4.9.3/bin/../lib/gcc/arm-none-eabi/4.9.3/armv7-m/crtend.o
                0x00002df0                PROVIDE (__exidx_start, .)

.ARM.exidx
 *(.ARM.exidx* .gnu.linkonce.armexidx.*)
                0x00002df0                __exidx_end = .

.rodata         0x00002df0       0xc0
 *(.rodata .rodata.* .gnu.linkonce.r.*)
 .rodata        0x00002df0       0x3c .\CortexM3\ARM_GCC_493\Debug\Dual-PSoC-DCO.a(cyfitter_cfg.o)
                0x00002df0                ADC_DelSig_1_AMux__addrTable
                0x00002df8                ADC_DelSig_1_AMux__maskTable
 .rodata.str1.4
                0x00002e2c        0x4 c:/program files (x86)/cypress/psoc creator/3.3/psoc creator/import/gnu/arm/4.9.3/bin/../lib/gcc/arm-none-eabi/4.9.3/../../../../arm-none-eabi/lib/armv7-m\libm.a(lib_a-w_pow.o)
 .rodata.dp_h   0x00002e30       0x10 c:/program files (x86)/cypress/psoc creator/3.3/psoc creator/import/gnu/arm/4.9.3/bin/../lib/gcc/arm-none-eabi/4.9.3/../../../../arm-none-eabi/lib/armv7-m\libm.a(lib_a-e_pow.o)
 .rodata.dp_l   0x00002e40       0x10 c:/program files (x86)/cypress/psoc creator/3.3/psoc creator/import/gnu/arm/4.9.3/bin/../lib/gcc/arm-none-eabi/4.9.3/../../../../arm-none-eabi/lib/armv7-m\libm.a(lib_a-e_pow.o)
 .rodata.bp     0x00002e50       0x10 c:/program files (x86)/cypress/psoc creator/3.3/psoc creator/import/gnu/arm/4.9.3/bin/../lib/gcc/arm-none-eabi/4.9.3/../../../../arm-none-eabi/lib/armv7-m\libm.a(lib_a-e_pow.o)
 .rodata.str1.4
                0x00002e60        0x4 c:/program files (x86)/cypress/psoc creator/3.3/psoc creator/import/gnu/arm/4.9.3/bin/../lib/gcc/arm-none-eabi/4.9.3/../../../../arm-none-eabi/lib/armv7-m\libm.a(lib_a-e_pow.o)
 *fill*         0x00002e64        0x4 
 .rodata.TWO52  0x00002e68       0x10 c:/program files (x86)/cypress/psoc creator/3.3/psoc creator/import/gnu/arm/4.9.3/bin/../lib/gcc/arm-none-eabi/4.9.3/../../../../arm-none-eabi/lib/armv7-m\libm.a(lib_a-s_rint.o)
 .rodata.str1.1
                0x00002e78        0x2 c:/program files (x86)/cypress/psoc creator/3.3/psoc creator/import/gnu/arm/4.9.3/bin/../lib/gcc/arm-none-eabi/4.9.3/../../../../arm-none-eabi/lib/armv7-m\libg_nano.a(lib_a-impure.o)
                0x00002e7c                . = ALIGN (0x4)
 *fill*         0x00002e7a        0x2 
 *(.init)
 .init          0x00002e7c        0x4 c:/program files (x86)/cypress/psoc creator/3.3/psoc creator/import/gnu/arm/4.9.3/bin/../lib/gcc/arm-none-eabi/4.9.3/armv7-m/crti.o
                0x00002e7c                _init
 .init          0x00002e80        0x8 c:/program files (x86)/cypress/psoc creator/3.3/psoc creator/import/gnu/arm/4.9.3/bin/../lib/gcc/arm-none-eabi/4.9.3/armv7-m/crtn.o
                0x00002e88                . = ALIGN (0x4)
                0x00002e88                __preinit_array_start = .
 *(.preinit_array)
                0x00002e88                __preinit_array_end = .
                0x00002e88                . = ALIGN (0x4)
                0x00002e88                __init_array_start = .
 *(SORT(.init_array.*))
 *(.init_array)
 .init_array    0x00002e88        0x4 c:/program files (x86)/cypress/psoc creator/3.3/psoc creator/import/gnu/arm/4.9.3/bin/../lib/gcc/arm-none-eabi/4.9.3/armv7-m/crtbegin.o
 .init_array    0x00002e8c        0x4 .\CortexM3\ARM_GCC_493\Debug\Cm3Start.o
                0x00002e90                __init_array_end = .
                0x00002e90                . = ALIGN (0x4)
 *(.fini)
 .fini          0x00002e90        0x4 c:/program files (x86)/cypress/psoc creator/3.3/psoc creator/import/gnu/arm/4.9.3/bin/../lib/gcc/arm-none-eabi/4.9.3/armv7-m/crti.o
                0x00002e90                _fini
 .fini          0x00002e94        0x8 c:/program files (x86)/cypress/psoc creator/3.3/psoc creator/import/gnu/arm/4.9.3/bin/../lib/gcc/arm-none-eabi/4.9.3/armv7-m/crtn.o
                0x00002e9c                . = ALIGN (0x4)
                0x00002e9c                __fini_array_start = .
 *(.fini_array)
 .fini_array    0x00002e9c        0x4 c:/program files (x86)/cypress/psoc creator/3.3/psoc creator/import/gnu/arm/4.9.3/bin/../lib/gcc/arm-none-eabi/4.9.3/armv7-m/crtbegin.o
 *(SORT(.fini_array.*))
                0x00002ea0                __fini_array_end = .
                0x00002ea0                . = ALIGN (0x4)
 *crtbegin.o(.ctors)
 *(EXCLUDE_FILE(*crtend.o) .ctors)
 *(SORT(.ctors.*))
 *crtend.o(.ctors)
                0x00002ea0                . = ALIGN (0x4)
 *crtbegin.o(.dtors)
 *(EXCLUDE_FILE(*crtend.o) .dtors)
 *(SORT(.dtors.*))
 *crtend.o(.dtors)
                0x00002ea0                . = ALIGN (0x4)
                0x00002ea0                __cy_regions = .
                0x00002ea0        0x4 LONG 0x2eb0 __cy_region_init_ram
                0x00002ea4        0x4 LONG 0x1fff8108 __cy_region_start_data
                0x00002ea8        0x4 LONG 0x88 __cy_region_init_size_ram
                0x00002eac        0x4 LONG 0x38 __cy_region_zero_size_ram
                0x00002eb0                __cy_regions_end = .
                0x00002eb0                . = ALIGN (0x8)
                0x00002eb0                _etext = .

.cy_checksum_exclude
                0x00002eb0        0x0
 *(.cy_checksum_exclude)

.ramvectors     0x1fff8000      0x100
                0x1fff8000                __cy_region_start_ram = .
 *(.ramvectors)
 .ramvectors    0x1fff8000      0x100 .\CortexM3\ARM_GCC_493\Debug\Cm3Start.o
                0x1fff8000                CyRamVectors

.noinit         0x1fff8100        0x5
 *(.noinit)
 .noinit        0x1fff8100        0x4 .\CortexM3\ARM_GCC_493\Debug\Cm3Start.o
 .noinit        0x1fff8104        0x1 .\CortexM3\ARM_GCC_493\Debug\Dual-PSoC-DCO.a(CyLib.o)
                0x1fff8104                CyResetStatus

.data           0x1fff8108       0x88 load address 0x00002eb0
                0x1fff8108                __cy_region_start_data = .
 *(.jcr)
 .jcr           0x1fff8108        0x0 c:/program files (x86)/cypress/psoc creator/3.3/psoc creator/import/gnu/arm/4.9.3/bin/../lib/gcc/arm-none-eabi/4.9.3/armv7-m/crtbegin.o
 .jcr           0x1fff8108        0x4 c:/program files (x86)/cypress/psoc creator/3.3/psoc creator/import/gnu/arm/4.9.3/bin/../lib/gcc/arm-none-eabi/4.9.3/armv7-m/crtend.o
 *(.got.plt)
 *(.got)
 *(.shdata)
 *(.data .data.* .gnu.linkonce.d.*)
 .data          0x1fff810c        0x8 .\CortexM3\ARM_GCC_493\Debug\Dual-PSoC-DCO.a(CyDmac.o)
 .data          0x1fff8114       0x10 .\CortexM3\ARM_GCC_493\Debug\Dual-PSoC-DCO.a(CyLib.o)
                0x1fff8114                cydelay_32k_ms
                0x1fff8118                cydelay_freq_khz
                0x1fff811c                cydelay_freq_mhz
                0x1fff8120                cydelay_freq_hz
 .data          0x1fff8124        0x1 .\CortexM3\ARM_GCC_493\Debug\Dual-PSoC-DCO.a(ADC_DelSig_1.o)
                0x1fff8124                ADC_DelSig_1_Config
 .data          0x1fff8125        0x1 .\CortexM3\ARM_GCC_493\Debug\Dual-PSoC-DCO.a(ADC_DelSig_1_AMux.o)
 .data.__fdlib_version
                0x1fff8126        0x1 c:/program files (x86)/cypress/psoc creator/3.3/psoc creator/import/gnu/arm/4.9.3/bin/../lib/gcc/arm-none-eabi/4.9.3/../../../../arm-none-eabi/lib/armv7-m\libm.a(lib_a-s_lib_ver.o)
                0x1fff8126                __fdlib_version
 *fill*         0x1fff8127        0x1 
 .data.impure_data
                0x1fff8128       0x60 c:/program files (x86)/cypress/psoc creator/3.3/psoc creator/import/gnu/arm/4.9.3/bin/../lib/gcc/arm-none-eabi/4.9.3/../../../../arm-none-eabi/lib/armv7-m\libg_nano.a(lib_a-impure.o)
 .data._impure_ptr
                0x1fff8188        0x4 c:/program files (x86)/cypress/psoc creator/3.3/psoc creator/import/gnu/arm/4.9.3/bin/../lib/gcc/arm-none-eabi/4.9.3/../../../../arm-none-eabi/lib/armv7-m\libg_nano.a(lib_a-impure.o)
                0x1fff8188                _impure_ptr
                0x1fff8190                . = ALIGN (0x8)
 *fill*         0x1fff818c        0x4 
 *(.ram)
                0x1fff8190                _edata = .

.igot.plt       0x1fff8190        0x0 load address 0x00002f38
 .igot.plt      0x00000000        0x0 c:/program files (x86)/cypress/psoc creator/3.3/psoc creator/import/gnu/arm/4.9.3/bin/../lib/gcc/arm-none-eabi/4.9.3/armv7-m/crtbegin.o

.bss            0x1fff8190       0x38 load address 0x00002f38
                0x1fff8190                PROVIDE (__bss_start__, .)
 *(.shbss)
 *(.bss .bss.* .gnu.linkonce.b.*)
 .bss           0x1fff8190       0x1c c:/program files (x86)/cypress/psoc creator/3.3/psoc creator/import/gnu/arm/4.9.3/bin/../lib/gcc/arm-none-eabi/4.9.3/armv7-m/crtbegin.o
 .bss           0x1fff81ac        0x8 .\CortexM3\ARM_GCC_493\Debug\Dual-PSoC-DCO.a(ADC_DelSig_1.o)
                0x1fff81b0                ADC_DelSig_1_stopConversion
                0x1fff81b1                ADC_DelSig_1_convDone
                0x1fff81b2                ADC_DelSig_1_initVar
                0x1fff81b3                ADC_DelSig_1_started
 .bss           0x1fff81b4        0x1 .\CortexM3\ARM_GCC_493\Debug\Dual-PSoC-DCO.a(OSC1_IDAC8.o)
                0x1fff81b4                OSC1_IDAC8_initVar
 .bss           0x1fff81b5        0x1 .\CortexM3\ARM_GCC_493\Debug\Dual-PSoC-DCO.a(OSC1_Freq_Timer.o)
                0x1fff81b5                OSC1_Freq_Timer_initVar
 .bss           0x1fff81b6        0x1 .\CortexM3\ARM_GCC_493\Debug\Dual-PSoC-DCO.a(OSC1_Comp.o)
                0x1fff81b6                OSC1_Comp_initVar
 .bss           0x1fff81b7        0x1 .\CortexM3\ARM_GCC_493\Debug\Dual-PSoC-DCO.a(OSC1_IDAC8_SAW.o)
                0x1fff81b7                OSC1_IDAC8_SAW_initVar
 .bss           0x1fff81b8        0x1 .\CortexM3\ARM_GCC_493\Debug\Dual-PSoC-DCO.a(OSC1_Triangle_Follower.o)
                0x1fff81b8                OSC1_Triangle_Follower_initVar
 .bss           0x1fff81b9        0x1 .\CortexM3\ARM_GCC_493\Debug\Dual-PSoC-DCO.a(OSC1_Saw_Follower.o)
                0x1fff81b9                OSC1_Saw_Follower_initVar
 *(COMMON)
 *fill*         0x1fff81ba        0x2 
 COMMON         0x1fff81bc        0x4 .\CortexM3\ARM_GCC_493\Debug\main.o
                0x1fff81bc                dac_value
 COMMON         0x1fff81c0        0x8 .\CortexM3\ARM_GCC_493\Debug\Dual-PSoC-DCO.a(ADC_DelSig_1.o)
                0x1fff81c0                ADC_DelSig_1_CountsPerVolt
                0x1fff81c4                ADC_DelSig_1_Offset
                0x1fff81c8                . = ALIGN (0x8)
 *(.ram.b)
                0x1fff81c8                _end = .
                0x1fff81c8                __end = .
                0x1fff81c8                PROVIDE (end, .)
                0x1fff81c8                PROVIDE (__bss_end__, .)
                0x00002eb0                __cy_region_init_ram = LOADADDR (.data)
                0x00000088                __cy_region_init_size_ram = (_edata - ADDR (.data))
                0x00000038                __cy_region_zero_size_ram = (_end - _edata)

.heap           0x1fff81c8       0x80 load address 0x00002f38
                0x1fff81c8                . = _end
                0x1fff8248                . = (. + 0x80)
 *fill*         0x1fff81c8       0x80 
                0x1fff8248                __cy_heap_limit = .

.stack          0x20007800      0x800
                0x20007800                __cy_stack_limit = .
                0x20008000                . = (. + 0x800)
 *fill*         0x20007800      0x800 
                0x00000001                ASSERT ((__cy_stack_limit >= __cy_heap_limit), region RAM overflowed with stack)
                0x00000000                cy_checksum_exclude_size = (CY_APPL_LOADABLE == 0x1)?SIZEOF (.cy_checksum_exclude):0x0
                0x00000001                ASSERT ((cy_checksum_exclude_size <= CY_CHECKSUM_EXCLUDE_SIZE), CY_BOOT: Section .cy_checksum_exclude size exceedes specified limit.)

.cyloadermeta
 *(.cyloadermeta)

.cyloadablemeta
 *(.cyloadablemeta)

.cyconfigecc    0x80000000      0xd94
 *(.cyconfigecc)
 .cyconfigecc   0x80000000      0xd94 .\CortexM3\ARM_GCC_493\Debug\cymetadata.o
                0x80000000                cy_meta_configecc

.cycustnvl      0x90000000        0x4
 *(.cycustnvl)
 .cycustnvl     0x90000000        0x4 .\CortexM3\ARM_GCC_493\Debug\cymetadata.o
                0x90000000                cy_meta_custnvl

.cywolatch      0x90100000        0x4
 *(.cywolatch)
 .cywolatch     0x90100000        0x4 .\CortexM3\ARM_GCC_493\Debug\cymetadata.o
                0x90100000                cy_meta_wonvl

.cyeeprom       0x90200000        0x0
 *(.cyeeprom)
                0x00000001                ASSERT ((. <= ((0x90200000 + ee_offset) + ee_size)), .cyeeprom data will not fit in EEPROM)

.cyflashprotect
                0x90400000      0x100
 *(.cyflashprotect)
 .cyflashprotect
                0x90400000      0x100 .\CortexM3\ARM_GCC_493\Debug\cymetadata.o
                0x90400000                cy_meta_flashprotect

.cymeta         0x90500000        0xc
 *(.cymeta)
 .cymeta        0x90500000        0xc .\CortexM3\ARM_GCC_493\Debug\cymetadata.o
                0x90500000                cy_metadata

.rel.dyn        0x00002f38        0x0 load address 0x9050000c
 .rel.iplt      0x00000000        0x0 c:/program files (x86)/cypress/psoc creator/3.3/psoc creator/import/gnu/arm/4.9.3/bin/../lib/gcc/arm-none-eabi/4.9.3/armv7-m/crtbegin.o

.stab
 *(.stab)

.stabstr
 *(.stabstr)

.debug
 *(.debug)

.line
 *(.line)

.debug_srcinfo
 *(.debug_srcinfo)

.debug_sfnames
 *(.debug_sfnames)

.debug_aranges  0x00000000      0xb20
 *(.debug_aranges)
 .debug_aranges
                0x00000000       0x20 .\CortexM3\ARM_GCC_493\Debug\main.o
 .debug_aranges
                0x00000020       0x18 .\CortexM3\ARM_GCC_493\Debug\cymetadata.o
 .debug_aranges
                0x00000038       0x48 .\CortexM3\ARM_GCC_493\Debug\Cm3Start.o
 .debug_aranges
                0x00000080       0x68 .\CortexM3\ARM_GCC_493\Debug\Dual-PSoC-DCO.a(cyfitter_cfg.o)
 .debug_aranges
                0x000000e8       0x20 .\CortexM3\ARM_GCC_493\Debug\Dual-PSoC-DCO.a(CyBootAsmGnu.o)
 .debug_aranges
                0x00000108       0xd8 .\CortexM3\ARM_GCC_493\Debug\Dual-PSoC-DCO.a(CyDmac.o)
 .debug_aranges
                0x000001e0      0x298 .\CortexM3\ARM_GCC_493\Debug\Dual-PSoC-DCO.a(CyLib.o)
 .debug_aranges
                0x00000478       0x98 .\CortexM3\ARM_GCC_493\Debug\Dual-PSoC-DCO.a(cyPm.o)
 .debug_aranges
                0x00000510       0xe8 .\CortexM3\ARM_GCC_493\Debug\Dual-PSoC-DCO.a(ADC_DelSig_1.o)
 .debug_aranges
                0x000005f8       0x38 .\CortexM3\ARM_GCC_493\Debug\Dual-PSoC-DCO.a(ADC_DelSig_1_INT.o)
 .debug_aranges
                0x00000630       0x30 .\CortexM3\ARM_GCC_493\Debug\Dual-PSoC-DCO.a(ADC_DelSig_1_AMux.o)
 .debug_aranges
                0x00000660       0x70 .\CortexM3\ARM_GCC_493\Debug\Dual-PSoC-DCO.a(ADC_DelSig_1_Ext_CP_Clk.o)
 .debug_aranges
                0x000006d0       0x80 .\CortexM3\ARM_GCC_493\Debug\Dual-PSoC-DCO.a(ADC_DelSig_1_theACLK.o)
 .debug_aranges
                0x00000750       0x58 .\CortexM3\ARM_GCC_493\Debug\Dual-PSoC-DCO.a(OSC1_IDAC8.o)
 .debug_aranges
                0x000007a8       0x90 .\CortexM3\ARM_GCC_493\Debug\Dual-PSoC-DCO.a(OSC1_Freq_Timer.o)
 .debug_aranges
                0x00000838       0x70 .\CortexM3\ARM_GCC_493\Debug\Dual-PSoC-DCO.a(OSC1_Comp.o)
 .debug_aranges
                0x000008a8       0x58 .\CortexM3\ARM_GCC_493\Debug\Dual-PSoC-DCO.a(OSC1_IDAC8_SAW.o)
 .debug_aranges
                0x00000900       0x70 .\CortexM3\ARM_GCC_493\Debug\Dual-PSoC-DCO.a(Clock_1.o)
 .debug_aranges
                0x00000970       0x40 .\CortexM3\ARM_GCC_493\Debug\Dual-PSoC-DCO.a(OSC1_Triangle_Follower.o)
 .debug_aranges
                0x000009b0       0x40 .\CortexM3\ARM_GCC_493\Debug\Dual-PSoC-DCO.a(OSC1_Saw_Follower.o)
 .debug_aranges
                0x000009f0       0x38 .\CortexM3\ARM_GCC_493\Debug\Dual-PSoC-DCO.a(test_pin.o)
 .debug_aranges
                0x00000a28       0x80 .\CortexM3\ARM_GCC_493\Debug\Dual-PSoC-DCO.a(CyFlash.o)
 .debug_aranges
                0x00000aa8       0x78 .\CortexM3\ARM_GCC_493\Debug\Dual-PSoC-DCO.a(CySpc.o)

.debug_pubnames
 *(.debug_pubnames)

.debug_info     0x00000000     0x6477
 *(.debug_info .gnu.linkonce.wi.*)
 .debug_info    0x00000000      0x3c1 .\CortexM3\ARM_GCC_493\Debug\main.o
 .debug_info    0x000003c1      0x13f .\CortexM3\ARM_GCC_493\Debug\cymetadata.o
 .debug_info    0x00000500      0x3b5 .\CortexM3\ARM_GCC_493\Debug\Cm3Start.o
 .debug_info    0x000008b5      0x78f .\CortexM3\ARM_GCC_493\Debug\Dual-PSoC-DCO.a(cyfitter_cfg.o)
 .debug_info    0x00001044       0x9c .\CortexM3\ARM_GCC_493\Debug\Dual-PSoC-DCO.a(CyBootAsmGnu.o)
 .debug_info    0x000010e0      0x944 .\CortexM3\ARM_GCC_493\Debug\Dual-PSoC-DCO.a(CyDmac.o)
 .debug_info    0x00001a24     0x1371 .\CortexM3\ARM_GCC_493\Debug\Dual-PSoC-DCO.a(CyLib.o)
 .debug_info    0x00002d95      0xa58 .\CortexM3\ARM_GCC_493\Debug\Dual-PSoC-DCO.a(cyPm.o)
 .debug_info    0x000037ed      0xa74 .\CortexM3\ARM_GCC_493\Debug\Dual-PSoC-DCO.a(ADC_DelSig_1.o)
 .debug_info    0x00004261       0xcc .\CortexM3\ARM_GCC_493\Debug\Dual-PSoC-DCO.a(ADC_DelSig_1_INT.o)
 .debug_info    0x0000432d      0x16d .\CortexM3\ARM_GCC_493\Debug\Dual-PSoC-DCO.a(ADC_DelSig_1_AMux.o)
 .debug_info    0x0000449a      0x283 .\CortexM3\ARM_GCC_493\Debug\Dual-PSoC-DCO.a(ADC_DelSig_1_Ext_CP_Clk.o)
 .debug_info    0x0000471d      0x2c4 .\CortexM3\ARM_GCC_493\Debug\Dual-PSoC-DCO.a(ADC_DelSig_1_theACLK.o)
 .debug_info    0x000049e1      0x1dc .\CortexM3\ARM_GCC_493\Debug\Dual-PSoC-DCO.a(OSC1_IDAC8.o)
 .debug_info    0x00004bbd      0x2eb .\CortexM3\ARM_GCC_493\Debug\Dual-PSoC-DCO.a(OSC1_Freq_Timer.o)
 .debug_info    0x00004ea8      0x2c3 .\CortexM3\ARM_GCC_493\Debug\Dual-PSoC-DCO.a(OSC1_Comp.o)
 .debug_info    0x0000516b      0x1dc .\CortexM3\ARM_GCC_493\Debug\Dual-PSoC-DCO.a(OSC1_IDAC8_SAW.o)
 .debug_info    0x00005347      0x283 .\CortexM3\ARM_GCC_493\Debug\Dual-PSoC-DCO.a(Clock_1.o)
 .debug_info    0x000055ca      0x14a .\CortexM3\ARM_GCC_493\Debug\Dual-PSoC-DCO.a(OSC1_Triangle_Follower.o)
 .debug_info    0x00005714      0x14a .\CortexM3\ARM_GCC_493\Debug\Dual-PSoC-DCO.a(OSC1_Saw_Follower.o)
 .debug_info    0x0000585e      0x11f .\CortexM3\ARM_GCC_493\Debug\Dual-PSoC-DCO.a(test_pin.o)
 .debug_info    0x0000597d      0x60a .\CortexM3\ARM_GCC_493\Debug\Dual-PSoC-DCO.a(CyFlash.o)
 .debug_info    0x00005f87      0x4f0 .\CortexM3\ARM_GCC_493\Debug\Dual-PSoC-DCO.a(CySpc.o)

.debug_abbrev   0x00000000     0x1d67
 *(.debug_abbrev)
 .debug_abbrev  0x00000000      0x127 .\CortexM3\ARM_GCC_493\Debug\main.o
 .debug_abbrev  0x00000127       0x77 .\CortexM3\ARM_GCC_493\Debug\cymetadata.o
 .debug_abbrev  0x0000019e      0x20f .\CortexM3\ARM_GCC_493\Debug\Cm3Start.o
 .debug_abbrev  0x000003ad      0x22e .\CortexM3\ARM_GCC_493\Debug\Dual-PSoC-DCO.a(cyfitter_cfg.o)
 .debug_abbrev  0x000005db       0x14 .\CortexM3\ARM_GCC_493\Debug\Dual-PSoC-DCO.a(CyBootAsmGnu.o)
 .debug_abbrev  0x000005ef      0x1cc .\CortexM3\ARM_GCC_493\Debug\Dual-PSoC-DCO.a(CyDmac.o)
 .debug_abbrev  0x000007bb      0x296 .\CortexM3\ARM_GCC_493\Debug\Dual-PSoC-DCO.a(CyLib.o)
 .debug_abbrev  0x00000a51      0x1ed .\CortexM3\ARM_GCC_493\Debug\Dual-PSoC-DCO.a(cyPm.o)
 .debug_abbrev  0x00000c3e      0x23d .\CortexM3\ARM_GCC_493\Debug\Dual-PSoC-DCO.a(ADC_DelSig_1.o)
 .debug_abbrev  0x00000e7b       0x42 .\CortexM3\ARM_GCC_493\Debug\Dual-PSoC-DCO.a(ADC_DelSig_1_INT.o)
 .debug_abbrev  0x00000ebd       0xcb .\CortexM3\ARM_GCC_493\Debug\Dual-PSoC-DCO.a(ADC_DelSig_1_AMux.o)
 .debug_abbrev  0x00000f88      0x139 .\CortexM3\ARM_GCC_493\Debug\Dual-PSoC-DCO.a(ADC_DelSig_1_Ext_CP_Clk.o)
 .debug_abbrev  0x000010c1      0x121 .\CortexM3\ARM_GCC_493\Debug\Dual-PSoC-DCO.a(ADC_DelSig_1_theACLK.o)
 .debug_abbrev  0x000011e2      0x106 .\CortexM3\ARM_GCC_493\Debug\Dual-PSoC-DCO.a(OSC1_IDAC8.o)
 .debug_abbrev  0x000012e8      0x145 .\CortexM3\ARM_GCC_493\Debug\Dual-PSoC-DCO.a(OSC1_Freq_Timer.o)
 .debug_abbrev  0x0000142d      0x175 .\CortexM3\ARM_GCC_493\Debug\Dual-PSoC-DCO.a(OSC1_Comp.o)
 .debug_abbrev  0x000015a2      0x106 .\CortexM3\ARM_GCC_493\Debug\Dual-PSoC-DCO.a(OSC1_IDAC8_SAW.o)
 .debug_abbrev  0x000016a8      0x139 .\CortexM3\ARM_GCC_493\Debug\Dual-PSoC-DCO.a(Clock_1.o)
 .debug_abbrev  0x000017e1       0xb2 .\CortexM3\ARM_GCC_493\Debug\Dual-PSoC-DCO.a(OSC1_Triangle_Follower.o)
 .debug_abbrev  0x00001893       0xb2 .\CortexM3\ARM_GCC_493\Debug\Dual-PSoC-DCO.a(OSC1_Saw_Follower.o)
 .debug_abbrev  0x00001945       0x90 .\CortexM3\ARM_GCC_493\Debug\Dual-PSoC-DCO.a(test_pin.o)
 .debug_abbrev  0x000019d5      0x1d1 .\CortexM3\ARM_GCC_493\Debug\Dual-PSoC-DCO.a(CyFlash.o)
 .debug_abbrev  0x00001ba6      0x1c1 .\CortexM3\ARM_GCC_493\Debug\Dual-PSoC-DCO.a(CySpc.o)

.debug_line     0x00000000     0x2aa3
 *(.debug_line)
 .debug_line    0x00000000      0x241 .\CortexM3\ARM_GCC_493\Debug\main.o
 .debug_line    0x00000241       0x53 .\CortexM3\ARM_GCC_493\Debug\cymetadata.o
 .debug_line    0x00000294      0x254 .\CortexM3\ARM_GCC_493\Debug\Cm3Start.o
 .debug_line    0x000004e8      0x25f .\CortexM3\ARM_GCC_493\Debug\Dual-PSoC-DCO.a(cyfitter_cfg.o)
 .debug_line    0x00000747       0x68 .\CortexM3\ARM_GCC_493\Debug\Dual-PSoC-DCO.a(CyBootAsmGnu.o)
 .debug_line    0x000007af      0x2e5 .\CortexM3\ARM_GCC_493\Debug\Dual-PSoC-DCO.a(CyDmac.o)
 .debug_line    0x00000a94      0x806 .\CortexM3\ARM_GCC_493\Debug\Dual-PSoC-DCO.a(CyLib.o)
 .debug_line    0x0000129a      0x366 .\CortexM3\ARM_GCC_493\Debug\Dual-PSoC-DCO.a(cyPm.o)
 .debug_line    0x00001600      0x37e .\CortexM3\ARM_GCC_493\Debug\Dual-PSoC-DCO.a(ADC_DelSig_1.o)
 .debug_line    0x0000197e       0x8b .\CortexM3\ARM_GCC_493\Debug\Dual-PSoC-DCO.a(ADC_DelSig_1_INT.o)
 .debug_line    0x00001a09       0xb7 .\CortexM3\ARM_GCC_493\Debug\Dual-PSoC-DCO.a(ADC_DelSig_1_AMux.o)
 .debug_line    0x00001ac0      0x19f .\CortexM3\ARM_GCC_493\Debug\Dual-PSoC-DCO.a(ADC_DelSig_1_Ext_CP_Clk.o)
 .debug_line    0x00001c5f      0x1bf .\CortexM3\ARM_GCC_493\Debug\Dual-PSoC-DCO.a(ADC_DelSig_1_theACLK.o)
 .debug_line    0x00001e1e       0xed .\CortexM3\ARM_GCC_493\Debug\Dual-PSoC-DCO.a(OSC1_IDAC8.o)
 .debug_line    0x00001f0b      0x17c .\CortexM3\ARM_GCC_493\Debug\Dual-PSoC-DCO.a(OSC1_Freq_Timer.o)
 .debug_line    0x00002087      0x16a .\CortexM3\ARM_GCC_493\Debug\Dual-PSoC-DCO.a(OSC1_Comp.o)
 .debug_line    0x000021f1       0xf1 .\CortexM3\ARM_GCC_493\Debug\Dual-PSoC-DCO.a(OSC1_IDAC8_SAW.o)
 .debug_line    0x000022e2      0x18f .\CortexM3\ARM_GCC_493\Debug\Dual-PSoC-DCO.a(Clock_1.o)
 .debug_line    0x00002471       0xbb .\CortexM3\ARM_GCC_493\Debug\Dual-PSoC-DCO.a(OSC1_Triangle_Follower.o)
 .debug_line    0x0000252c       0xb6 .\CortexM3\ARM_GCC_493\Debug\Dual-PSoC-DCO.a(OSC1_Saw_Follower.o)
 .debug_line    0x000025e2       0x97 .\CortexM3\ARM_GCC_493\Debug\Dual-PSoC-DCO.a(test_pin.o)
 .debug_line    0x00002679      0x1ec .\CortexM3\ARM_GCC_493\Debug\Dual-PSoC-DCO.a(CyFlash.o)
 .debug_line    0x00002865      0x23e .\CortexM3\ARM_GCC_493\Debug\Dual-PSoC-DCO.a(CySpc.o)

.debug_frame    0x00000000     0x1d78
 *(.debug_frame)
 .debug_frame   0x00000000       0x30 .\CortexM3\ARM_GCC_493\Debug\main.o
 .debug_frame   0x00000030       0xac .\CortexM3\ARM_GCC_493\Debug\Cm3Start.o
 .debug_frame   0x000000dc      0x118 .\CortexM3\ARM_GCC_493\Debug\Dual-PSoC-DCO.a(cyfitter_cfg.o)
 .debug_frame   0x000001f4      0x1f4 .\CortexM3\ARM_GCC_493\Debug\Dual-PSoC-DCO.a(CyDmac.o)
 .debug_frame   0x000003e8      0x728 .\CortexM3\ARM_GCC_493\Debug\Dual-PSoC-DCO.a(CyLib.o)
 .debug_frame   0x00000b10      0x1f8 .\CortexM3\ARM_GCC_493\Debug\Dual-PSoC-DCO.a(cyPm.o)
 .debug_frame   0x00000d08      0x280 .\CortexM3\ARM_GCC_493\Debug\Dual-PSoC-DCO.a(ADC_DelSig_1.o)
 .debug_frame   0x00000f88       0x50 .\CortexM3\ARM_GCC_493\Debug\Dual-PSoC-DCO.a(ADC_DelSig_1_INT.o)
 .debug_frame   0x00000fd8       0x64 .\CortexM3\ARM_GCC_493\Debug\Dual-PSoC-DCO.a(ADC_DelSig_1_AMux.o)
 .debug_frame   0x0000103c       0xe0 .\CortexM3\ARM_GCC_493\Debug\Dual-PSoC-DCO.a(ADC_DelSig_1_Ext_CP_Clk.o)
 .debug_frame   0x0000111c      0x100 .\CortexM3\ARM_GCC_493\Debug\Dual-PSoC-DCO.a(ADC_DelSig_1_theACLK.o)
 .debug_frame   0x0000121c       0xb4 .\CortexM3\ARM_GCC_493\Debug\Dual-PSoC-DCO.a(OSC1_IDAC8.o)
 .debug_frame   0x000012d0      0x124 .\CortexM3\ARM_GCC_493\Debug\Dual-PSoC-DCO.a(OSC1_Freq_Timer.o)
 .debug_frame   0x000013f4      0x108 .\CortexM3\ARM_GCC_493\Debug\Dual-PSoC-DCO.a(OSC1_Comp.o)
 .debug_frame   0x000014fc       0xb4 .\CortexM3\ARM_GCC_493\Debug\Dual-PSoC-DCO.a(OSC1_IDAC8_SAW.o)
 .debug_frame   0x000015b0       0xe0 .\CortexM3\ARM_GCC_493\Debug\Dual-PSoC-DCO.a(Clock_1.o)
 .debug_frame   0x00001690       0x78 .\CortexM3\ARM_GCC_493\Debug\Dual-PSoC-DCO.a(OSC1_Triangle_Follower.o)
 .debug_frame   0x00001708       0x78 .\CortexM3\ARM_GCC_493\Debug\Dual-PSoC-DCO.a(OSC1_Saw_Follower.o)
 .debug_frame   0x00001780       0x50 .\CortexM3\ARM_GCC_493\Debug\Dual-PSoC-DCO.a(test_pin.o)
 .debug_frame   0x000017d0      0x174 .\CortexM3\ARM_GCC_493\Debug\Dual-PSoC-DCO.a(CyFlash.o)
 .debug_frame   0x00001944      0x160 .\CortexM3\ARM_GCC_493\Debug\Dual-PSoC-DCO.a(CySpc.o)
 .debug_frame   0x00001aa4       0x44 c:/program files (x86)/cypress/psoc creator/3.3/psoc creator/import/gnu/arm/4.9.3/bin/../lib/gcc/arm-none-eabi/4.9.3/../../../../arm-none-eabi/lib/armv7-m\libm.a(lib_a-w_pow.o)
 .debug_frame   0x00001ae8       0x64 c:/program files (x86)/cypress/psoc creator/3.3/psoc creator/import/gnu/arm/4.9.3/bin/../lib/gcc/arm-none-eabi/4.9.3/../../../../arm-none-eabi/lib/armv7-m\libm.a(lib_a-e_pow.o)
 .debug_frame   0x00001b4c       0x30 c:/program files (x86)/cypress/psoc creator/3.3/psoc creator/import/gnu/arm/4.9.3/bin/../lib/gcc/arm-none-eabi/4.9.3/../../../../arm-none-eabi/lib/armv7-m\libm.a(lib_a-e_sqrt.o)
 .debug_frame   0x00001b7c       0x20 c:/program files (x86)/cypress/psoc creator/3.3/psoc creator/import/gnu/arm/4.9.3/bin/../lib/gcc/arm-none-eabi/4.9.3/../../../../arm-none-eabi/lib/armv7-m\libm.a(lib_a-s_fabs.o)
 .debug_frame   0x00001b9c       0x20 c:/program files (x86)/cypress/psoc creator/3.3/psoc creator/import/gnu/arm/4.9.3/bin/../lib/gcc/arm-none-eabi/4.9.3/../../../../arm-none-eabi/lib/armv7-m\libm.a(lib_a-s_finite.o)
 .debug_frame   0x00001bbc       0x34 c:/program files (x86)/cypress/psoc creator/3.3/psoc creator/import/gnu/arm/4.9.3/bin/../lib/gcc/arm-none-eabi/4.9.3/../../../../arm-none-eabi/lib/armv7-m\libm.a(lib_a-s_fpclassify.o)
 .debug_frame   0x00001bf0       0x20 c:/program files (x86)/cypress/psoc creator/3.3/psoc creator/import/gnu/arm/4.9.3/bin/../lib/gcc/arm-none-eabi/4.9.3/../../../../arm-none-eabi/lib/armv7-m\libm.a(lib_a-s_matherr.o)
 .debug_frame   0x00001c10       0x20 c:/program files (x86)/cypress/psoc creator/3.3/psoc creator/import/gnu/arm/4.9.3/bin/../lib/gcc/arm-none-eabi/4.9.3/../../../../arm-none-eabi/lib/armv7-m\libm.a(lib_a-s_nan.o)
 .debug_frame   0x00001c30       0x3c c:/program files (x86)/cypress/psoc creator/3.3/psoc creator/import/gnu/arm/4.9.3/bin/../lib/gcc/arm-none-eabi/4.9.3/../../../../arm-none-eabi/lib/armv7-m\libm.a(lib_a-s_rint.o)
 .debug_frame   0x00001c6c       0x30 c:/program files (x86)/cypress/psoc creator/3.3/psoc creator/import/gnu/arm/4.9.3/bin/../lib/gcc/arm-none-eabi/4.9.3/../../../../arm-none-eabi/lib/armv7-m\libm.a(lib_a-s_scalbn.o)
 .debug_frame   0x00001c9c       0x20 c:/program files (x86)/cypress/psoc creator/3.3/psoc creator/import/gnu/arm/4.9.3/bin/../lib/gcc/arm-none-eabi/4.9.3/../../../../arm-none-eabi/lib/armv7-m\libm.a(lib_a-s_copysign.o)
 .debug_frame   0x00001cbc       0x20 c:/program files (x86)/cypress/psoc creator/3.3/psoc creator/import/gnu/arm/4.9.3/bin/../lib/gcc/arm-none-eabi/4.9.3/../../../../arm-none-eabi/lib/armv7-m\libg_nano.a(lib_a-errno.o)
 .debug_frame   0x00001cdc       0x28 c:/program files (x86)/cypress/psoc creator/3.3/psoc creator/import/gnu/arm/4.9.3/bin/../lib/gcc/arm-none-eabi/4.9.3/../../../../arm-none-eabi/lib/armv7-m\libg_nano.a(lib_a-exit.o)
 .debug_frame   0x00001d04       0x2c c:/program files (x86)/cypress/psoc creator/3.3/psoc creator/import/gnu/arm/4.9.3/bin/../lib/gcc/arm-none-eabi/4.9.3/../../../../arm-none-eabi/lib/armv7-m\libg_nano.a(lib_a-init.o)
 .debug_frame   0x00001d30       0x28 c:/program files (x86)/cypress/psoc creator/3.3/psoc creator/import/gnu/arm/4.9.3/bin/../lib/gcc/arm-none-eabi/4.9.3/../../../../arm-none-eabi/lib/armv7-m\libg_nano.a(lib_a-memcpy.o)
 .debug_frame   0x00001d58       0x20 c:/program files (x86)/cypress/psoc creator/3.3/psoc creator/import/gnu/arm/4.9.3/bin/../lib/gcc/arm-none-eabi/4.9.3/../../../../arm-none-eabi/lib/armv7-m\libg_nano.a(lib_a-memset.o)

.debug_str      0x00000000     0x289b
 *(.debug_str)
 .debug_str     0x00000000      0x34e .\CortexM3\ARM_GCC_493\Debug\main.o
                                0x39c (size before relaxing)
 .debug_str     0x0000034e       0x77 .\CortexM3\ARM_GCC_493\Debug\cymetadata.o
                                0x1f6 (size before relaxing)
 .debug_str     0x000003c5      0x16f .\CortexM3\ARM_GCC_493\Debug\Cm3Start.o
                                0x31a (size before relaxing)
 .debug_str     0x00000534      0x1fc .\CortexM3\ARM_GCC_493\Debug\Dual-PSoC-DCO.a(cyfitter_cfg.o)
                                0x3ba (size before relaxing)
 .debug_str     0x00000730      0x37d .\CortexM3\ARM_GCC_493\Debug\Dual-PSoC-DCO.a(CyDmac.o)
                                0x54a (size before relaxing)
 .debug_str     0x00000aad      0x7e3 .\CortexM3\ARM_GCC_493\Debug\Dual-PSoC-DCO.a(CyLib.o)
                                0xa2f (size before relaxing)
 .debug_str     0x00001290      0x35b .\CortexM3\ARM_GCC_493\Debug\Dual-PSoC-DCO.a(cyPm.o)
                                0x727 (size before relaxing)
 .debug_str     0x000015eb      0x4ac .\CortexM3\ARM_GCC_493\Debug\Dual-PSoC-DCO.a(ADC_DelSig_1.o)
                                0x747 (size before relaxing)
 .debug_str     0x00001a97       0x74 .\CortexM3\ARM_GCC_493\Debug\Dual-PSoC-DCO.a(ADC_DelSig_1_INT.o)
                                0x1ed (size before relaxing)
 .debug_str     0x00001b0b       0x85 .\CortexM3\ARM_GCC_493\Debug\Dual-PSoC-DCO.a(ADC_DelSig_1_AMux.o)
                                0x24a (size before relaxing)
 .debug_str     0x00001b90      0x1c9 .\CortexM3\ARM_GCC_493\Debug\Dual-PSoC-DCO.a(ADC_DelSig_1_Ext_CP_Clk.o)
                                0x3ba (size before relaxing)
 .debug_str     0x00001d59      0x1bd .\CortexM3\ARM_GCC_493\Debug\Dual-PSoC-DCO.a(ADC_DelSig_1_theACLK.o)
                                0x3eb (size before relaxing)
 .debug_str     0x00001f16       0x9e .\CortexM3\ARM_GCC_493\Debug\Dual-PSoC-DCO.a(OSC1_IDAC8.o)
                                0x25d (size before relaxing)
 .debug_str     0x00001fb4      0x1ff .\CortexM3\ARM_GCC_493\Debug\Dual-PSoC-DCO.a(OSC1_Freq_Timer.o)
                                0x3ef (size before relaxing)
 .debug_str     0x000021b3      0x13c .\CortexM3\ARM_GCC_493\Debug\Dual-PSoC-DCO.a(OSC1_Comp.o)
                                0x2ff (size before relaxing)
 .debug_str     0x000022ef       0xae .\CortexM3\ARM_GCC_493\Debug\Dual-PSoC-DCO.a(OSC1_IDAC8_SAW.o)
                                0x285 (size before relaxing)
 .debug_str     0x0000239d      0x10b .\CortexM3\ARM_GCC_493\Debug\Dual-PSoC-DCO.a(Clock_1.o)
                                0x2fa (size before relaxing)
 .debug_str     0x000024a8       0xaf .\CortexM3\ARM_GCC_493\Debug\Dual-PSoC-DCO.a(OSC1_Triangle_Follower.o)
                                0x26e (size before relaxing)
 .debug_str     0x00002557       0x90 .\CortexM3\ARM_GCC_493\Debug\Dual-PSoC-DCO.a(OSC1_Saw_Follower.o)
                                0x24b (size before relaxing)
 .debug_str     0x000025e7       0x68 .\CortexM3\ARM_GCC_493\Debug\Dual-PSoC-DCO.a(test_pin.o)
                                0x1fd (size before relaxing)
 .debug_str     0x0000264f      0x19e .\CortexM3\ARM_GCC_493\Debug\Dual-PSoC-DCO.a(CyFlash.o)
                                0x3a1 (size before relaxing)
 .debug_str     0x000027ed       0xae .\CortexM3\ARM_GCC_493\Debug\Dual-PSoC-DCO.a(CySpc.o)
                                0x32a (size before relaxing)

.debug_loc      0x00000000     0x326b
 *(.debug_loc)
 .debug_loc     0x00000000       0xfb .\CortexM3\ARM_GCC_493\Debug\main.o
 .debug_loc     0x000000fb      0x144 .\CortexM3\ARM_GCC_493\Debug\Cm3Start.o
 .debug_loc     0x0000023f      0x2ba .\CortexM3\ARM_GCC_493\Debug\Dual-PSoC-DCO.a(cyfitter_cfg.o)
 .debug_loc     0x000004f9      0xb83 .\CortexM3\ARM_GCC_493\Debug\Dual-PSoC-DCO.a(CyDmac.o)
 .debug_loc     0x0000107c      0xa11 .\CortexM3\ARM_GCC_493\Debug\Dual-PSoC-DCO.a(CyLib.o)
 .debug_loc     0x00001a8d      0x1e4 .\CortexM3\ARM_GCC_493\Debug\Dual-PSoC-DCO.a(cyPm.o)
 .debug_loc     0x00001c71      0x676 .\CortexM3\ARM_GCC_493\Debug\Dual-PSoC-DCO.a(ADC_DelSig_1.o)
 .debug_loc     0x000022e7       0x6c .\CortexM3\ARM_GCC_493\Debug\Dual-PSoC-DCO.a(ADC_DelSig_1_AMux.o)
 .debug_loc     0x00002353      0x128 .\CortexM3\ARM_GCC_493\Debug\Dual-PSoC-DCO.a(ADC_DelSig_1_Ext_CP_Clk.o)
 .debug_loc     0x0000247b      0x14d .\CortexM3\ARM_GCC_493\Debug\Dual-PSoC-DCO.a(ADC_DelSig_1_theACLK.o)
 .debug_loc     0x000025c8       0x55 .\CortexM3\ARM_GCC_493\Debug\Dual-PSoC-DCO.a(OSC1_IDAC8.o)
 .debug_loc     0x0000261d       0x13 .\CortexM3\ARM_GCC_493\Debug\Dual-PSoC-DCO.a(OSC1_Freq_Timer.o)
 .debug_loc     0x00002630       0xed .\CortexM3\ARM_GCC_493\Debug\Dual-PSoC-DCO.a(OSC1_Comp.o)
 .debug_loc     0x0000271d       0x55 .\CortexM3\ARM_GCC_493\Debug\Dual-PSoC-DCO.a(OSC1_IDAC8_SAW.o)
 .debug_loc     0x00002772      0x128 .\CortexM3\ARM_GCC_493\Debug\Dual-PSoC-DCO.a(Clock_1.o)
 .debug_loc     0x0000289a       0x21 .\CortexM3\ARM_GCC_493\Debug\Dual-PSoC-DCO.a(OSC1_Triangle_Follower.o)
 .debug_loc     0x000028bb       0x21 .\CortexM3\ARM_GCC_493\Debug\Dual-PSoC-DCO.a(OSC1_Saw_Follower.o)
 .debug_loc     0x000028dc       0x42 .\CortexM3\ARM_GCC_493\Debug\Dual-PSoC-DCO.a(test_pin.o)
 .debug_loc     0x0000291e      0x300 .\CortexM3\ARM_GCC_493\Debug\Dual-PSoC-DCO.a(CyFlash.o)
 .debug_loc     0x00002c1e      0x64d .\CortexM3\ARM_GCC_493\Debug\Dual-PSoC-DCO.a(CySpc.o)

.debug_macinfo
 *(.debug_macinfo)

.debug_ranges   0x00000000      0x998
 *(.debug_ranges)
 .debug_ranges  0x00000000       0x10 .\CortexM3\ARM_GCC_493\Debug\main.o
 .debug_ranges  0x00000010       0x38 .\CortexM3\ARM_GCC_493\Debug\Cm3Start.o
 .debug_ranges  0x00000048       0x58 .\CortexM3\ARM_GCC_493\Debug\Dual-PSoC-DCO.a(cyfitter_cfg.o)
 .debug_ranges  0x000000a0       0xc8 .\CortexM3\ARM_GCC_493\Debug\Dual-PSoC-DCO.a(CyDmac.o)
 .debug_ranges  0x00000168      0x288 .\CortexM3\ARM_GCC_493\Debug\Dual-PSoC-DCO.a(CyLib.o)
 .debug_ranges  0x000003f0       0x88 .\CortexM3\ARM_GCC_493\Debug\Dual-PSoC-DCO.a(cyPm.o)
 .debug_ranges  0x00000478       0xd8 .\CortexM3\ARM_GCC_493\Debug\Dual-PSoC-DCO.a(ADC_DelSig_1.o)
 .debug_ranges  0x00000550       0x28 .\CortexM3\ARM_GCC_493\Debug\Dual-PSoC-DCO.a(ADC_DelSig_1_INT.o)
 .debug_ranges  0x00000578       0x20 .\CortexM3\ARM_GCC_493\Debug\Dual-PSoC-DCO.a(ADC_DelSig_1_AMux.o)
 .debug_ranges  0x00000598       0x60 .\CortexM3\ARM_GCC_493\Debug\Dual-PSoC-DCO.a(ADC_DelSig_1_Ext_CP_Clk.o)
 .debug_ranges  0x000005f8       0x70 .\CortexM3\ARM_GCC_493\Debug\Dual-PSoC-DCO.a(ADC_DelSig_1_theACLK.o)
 .debug_ranges  0x00000668       0x48 .\CortexM3\ARM_GCC_493\Debug\Dual-PSoC-DCO.a(OSC1_IDAC8.o)
 .debug_ranges  0x000006b0       0x80 .\CortexM3\ARM_GCC_493\Debug\Dual-PSoC-DCO.a(OSC1_Freq_Timer.o)
 .debug_ranges  0x00000730       0x60 .\CortexM3\ARM_GCC_493\Debug\Dual-PSoC-DCO.a(OSC1_Comp.o)
 .debug_ranges  0x00000790       0x48 .\CortexM3\ARM_GCC_493\Debug\Dual-PSoC-DCO.a(OSC1_IDAC8_SAW.o)
 .debug_ranges  0x000007d8       0x60 .\CortexM3\ARM_GCC_493\Debug\Dual-PSoC-DCO.a(Clock_1.o)
 .debug_ranges  0x00000838       0x30 .\CortexM3\ARM_GCC_493\Debug\Dual-PSoC-DCO.a(OSC1_Triangle_Follower.o)
 .debug_ranges  0x00000868       0x30 .\CortexM3\ARM_GCC_493\Debug\Dual-PSoC-DCO.a(OSC1_Saw_Follower.o)
 .debug_ranges  0x00000898       0x28 .\CortexM3\ARM_GCC_493\Debug\Dual-PSoC-DCO.a(test_pin.o)
 .debug_ranges  0x000008c0       0x70 .\CortexM3\ARM_GCC_493\Debug\Dual-PSoC-DCO.a(CyFlash.o)
 .debug_ranges  0x00000930       0x68 .\CortexM3\ARM_GCC_493\Debug\Dual-PSoC-DCO.a(CySpc.o)

.comment        0x00000000       0x70
 .comment       0x00000000       0x70 .\CortexM3\ARM_GCC_493\Debug\main.o
                                 0x71 (size before relaxing)
 .comment       0x00000000       0x71 .\CortexM3\ARM_GCC_493\Debug\cymetadata.o
 .comment       0x00000000       0x71 .\CortexM3\ARM_GCC_493\Debug\Cm3Start.o
 .comment       0x00000000       0x71 .\CortexM3\ARM_GCC_493\Debug\Dual-PSoC-DCO.a(cyfitter_cfg.o)
 .comment       0x00000000       0x71 .\CortexM3\ARM_GCC_493\Debug\Dual-PSoC-DCO.a(CyDmac.o)
 .comment       0x00000000       0x71 .\CortexM3\ARM_GCC_493\Debug\Dual-PSoC-DCO.a(CyLib.o)
 .comment       0x00000000       0x71 .\CortexM3\ARM_GCC_493\Debug\Dual-PSoC-DCO.a(cyPm.o)
 .comment       0x00000000       0x71 .\CortexM3\ARM_GCC_493\Debug\Dual-PSoC-DCO.a(ADC_DelSig_1.o)
 .comment       0x00000000       0x71 .\CortexM3\ARM_GCC_493\Debug\Dual-PSoC-DCO.a(ADC_DelSig_1_INT.o)
 .comment       0x00000000       0x71 .\CortexM3\ARM_GCC_493\Debug\Dual-PSoC-DCO.a(ADC_DelSig_1_AMux.o)
 .comment       0x00000000       0x71 .\CortexM3\ARM_GCC_493\Debug\Dual-PSoC-DCO.a(ADC_DelSig_1_Ext_CP_Clk.o)
 .comment       0x00000000       0x71 .\CortexM3\ARM_GCC_493\Debug\Dual-PSoC-DCO.a(ADC_DelSig_1_theACLK.o)
 .comment       0x00000000       0x71 .\CortexM3\ARM_GCC_493\Debug\Dual-PSoC-DCO.a(OSC1_IDAC8.o)
 .comment       0x00000000       0x71 .\CortexM3\ARM_GCC_493\Debug\Dual-PSoC-DCO.a(OSC1_Freq_Timer.o)
 .comment       0x00000000       0x71 .\CortexM3\ARM_GCC_493\Debug\Dual-PSoC-DCO.a(OSC1_Comp.o)
 .comment       0x00000000       0x71 .\CortexM3\ARM_GCC_493\Debug\Dual-PSoC-DCO.a(OSC1_IDAC8_SAW.o)
 .comment       0x00000000       0x71 .\CortexM3\ARM_GCC_493\Debug\Dual-PSoC-DCO.a(Clock_1.o)
 .comment       0x00000000       0x71 .\CortexM3\ARM_GCC_493\Debug\Dual-PSoC-DCO.a(OSC1_Triangle_Follower.o)
 .comment       0x00000000       0x71 .\CortexM3\ARM_GCC_493\Debug\Dual-PSoC-DCO.a(OSC1_Saw_Follower.o)
 .comment       0x00000000       0x71 .\CortexM3\ARM_GCC_493\Debug\Dual-PSoC-DCO.a(test_pin.o)
 .comment       0x00000000       0x71 .\CortexM3\ARM_GCC_493\Debug\Dual-PSoC-DCO.a(CyFlash.o)
 .comment       0x00000000       0x71 .\CortexM3\ARM_GCC_493\Debug\Dual-PSoC-DCO.a(CySpc.o)

.debug_weaknames
 *(.debug_weaknames)

.debug_funcnames
 *(.debug_funcnames)

.debug_typenames
 *(.debug_typenames)

.debug_varnames
 *(.debug_varnames)

.note.gnu.arm.ident
 *(.note.gnu.arm.ident)

.ARM.attributes
                0x00000000       0x29
 *(.ARM.attributes)
 .ARM.attributes
                0x00000000       0x1d c:/program files (x86)/cypress/psoc creator/3.3/psoc creator/import/gnu/arm/4.9.3/bin/../lib/gcc/arm-none-eabi/4.9.3/armv7-m/crti.o
 .ARM.attributes
                0x0000001d       0x2d c:/program files (x86)/cypress/psoc creator/3.3/psoc creator/import/gnu/arm/4.9.3/bin/../lib/gcc/arm-none-eabi/4.9.3/armv7-m/crtbegin.o
 .ARM.attributes
                0x0000004a       0x1b c:/program files (x86)/cypress/psoc creator/3.3/psoc creator/import/gnu/arm/4.9.3/bin/../lib/gcc/arm-none-eabi/4.9.3/../../../../arm-none-eabi/lib/armv7-m/crt0.o
 .ARM.attributes
                0x00000065       0x33 .\CortexM3\ARM_GCC_493\Debug\main.o
 .ARM.attributes
                0x00000098       0x33 .\CortexM3\ARM_GCC_493\Debug\cymetadata.o
 .ARM.attributes
                0x000000cb       0x33 .\CortexM3\ARM_GCC_493\Debug\Cm3Start.o
 .ARM.attributes
                0x000000fe       0x33 .\CortexM3\ARM_GCC_493\Debug\Dual-PSoC-DCO.a(cyfitter_cfg.o)
 .ARM.attributes
                0x00000131       0x21 .\CortexM3\ARM_GCC_493\Debug\Dual-PSoC-DCO.a(CyBootAsmGnu.o)
 .ARM.attributes
                0x00000152       0x33 .\CortexM3\ARM_GCC_493\Debug\Dual-PSoC-DCO.a(CyDmac.o)
 .ARM.attributes
                0x00000185       0x33 .\CortexM3\ARM_GCC_493\Debug\Dual-PSoC-DCO.a(CyLib.o)
 .ARM.attributes
                0x000001b8       0x33 .\CortexM3\ARM_GCC_493\Debug\Dual-PSoC-DCO.a(cyPm.o)
 .ARM.attributes
                0x000001eb       0x33 .\CortexM3\ARM_GCC_493\Debug\Dual-PSoC-DCO.a(ADC_DelSig_1.o)
 .ARM.attributes
                0x0000021e       0x33 .\CortexM3\ARM_GCC_493\Debug\Dual-PSoC-DCO.a(ADC_DelSig_1_INT.o)
 .ARM.attributes
                0x00000251       0x33 .\CortexM3\ARM_GCC_493\Debug\Dual-PSoC-DCO.a(ADC_DelSig_1_AMux.o)
 .ARM.attributes
                0x00000284       0x33 .\CortexM3\ARM_GCC_493\Debug\Dual-PSoC-DCO.a(ADC_DelSig_1_Ext_CP_Clk.o)
 .ARM.attributes
                0x000002b7       0x33 .\CortexM3\ARM_GCC_493\Debug\Dual-PSoC-DCO.a(ADC_DelSig_1_theACLK.o)
 .ARM.attributes
                0x000002ea       0x33 .\CortexM3\ARM_GCC_493\Debug\Dual-PSoC-DCO.a(OSC1_IDAC8.o)
 .ARM.attributes
                0x0000031d       0x33 .\CortexM3\ARM_GCC_493\Debug\Dual-PSoC-DCO.a(OSC1_Freq_Timer.o)
 .ARM.attributes
                0x00000350       0x33 .\CortexM3\ARM_GCC_493\Debug\Dual-PSoC-DCO.a(OSC1_Comp.o)
 .ARM.attributes
                0x00000383       0x33 .\CortexM3\ARM_GCC_493\Debug\Dual-PSoC-DCO.a(OSC1_IDAC8_SAW.o)
 .ARM.attributes
                0x000003b6       0x33 .\CortexM3\ARM_GCC_493\Debug\Dual-PSoC-DCO.a(Clock_1.o)
 .ARM.attributes
                0x000003e9       0x33 .\CortexM3\ARM_GCC_493\Debug\Dual-PSoC-DCO.a(OSC1_Triangle_Follower.o)
 .ARM.attributes
                0x0000041c       0x33 .\CortexM3\ARM_GCC_493\Debug\Dual-PSoC-DCO.a(OSC1_Saw_Follower.o)
 .ARM.attributes
                0x0000044f       0x33 .\CortexM3\ARM_GCC_493\Debug\Dual-PSoC-DCO.a(test_pin.o)
 .ARM.attributes
                0x00000482       0x33 .\CortexM3\ARM_GCC_493\Debug\Dual-PSoC-DCO.a(CyFlash.o)
 .ARM.attributes
                0x000004b5       0x33 .\CortexM3\ARM_GCC_493\Debug\Dual-PSoC-DCO.a(CySpc.o)
 .ARM.attributes
                0x000004e8       0x2d c:/program files (x86)/cypress/psoc creator/3.3/psoc creator/import/gnu/arm/4.9.3/bin/../lib/gcc/arm-none-eabi/4.9.3/../../../../arm-none-eabi/lib/armv7-m\libm.a(lib_a-w_pow.o)
 .ARM.attributes
                0x00000515       0x2d c:/program files (x86)/cypress/psoc creator/3.3/psoc creator/import/gnu/arm/4.9.3/bin/../lib/gcc/arm-none-eabi/4.9.3/../../../../arm-none-eabi/lib/armv7-m\libm.a(lib_a-e_pow.o)
 .ARM.attributes
                0x00000542       0x2d c:/program files (x86)/cypress/psoc creator/3.3/psoc creator/import/gnu/arm/4.9.3/bin/../lib/gcc/arm-none-eabi/4.9.3/../../../../arm-none-eabi/lib/armv7-m\libm.a(lib_a-e_sqrt.o)
 .ARM.attributes
                0x0000056f       0x2d c:/program files (x86)/cypress/psoc creator/3.3/psoc creator/import/gnu/arm/4.9.3/bin/../lib/gcc/arm-none-eabi/4.9.3/../../../../arm-none-eabi/lib/armv7-m\libm.a(lib_a-s_fabs.o)
 .ARM.attributes
                0x0000059c       0x2d c:/program files (x86)/cypress/psoc creator/3.3/psoc creator/import/gnu/arm/4.9.3/bin/../lib/gcc/arm-none-eabi/4.9.3/../../../../arm-none-eabi/lib/armv7-m\libm.a(lib_a-s_finite.o)
 .ARM.attributes
                0x000005c9       0x2d c:/program files (x86)/cypress/psoc creator/3.3/psoc creator/import/gnu/arm/4.9.3/bin/../lib/gcc/arm-none-eabi/4.9.3/../../../../arm-none-eabi/lib/armv7-m\libm.a(lib_a-s_fpclassify.o)
 .ARM.attributes
                0x000005f6       0x2d c:/program files (x86)/cypress/psoc creator/3.3/psoc creator/import/gnu/arm/4.9.3/bin/../lib/gcc/arm-none-eabi/4.9.3/../../../../arm-none-eabi/lib/armv7-m\libm.a(lib_a-s_lib_ver.o)
 .ARM.attributes
                0x00000623       0x2d c:/program files (x86)/cypress/psoc creator/3.3/psoc creator/import/gnu/arm/4.9.3/bin/../lib/gcc/arm-none-eabi/4.9.3/../../../../arm-none-eabi/lib/armv7-m\libm.a(lib_a-s_matherr.o)
 .ARM.attributes
                0x00000650       0x2d c:/program files (x86)/cypress/psoc creator/3.3/psoc creator/import/gnu/arm/4.9.3/bin/../lib/gcc/arm-none-eabi/4.9.3/../../../../arm-none-eabi/lib/armv7-m\libm.a(lib_a-s_nan.o)
 .ARM.attributes
                0x0000067d       0x2d c:/program files (x86)/cypress/psoc creator/3.3/psoc creator/import/gnu/arm/4.9.3/bin/../lib/gcc/arm-none-eabi/4.9.3/../../../../arm-none-eabi/lib/armv7-m\libm.a(lib_a-s_rint.o)
 .ARM.attributes
                0x000006aa       0x2d c:/program files (x86)/cypress/psoc creator/3.3/psoc creator/import/gnu/arm/4.9.3/bin/../lib/gcc/arm-none-eabi/4.9.3/../../../../arm-none-eabi/lib/armv7-m\libm.a(lib_a-s_scalbn.o)
 .ARM.attributes
                0x000006d7       0x2d c:/program files (x86)/cypress/psoc creator/3.3/psoc creator/import/gnu/arm/4.9.3/bin/../lib/gcc/arm-none-eabi/4.9.3/../../../../arm-none-eabi/lib/armv7-m\libm.a(lib_a-s_copysign.o)
 .ARM.attributes
                0x00000704       0x1d c:/program files (x86)/cypress/psoc creator/3.3/psoc creator/import/gnu/arm/4.9.3/bin/../lib/gcc/arm-none-eabi/4.9.3/armv7-m\libgcc.a(_arm_addsubdf3.o)
 .ARM.attributes
                0x00000721       0x1d c:/program files (x86)/cypress/psoc creator/3.3/psoc creator/import/gnu/arm/4.9.3/bin/../lib/gcc/arm-none-eabi/4.9.3/armv7-m\libgcc.a(_arm_muldivdf3.o)
 .ARM.attributes
                0x0000073e       0x1d c:/program files (x86)/cypress/psoc creator/3.3/psoc creator/import/gnu/arm/4.9.3/bin/../lib/gcc/arm-none-eabi/4.9.3/armv7-m\libgcc.a(_arm_cmpdf2.o)
 .ARM.attributes
                0x0000075b       0x1d c:/program files (x86)/cypress/psoc creator/3.3/psoc creator/import/gnu/arm/4.9.3/bin/../lib/gcc/arm-none-eabi/4.9.3/armv7-m\libgcc.a(_arm_fixdfsi.o)
 .ARM.attributes
                0x00000778       0x1d c:/program files (x86)/cypress/psoc creator/3.3/psoc creator/import/gnu/arm/4.9.3/bin/../lib/gcc/arm-none-eabi/4.9.3/armv7-m\libgcc.a(_arm_addsubsf3.o)
 .ARM.attributes
                0x00000795       0x1d c:/program files (x86)/cypress/psoc creator/3.3/psoc creator/import/gnu/arm/4.9.3/bin/../lib/gcc/arm-none-eabi/4.9.3/armv7-m\libgcc.a(_arm_muldivsf3.o)
 .ARM.attributes
                0x000007b2       0x1d c:/program files (x86)/cypress/psoc creator/3.3/psoc creator/import/gnu/arm/4.9.3/bin/../lib/gcc/arm-none-eabi/4.9.3/armv7-m\libgcc.a(_arm_fixunssfsi.o)
 .ARM.attributes
                0x000007cf       0x2d c:/program files (x86)/cypress/psoc creator/3.3/psoc creator/import/gnu/arm/4.9.3/bin/../lib/gcc/arm-none-eabi/4.9.3/../../../../arm-none-eabi/lib/armv7-m\libg_nano.a(lib_a-errno.o)
 .ARM.attributes
                0x000007fc       0x2d c:/program files (x86)/cypress/psoc creator/3.3/psoc creator/import/gnu/arm/4.9.3/bin/../lib/gcc/arm-none-eabi/4.9.3/../../../../arm-none-eabi/lib/armv7-m\libg_nano.a(lib_a-exit.o)
 .ARM.attributes
                0x00000829       0x2d c:/program files (x86)/cypress/psoc creator/3.3/psoc creator/import/gnu/arm/4.9.3/bin/../lib/gcc/arm-none-eabi/4.9.3/../../../../arm-none-eabi/lib/armv7-m\libg_nano.a(lib_a-impure.o)
 .ARM.attributes
                0x00000856       0x2d c:/program files (x86)/cypress/psoc creator/3.3/psoc creator/import/gnu/arm/4.9.3/bin/../lib/gcc/arm-none-eabi/4.9.3/../../../../arm-none-eabi/lib/armv7-m\libg_nano.a(lib_a-init.o)
 .ARM.attributes
                0x00000883       0x2d c:/program files (x86)/cypress/psoc creator/3.3/psoc creator/import/gnu/arm/4.9.3/bin/../lib/gcc/arm-none-eabi/4.9.3/../../../../arm-none-eabi/lib/armv7-m\libg_nano.a(lib_a-memcpy.o)
 .ARM.attributes
                0x000008b0       0x2d c:/program files (x86)/cypress/psoc creator/3.3/psoc creator/import/gnu/arm/4.9.3/bin/../lib/gcc/arm-none-eabi/4.9.3/../../../../arm-none-eabi/lib/armv7-m\libg_nano.a(lib_a-memset.o)
 .ARM.attributes
                0x000008dd       0x2d c:/program files (x86)/cypress/psoc creator/3.3/psoc creator/import/gnu/arm/4.9.3/bin/../lib/gcc/arm-none-eabi/4.9.3/armv7-m/crtend.o
 .ARM.attributes
                0x0000090a       0x1d c:/program files (x86)/cypress/psoc creator/3.3/psoc creator/import/gnu/arm/4.9.3/bin/../lib/gcc/arm-none-eabi/4.9.3/armv7-m/crtn.o

/DISCARD/
 *(.note.GNU-stack)
OUTPUT(.\CortexM3\ARM_GCC_493\Debug\Dual-PSoC-DCO.elf elf32-littlearm)
