Archive member included because of file (symbol)

.\CortexM3\ARM_GCC_493\Debug\Dual-PSoC-DCO.a(cyfitter_cfg.o)
                              .\CortexM3\ARM_GCC_493\Debug\Cm3Start.o (cyfitter_cfg)
.\CortexM3\ARM_GCC_493\Debug\Dual-PSoC-DCO.a(CyBootAsmGnu.o)
                              .\CortexM3\ARM_GCC_493\Debug\Dual-PSoC-DCO.a(cyfitter_cfg.o) (CyDelayCycles)
.\CortexM3\ARM_GCC_493\Debug\Dual-PSoC-DCO.a(CyDmac.o)
                              .\CortexM3\ARM_GCC_493\Debug\Cm3Start.o (CyDmacConfigure)
.\CortexM3\ARM_GCC_493\Debug\Dual-PSoC-DCO.a(CyLib.o)
                              .\CortexM3\ARM_GCC_493\Debug\Cm3Start.o (CyHalt)
.\CortexM3\ARM_GCC_493\Debug\Dual-PSoC-DCO.a(cyPm.o)
                              .\CortexM3\ARM_GCC_493\Debug\Dual-PSoC-DCO.a(CyLib.o) (CyPmReadStatus)
.\CortexM3\ARM_GCC_493\Debug\Dual-PSoC-DCO.a(ADC_DelSig_1.o)
                              .\CortexM3\ARM_GCC_493\Debug\main.o (ADC_DelSig_1_Start)
.\CortexM3\ARM_GCC_493\Debug\Dual-PSoC-DCO.a(ADC_DelSig_1_INT.o)
                              .\CortexM3\ARM_GCC_493\Debug\Dual-PSoC-DCO.a(ADC_DelSig_1.o) (ADC_DelSig_1_ISR1)
.\CortexM3\ARM_GCC_493\Debug\Dual-PSoC-DCO.a(ADC_DelSig_1_Ext_CP_Clk.o)
                              .\CortexM3\ARM_GCC_493\Debug\Dual-PSoC-DCO.a(ADC_DelSig_1.o) (ADC_DelSig_1_Ext_CP_Clk_SetModeRegister)
.\CortexM3\ARM_GCC_493\Debug\Dual-PSoC-DCO.a(ADC_DelSig_1_theACLK.o)
                              .\CortexM3\ARM_GCC_493\Debug\Dual-PSoC-DCO.a(ADC_DelSig_1.o) (ADC_DelSig_1_theACLK_SetModeRegister)
.\CortexM3\ARM_GCC_493\Debug\Dual-PSoC-DCO.a(Comp_1.o)
                              .\CortexM3\ARM_GCC_493\Debug\main.o (Comp_1_Enable)
.\CortexM3\ARM_GCC_493\Debug\Dual-PSoC-DCO.a(OSC1_IDAC8.o)
                              .\CortexM3\ARM_GCC_493\Debug\main.o (OSC1_IDAC8_SetValue)
.\CortexM3\ARM_GCC_493\Debug\Dual-PSoC-DCO.a(OSC1_Freq_Timer.o)
                              .\CortexM3\ARM_GCC_493\Debug\main.o (OSC1_Freq_Timer_Stop)
.\CortexM3\ARM_GCC_493\Debug\Dual-PSoC-DCO.a(OSC1_Comp.o)
                              .\CortexM3\ARM_GCC_493\Debug\main.o (OSC1_Comp_Enable)
.\CortexM3\ARM_GCC_493\Debug\Dual-PSoC-DCO.a(OSC1_IDAC8_SAW.o)
                              .\CortexM3\ARM_GCC_493\Debug\main.o (OSC1_IDAC8_SAW_SetValue)
.\CortexM3\ARM_GCC_493\Debug\Dual-PSoC-DCO.a(Clock_1.o)
                              .\CortexM3\ARM_GCC_493\Debug\main.o (Clock_1_Start)
.\CortexM3\ARM_GCC_493\Debug\Dual-PSoC-DCO.a(OSC1_Triangle_Follower.o)
                              .\CortexM3\ARM_GCC_493\Debug\main.o (OSC1_Triangle_Follower_Enable)
.\CortexM3\ARM_GCC_493\Debug\Dual-PSoC-DCO.a(OSC1_Saw_Follower.o)
                              .\CortexM3\ARM_GCC_493\Debug\main.o (OSC1_Saw_Follower_Enable)
.\CortexM3\ARM_GCC_493\Debug\Dual-PSoC-DCO.a(OSC1_ADC_SAR.o)
                              .\CortexM3\ARM_GCC_493\Debug\main.o (OSC1_ADC_SAR_Start)
.\CortexM3\ARM_GCC_493\Debug\Dual-PSoC-DCO.a(OSC1_ADC_SAR_INT.o)
                              .\CortexM3\ARM_GCC_493\Debug\Dual-PSoC-DCO.a(OSC1_ADC_SAR.o) (OSC1_ADC_SAR_ISR)
.\CortexM3\ARM_GCC_493\Debug\Dual-PSoC-DCO.a(OSC1_ADC_SAR_SAR.o)
                              .\CortexM3\ARM_GCC_493\Debug\Dual-PSoC-DCO.a(OSC1_ADC_SAR.o) (OSC1_ADC_SAR_SAR_shift)
.\CortexM3\ARM_GCC_493\Debug\Dual-PSoC-DCO.a(OSC1_ADC_SAR_TempBuf_dma.o)
                              .\CortexM3\ARM_GCC_493\Debug\Dual-PSoC-DCO.a(OSC1_ADC_SAR.o) (OSC1_ADC_SAR_TempBuf_DmaInitialize)
.\CortexM3\ARM_GCC_493\Debug\Dual-PSoC-DCO.a(OSC1_ADC_SAR_FinalBuf_dma.o)
                              .\CortexM3\ARM_GCC_493\Debug\Dual-PSoC-DCO.a(OSC1_ADC_SAR.o) (OSC1_ADC_SAR_FinalBuf_DmaInitialize)
.\CortexM3\ARM_GCC_493\Debug\Dual-PSoC-DCO.a(OSC1_ADC_SAR_IRQ.o)
                              .\CortexM3\ARM_GCC_493\Debug\Dual-PSoC-DCO.a(OSC1_ADC_SAR.o) (OSC1_ADC_SAR_IRQ_SetVector)
.\CortexM3\ARM_GCC_493\Debug\Dual-PSoC-DCO.a(test_pin.o)
                              .\CortexM3\ARM_GCC_493\Debug\main.o (test_pin_Write)
.\CortexM3\ARM_GCC_493\Debug\Dual-PSoC-DCO.a(OSC1_SIGNCHANGE_PositiveISR.o)
                              .\CortexM3\ARM_GCC_493\Debug\main.o (OSC1_SIGNCHANGE_PositiveISR_StartEx)
.\CortexM3\ARM_GCC_493\Debug\Dual-PSoC-DCO.a(OSC1_SIGNCHANGE_NegativeISR.o)
                              .\CortexM3\ARM_GCC_493\Debug\main.o (OSC1_SIGNCHANGE_NegativeISR_StartEx)
.\CortexM3\ARM_GCC_493\Debug\Dual-PSoC-DCO.a(CyFlash.o)
                              .\CortexM3\ARM_GCC_493\Debug\Dual-PSoC-DCO.a(cyPm.o) (CyFlash_SetWaitCycles)
.\CortexM3\ARM_GCC_493\Debug\Dual-PSoC-DCO.a(CySpc.o)
                              .\CortexM3\ARM_GCC_493\Debug\Dual-PSoC-DCO.a(CyFlash.o) (CySpcStart)
c:/program files (x86)/cypress/psoc creator/3.3/psoc creator/import/gnu/arm/4.9.3/bin/../lib/gcc/arm-none-eabi/4.9.3/../../../../arm-none-eabi/lib/armv7-m\libm.a(lib_a-w_pow.o)
                              .\CortexM3\ARM_GCC_493\Debug\main.o (pow)
[...]
Memory Configuration

Name             Origin             Length             Attributes
rom              0x00000000         0x00040000         xr
ram              0x1fff8000         0x00010000         xrw
*default*        0x00000000         0xffffffff

Linker script and memory map

LOAD c:/program files (x86)/cypress/psoc creator/3.3/psoc creator/import/gnu/arm/4.9.3/bin/../lib/gcc/arm-none-eabi/4.9.3/armv7-m/crti.o
LOAD c:/program files (x86)/cypress/psoc creator/3.3/psoc creator/import/gnu/arm/4.9.3/bin/../lib/gcc/arm-none-eabi/4.9.3/armv7-m/crtbegin.o
LOAD c:/program files (x86)/cypress/psoc creator/3.3/psoc creator/import/gnu/arm/4.9.3/bin/../lib/gcc/arm-none-eabi/4.9.3/../../../../arm-none-eabi/lib/armv7-m/crt0.o
START GROUP
LOAD .\CortexM3\ARM_GCC_493\Debug\main.o
LOAD .\CortexM3\ARM_GCC_493\Debug\cymetadata.o
LOAD .\CortexM3\ARM_GCC_493\Debug\Cm3Start.o
LOAD .\CortexM3\ARM_GCC_493\Debug\Dual-PSoC-DCO.a
LOAD C:\Program Files (x86)\Cypress\PSoC Creator\3.3\PSoC Creator\psoc\content\cycomponentlibrary\CyComponentLibrary.cylib\CortexM3\ARM_GCC_493\Debug\CyComponentLibrary.a
LOAD c:/program files (x86)/cypress/psoc creator/3.3/psoc creator/import/gnu/arm/4.9.3/bin/../lib/gcc/arm-none-eabi/4.9.3/../../../../arm-none-eabi/lib/armv7-m\libm.a
END GROUP
START GROUP
LOAD c:/program files (x86)/cypress/psoc creator/3.3/psoc creator/import/gnu/arm/4.9.3/bin/../lib/gcc/arm-none-eabi/4.9.3/armv7-m\libgcc.a
LOAD c:/program files (x86)/cypress/psoc creator/3.3/psoc creator/import/gnu/arm/4.9.3/bin/../lib/gcc/arm-none-eabi/4.9.3/../../../../arm-none-eabi/lib/armv7-m\libg_nano.a
LOAD c:/program files (x86)/cypress/psoc creator/3.3/psoc creator/import/gnu/arm/4.9.3/bin/../lib/gcc/arm-none-eabi/4.9.3/../../../../arm-none-eabi/lib/armv7-m\libc_nano.a
END GROUP
START GROUP
LOAD c:/program files (x86)/cypress/psoc creator/3.3/psoc creator/import/gnu/arm/4.9.3/bin/../lib/gcc/arm-none-eabi/4.9.3/armv7-m\libgcc.a
LOAD c:/program files (x86)/cypress/psoc creator/3.3/psoc creator/import/gnu/arm/4.9.3/bin/../lib/gcc/arm-none-eabi/4.9.3/../../../../arm-none-eabi/lib/armv7-m\libc_nano.a
END GROUP
LOAD c:/program files (x86)/cypress/psoc creator/3.3/psoc creator/import/gnu/arm/4.9.3/bin/../lib/gcc/arm-none-eabi/4.9.3/armv7-m/crtend.o
LOAD c:/program files (x86)/cypress/psoc creator/3.3/psoc creator/import/gnu/arm/4.9.3/bin/../lib/gcc/arm-none-eabi/4.9.3/armv7-m/crtn.o
START GROUP
LOAD c:/program files (x86)/cypress/psoc creator/3.3/psoc creator/import/gnu/arm/4.9.3/bin/../lib/gcc/arm-none-eabi/4.9.3/armv7-m\libgcc.a
LOAD c:/program files (x86)/cypress/psoc creator/3.3/psoc creator/import/gnu/arm/4.9.3/bin/../lib/gcc/arm-none-eabi/4.9.3/../../../../arm-none-eabi/lib/armv7-m\libc.a
LOAD c:/program files (x86)/cypress/psoc creator/3.3/psoc creator/import/gnu/arm/4.9.3/bin/../lib/gcc/arm-none-eabi/4.9.3/../../../../arm-none-eabi/lib/armv7-m\libnosys.a
END GROUP
                0x00000000                CY_APPL_ORIGIN = 0x0
                0x00000100                CY_FLASH_ROW_SIZE = 0x100
                0x00000020                CY_ECC_ROW_SIZE = 0x20
                0x00000000                CY_EE_IN_BTLDR = 0x0
                0x00000000                CY_APPL_LOADABLE = 0x0
                0x00000800                CY_EE_SIZE = 0x800
                0x00000001                CY_APPL_NUM = 0x1
                0x00000001                CY_APPL_MAX = 0x1
                0x00000040                CY_METADATA_SIZE = 0x40
                0x00000000                CY_APPL_LOADABLE = 0x0
                0x00000000                CY_CHECKSUM_EXCLUDE_SIZE = ALIGN (0x0, CY_FLASH_ROW_SIZE)
                0x1fff81f8                PROVIDE (__cy_heap_start, _end)
                0x00000001                PROVIDE (__cy_region_num, ((__cy_regions_end - __cy_regions) / 0x10))
                0x20008000                PROVIDE (__cy_stack, (ORIGIN (ram) + 0x10000))
                0x20007800                PROVIDE (__cy_heap_end, (__cy_stack - 0x800))

.cybootloader   0x00000000        0x0
 *(.cybootloader)
                0x00000000                appl1_start = CY_APPL_ORIGIN?CY_APPL_ORIGIN:ALIGN (CY_FLASH_ROW_SIZE)
                0x0001ff00                appl2_start = (appl1_start + ALIGN ((((0x40000 - appl1_start) - (0x2 * CY_FLASH_ROW_SIZE)) / 0x2), CY_FLASH_ROW_SIZE))
                0x00000000                appl_start = (CY_APPL_NUM == 0x1)?appl1_start:appl2_start
                0x00000000                ecc_offset = ((appl_start / CY_FLASH_ROW_SIZE) * CY_ECC_ROW_SIZE)
                0x00000000                ee_offset = (CY_APPL_LOADABLE && ! (CY_EE_IN_BTLDR))?((CY_EE_SIZE / CY_APPL_MAX) * (CY_APPL_NUM - 0x1)):0x0
                0x00000800                ee_size = (CY_APPL_LOADABLE && ! (CY_EE_IN_BTLDR))?(CY_EE_SIZE / CY_APPL_MAX):CY_EE_SIZE
                0x00000000                PROVIDE (CY_ECC_OFFSET, ecc_offset)

.text           0x00000000     0x3a16
 CREATE_OBJECT_SYMBOLS
                0x00000000                PROVIDE (__cy_interrupt_vector, RomVectors)
 *(.romvectors)
 .romvectors    0x00000000       0x10 .\CortexM3\ARM_GCC_493\Debug\Cm3Start.o
                0x00000000                RomVectors
                0x00000001                ASSERT ((. != __cy_interrupt_vector), No interrupt vector)
                0x00000001                ASSERT (CY_APPL_ORIGIN?(SIZEOF (.cybootloader) <= CY_APPL_ORIGIN):0x1, Wrong image location)
                0x00000010                PROVIDE (__cy_reset, Reset)
 *(.text.Reset)
 .text.Reset    0x00000010       0x18 .\CortexM3\ARM_GCC_493\Debug\Cm3Start.o
                0x00000010                Reset
                0x00000001                ASSERT ((. != __cy_reset), No reset code)
 *(.dma_init)
                0x00000001                ASSERT ((((appl_start + .) <= 0x10000) || 0x1), DMA Init must be within the first 64k of flash)
 *(.text .text.* .gnu.linkonce.t.*)
 .text          0x00000028       0x5c c:/program files (x86)/cypress/psoc creator/3.3/psoc creator/import/gnu/arm/4.9.3/bin/../lib/gcc/arm-none-eabi/4.9.3/armv7-m/crtbegin.o
 .text.SIGNCHANGE_PositiveInterrupt_Handler
                0x00000084       0x20 .\CortexM3\ARM_GCC_493\Debug\main.o
                0x00000084                SIGNCHANGE_PositiveInterrupt_Handler
 .text.SIGNCHANGE_NegativeInterrupt_Handler
                0x000000a4       0x20 .\CortexM3\ARM_GCC_493\Debug\main.o
                0x000000a4                SIGNCHANGE_NegativeInterrupt_Handler
 *fill*         0x000000c4        0x4 
 .text.main     0x000000c8      0x208 .\CortexM3\ARM_GCC_493\Debug\main.o
                0x000000c8                main
 .text.IntDefaultHandler
                0x000002d0        0x4 .\CortexM3\ARM_GCC_493\Debug\Cm3Start.o
                0x000002d0                IntDefaultHandler
 .text.Start_c  0x000002d4       0x4c .\CortexM3\ARM_GCC_493\Debug\Cm3Start.o
                0x000002d4                Start_c
 .text.initialize_psoc
                0x00000320       0x78 .\CortexM3\ARM_GCC_493\Debug\Cm3Start.o
                0x00000320                initialize_psoc
 .text.CyClockStartupError
                0x00000398        0x4 .\CortexM3\ARM_GCC_493\Debug\Dual-PSoC-DCO.a(cyfitter_cfg.o)
 .text.cfg_write_bytes32
                0x0000039c       0x34 .\CortexM3\ARM_GCC_493\Debug\Dual-PSoC-DCO.a(cyfitter_cfg.o)
 .text.AnalogSetDefault
                0x000003d0      0x15c .\CortexM3\ARM_GCC_493\Debug\Dual-PSoC-DCO.a(cyfitter_cfg.o)
 .text.CYMEMZERO
                0x0000052c        0xc .\CortexM3\ARM_GCC_493\Debug\Dual-PSoC-DCO.a(cyfitter_cfg.o)
 .text.CYCONFIGCPY
                0x00000538        0x8 .\CortexM3\ARM_GCC_493\Debug\Dual-PSoC-DCO.a(cyfitter_cfg.o)
 .text.ClockSetup
                0x00000540      0x128 .\CortexM3\ARM_GCC_493\Debug\Dual-PSoC-DCO.a(cyfitter_cfg.o)
 .text.cyfitter_cfg
                0x00000668      0x198 .\CortexM3\ARM_GCC_493\Debug\Dual-PSoC-DCO.a(cyfitter_cfg.o)
                0x00000668                cyfitter_cfg
 .text          0x00000800       0x20 .\CortexM3\ARM_GCC_493\Debug\Dual-PSoC-DCO.a(CyBootAsmGnu.o)
                0x00000800                CyDelayCycles
                0x00000810                CyEnterCriticalSection
                0x00000818                CyExitCriticalSection
 .text.CyDmacConfigure
                0x00000820       0x34 .\CortexM3\ARM_GCC_493\Debug\Dual-PSoC-DCO.a(CyDmac.o)
                0x00000820                CyDmacConfigure
 .text.CyDmaChEnable
                0x00000854       0x38 .\CortexM3\ARM_GCC_493\Debug\Dual-PSoC-DCO.a(CyDmac.o)
                0x00000854                CyDmaChEnable
 .text.CyDmaClearPendingDrq
                0x0000088c       0x28 .\CortexM3\ARM_GCC_493\Debug\Dual-PSoC-DCO.a(CyDmac.o)
                0x0000088c                CyDmaClearPendingDrq
 .text.CyDmaChPriority
                0x000008b4       0x24 .\CortexM3\ARM_GCC_493\Debug\Dual-PSoC-DCO.a(CyDmac.o)
                0x000008b4                CyDmaChPriority
 .text.CyDmaChSetExtendedAddress
                0x000008d8       0x34 .\CortexM3\ARM_GCC_493\Debug\Dual-PSoC-DCO.a(CyDmac.o)
                0x000008d8                CyDmaChSetExtendedAddress
 .text.CyDmaChSetInitialTd
                0x0000090c       0x18 .\CortexM3\ARM_GCC_493\Debug\Dual-PSoC-DCO.a(CyDmac.o)
                0x0000090c                CyDmaChSetInitialTd
 .text.CyDmaChSetConfiguration
                0x00000924       0x48 .\CortexM3\ARM_GCC_493\Debug\Dual-PSoC-DCO.a(CyDmac.o)
                0x00000924                CyDmaChSetConfiguration
 .text.CyDmaTdAllocate
                0x0000096c       0x34 .\CortexM3\ARM_GCC_493\Debug\Dual-PSoC-DCO.a(CyDmac.o)
                0x0000096c                CyDmaTdAllocate
 .text.CyDmaTdSetConfiguration
                0x000009a0       0x28 .\CortexM3\ARM_GCC_493\Debug\Dual-PSoC-DCO.a(CyDmac.o)
                0x000009a0                CyDmaTdSetConfiguration
 .text.CyDmaTdSetAddress
                0x000009c8       0x1c .\CortexM3\ARM_GCC_493\Debug\Dual-PSoC-DCO.a(CyDmac.o)
                0x000009c8                CyDmaTdSetAddress
 .text.CyHalt   0x000009e4        0x4 .\CortexM3\ARM_GCC_493\Debug\Dual-PSoC-DCO.a(CyLib.o)
                0x000009e4                CyHalt
 .text.CyDelayUs
                0x000009e8       0x14 .\CortexM3\ARM_GCC_493\Debug\Dual-PSoC-DCO.a(CyLib.o)
                0x000009e8                CyDelayUs
 .text.CyIntSetVector
                0x000009fc       0x28 .\CortexM3\ARM_GCC_493\Debug\Dual-PSoC-DCO.a(CyLib.o)
                0x000009fc                CyIntSetVector
 .text.CyIntSetPriority
                0x00000a24       0x30 .\CortexM3\ARM_GCC_493\Debug\Dual-PSoC-DCO.a(CyLib.o)
                0x00000a24                CyIntSetPriority
 .text.ADC_DelSig_1_GainCompensation
                0x00000a54       0xcc .\CortexM3\ARM_GCC_493\Debug\Dual-PSoC-DCO.a(ADC_DelSig_1.o)
 .text.ADC_DelSig_1_SetDSMRef0Reg
                0x00000b20       0x4c .\CortexM3\ARM_GCC_493\Debug\Dual-PSoC-DCO.a(ADC_DelSig_1.o)
 .text.ADC_DelSig_1_InitConfig
                0x00000b6c       0xe4 .\CortexM3\ARM_GCC_493\Debug\Dual-PSoC-DCO.a(ADC_DelSig_1.o)
 .text.ADC_DelSig_1_Init
                0x00000c50       0xc4 .\CortexM3\ARM_GCC_493\Debug\Dual-PSoC-DCO.a(ADC_DelSig_1.o)
                0x00000c50                ADC_DelSig_1_Init
 .text.ADC_DelSig_1_Enable
                0x00000d14       0xd8 .\CortexM3\ARM_GCC_493\Debug\Dual-PSoC-DCO.a(ADC_DelSig_1.o)
                0x00000d14                ADC_DelSig_1_Enable
 .text.ADC_DelSig_1_Start
                0x00000dec       0x28 .\CortexM3\ARM_GCC_493\Debug\Dual-PSoC-DCO.a(ADC_DelSig_1.o)
                0x00000dec                ADC_DelSig_1_Start
 .text.ADC_DelSig_1_StartConvert
                0x00000e14       0x10 .\CortexM3\ARM_GCC_493\Debug\Dual-PSoC-DCO.a(ADC_DelSig_1.o)
                0x00000e14                ADC_DelSig_1_StartConvert
 .text.ADC_DelSig_1_GetResult32
                0x00000e24       0x6c .\CortexM3\ARM_GCC_493\Debug\Dual-PSoC-DCO.a(ADC_DelSig_1.o)
                0x00000e24                ADC_DelSig_1_GetResult32
 .text.ADC_DelSig_1_ISR1
                0x00000e90        0x4 .\CortexM3\ARM_GCC_493\Debug\Dual-PSoC-DCO.a(ADC_DelSig_1_INT.o)
                0x00000e90                ADC_DelSig_1_ISR1
 .text.ADC_DelSig_1_Ext_CP_Clk_GetDividerRegister
                0x00000e94        0xc .\CortexM3\ARM_GCC_493\Debug\Dual-PSoC-DCO.a(ADC_DelSig_1_Ext_CP_Clk.o)
                0x00000e94                ADC_DelSig_1_Ext_CP_Clk_GetDividerRegister
 .text.ADC_DelSig_1_Ext_CP_Clk_SetModeRegister
                0x00000ea0       0x14 .\CortexM3\ARM_GCC_493\Debug\Dual-PSoC-DCO.a(ADC_DelSig_1_Ext_CP_Clk.o)
                0x00000ea0                ADC_DelSig_1_Ext_CP_Clk_SetModeRegister
 .text.ADC_DelSig_1_Ext_CP_Clk_GetSourceRegister
                0x00000eb4       0x10 .\CortexM3\ARM_GCC_493\Debug\Dual-PSoC-DCO.a(ADC_DelSig_1_Ext_CP_Clk.o)
                0x00000eb4                ADC_DelSig_1_Ext_CP_Clk_GetSourceRegister
 .text.ADC_DelSig_1_Ext_CP_Clk_SetDividerRegister
                0x00000ec4       0xdc .\CortexM3\ARM_GCC_493\Debug\Dual-PSoC-DCO.a(ADC_DelSig_1_Ext_CP_Clk.o)
                0x00000ec4                ADC_DelSig_1_Ext_CP_Clk_SetDividerRegister
 .text.ADC_DelSig_1_theACLK_GetDividerRegister
                0x00000fa0        0xc .\CortexM3\ARM_GCC_493\Debug\Dual-PSoC-DCO.a(ADC_DelSig_1_theACLK.o)
                0x00000fa0                ADC_DelSig_1_theACLK_GetDividerRegister
 .text.ADC_DelSig_1_theACLK_SetModeRegister
                0x00000fac       0x14 .\CortexM3\ARM_GCC_493\Debug\Dual-PSoC-DCO.a(ADC_DelSig_1_theACLK.o)
                0x00000fac                ADC_DelSig_1_theACLK_SetModeRegister
 .text.ADC_DelSig_1_theACLK_GetSourceRegister
                0x00000fc0       0x10 .\CortexM3\ARM_GCC_493\Debug\Dual-PSoC-DCO.a(ADC_DelSig_1_theACLK.o)
                0x00000fc0                ADC_DelSig_1_theACLK_GetSourceRegister
 .text.ADC_DelSig_1_theACLK_SetDividerRegister
                0x00000fd0       0xd8 .\CortexM3\ARM_GCC_493\Debug\Dual-PSoC-DCO.a(ADC_DelSig_1_theACLK.o)
                0x00000fd0                ADC_DelSig_1_theACLK_SetDividerRegister
 .text.Comp_1_Enable
                0x000010a8       0x1c .\CortexM3\ARM_GCC_493\Debug\Dual-PSoC-DCO.a(Comp_1.o)
                0x000010a8                Comp_1_Enable
 .text.Comp_1_SetSpeed
                0x000010c4       0x58 .\CortexM3\ARM_GCC_493\Debug\Dual-PSoC-DCO.a(Comp_1.o)
                0x000010c4                Comp_1_SetSpeed
 .text.Comp_1_Init
                0x0000111c       0x3c .\CortexM3\ARM_GCC_493\Debug\Dual-PSoC-DCO.a(Comp_1.o)
                0x0000111c                Comp_1_Init
 .text.Comp_1_Start
                0x00001158       0x1c .\CortexM3\ARM_GCC_493\Debug\Dual-PSoC-DCO.a(Comp_1.o)
                0x00001158                Comp_1_Start
 .text.OSC1_IDAC8_Enable
                0x00001174       0x1c .\CortexM3\ARM_GCC_493\Debug\Dual-PSoC-DCO.a(OSC1_IDAC8.o)
                0x00001174                OSC1_IDAC8_Enable
 .text.OSC1_IDAC8_SetSpeed
                0x00001190       0x1c .\CortexM3\ARM_GCC_493\Debug\Dual-PSoC-DCO.a(OSC1_IDAC8.o)
                0x00001190                OSC1_IDAC8_SetSpeed
 .text.OSC1_IDAC8_SetValue
                0x000011ac        0xc .\CortexM3\ARM_GCC_493\Debug\Dual-PSoC-DCO.a(OSC1_IDAC8.o)
                0x000011ac                OSC1_IDAC8_SetValue
 .text.OSC1_IDAC8_DacTrim
                0x000011b8       0x34 .\CortexM3\ARM_GCC_493\Debug\Dual-PSoC-DCO.a(OSC1_IDAC8.o)
                0x000011b8                OSC1_IDAC8_DacTrim
 .text.OSC1_IDAC8_Init
                0x000011ec       0x2c .\CortexM3\ARM_GCC_493\Debug\Dual-PSoC-DCO.a(OSC1_IDAC8.o)
                0x000011ec                OSC1_IDAC8_Init
 .text.OSC1_IDAC8_Start
                0x00001218       0x24 .\CortexM3\ARM_GCC_493\Debug\Dual-PSoC-DCO.a(OSC1_IDAC8.o)
                0x00001218                OSC1_IDAC8_Start
 .text.OSC1_IDAC8_SetRange
                0x0000123c       0x20 .\CortexM3\ARM_GCC_493\Debug\Dual-PSoC-DCO.a(OSC1_IDAC8.o)
                0x0000123c                OSC1_IDAC8_SetRange
 .text.OSC1_Freq_Timer_Enable
                0x0000125c       0x10 .\CortexM3\ARM_GCC_493\Debug\Dual-PSoC-DCO.a(OSC1_Freq_Timer.o)
                0x0000125c                OSC1_Freq_Timer_Enable
 .text.OSC1_Freq_Timer_Stop
                0x0000126c       0x10 .\CortexM3\ARM_GCC_493\Debug\Dual-PSoC-DCO.a(OSC1_Freq_Timer.o)
                0x0000126c                OSC1_Freq_Timer_Stop
 .text.OSC1_Freq_Timer_SetInterruptMode
                0x0000127c        0xc .\CortexM3\ARM_GCC_493\Debug\Dual-PSoC-DCO.a(OSC1_Freq_Timer.o)
                0x0000127c                OSC1_Freq_Timer_SetInterruptMode
 .text.OSC1_Freq_Timer_ReadStatusRegister
                0x00001288        0xc .\CortexM3\ARM_GCC_493\Debug\Dual-PSoC-DCO.a(OSC1_Freq_Timer.o)
                0x00001288                OSC1_Freq_Timer_ReadStatusRegister
 .text.OSC1_Freq_Timer_WritePeriod
                0x00001294        0xc .\CortexM3\ARM_GCC_493\Debug\Dual-PSoC-DCO.a(OSC1_Freq_Timer.o)
                0x00001294                OSC1_Freq_Timer_WritePeriod
 .text.OSC1_Freq_Timer_ReadCapture
                0x000012a0        0xc .\CortexM3\ARM_GCC_493\Debug\Dual-PSoC-DCO.a(OSC1_Freq_Timer.o)
                0x000012a0                OSC1_Freq_Timer_ReadCapture
 .text.OSC1_Freq_Timer_WriteCounter
                0x000012ac        0xc .\CortexM3\ARM_GCC_493\Debug\Dual-PSoC-DCO.a(OSC1_Freq_Timer.o)
                0x000012ac                OSC1_Freq_Timer_WriteCounter
 .text.OSC1_Freq_Timer_ReadCounter
                0x000012b8       0x14 .\CortexM3\ARM_GCC_493\Debug\Dual-PSoC-DCO.a(OSC1_Freq_Timer.o)
                0x000012b8                OSC1_Freq_Timer_ReadCounter
 .text.OSC1_Freq_Timer_ClearFIFO
                0x000012cc       0x14 .\CortexM3\ARM_GCC_493\Debug\Dual-PSoC-DCO.a(OSC1_Freq_Timer.o)
                0x000012cc                OSC1_Freq_Timer_ClearFIFO
 .text.OSC1_Freq_Timer_Init
                0x000012e0       0x34 .\CortexM3\ARM_GCC_493\Debug\Dual-PSoC-DCO.a(OSC1_Freq_Timer.o)
                0x000012e0                OSC1_Freq_Timer_Init
 .text.OSC1_Freq_Timer_Start
                0x00001314       0x1c .\CortexM3\ARM_GCC_493\Debug\Dual-PSoC-DCO.a(OSC1_Freq_Timer.o)
                0x00001314                OSC1_Freq_Timer_Start
 .text.OSC1_Comp_Enable
                0x00001330       0x1c .\CortexM3\ARM_GCC_493\Debug\Dual-PSoC-DCO.a(OSC1_Comp.o)
                0x00001330                OSC1_Comp_Enable
 .text.OSC1_Comp_SetSpeed
                0x0000134c       0x58 .\CortexM3\ARM_GCC_493\Debug\Dual-PSoC-DCO.a(OSC1_Comp.o)
                0x0000134c                OSC1_Comp_SetSpeed
 .text.OSC1_Comp_Init
                0x000013a4       0x3c .\CortexM3\ARM_GCC_493\Debug\Dual-PSoC-DCO.a(OSC1_Comp.o)
                0x000013a4                OSC1_Comp_Init
 .text.OSC1_Comp_Start
                0x000013e0       0x1c .\CortexM3\ARM_GCC_493\Debug\Dual-PSoC-DCO.a(OSC1_Comp.o)
                0x000013e0                OSC1_Comp_Start
 .text.OSC1_IDAC8_SAW_Enable
                0x000013fc       0x1c .\CortexM3\ARM_GCC_493\Debug\Dual-PSoC-DCO.a(OSC1_IDAC8_SAW.o)
                0x000013fc                OSC1_IDAC8_SAW_Enable
 .text.OSC1_IDAC8_SAW_SetSpeed
                0x00001418       0x1c .\CortexM3\ARM_GCC_493\Debug\Dual-PSoC-DCO.a(OSC1_IDAC8_SAW.o)
                0x00001418                OSC1_IDAC8_SAW_SetSpeed
 .text.OSC1_IDAC8_SAW_SetValue
                0x00001434        0xc .\CortexM3\ARM_GCC_493\Debug\Dual-PSoC-DCO.a(OSC1_IDAC8_SAW.o)
                0x00001434                OSC1_IDAC8_SAW_SetValue
 .text.OSC1_IDAC8_SAW_DacTrim
                0x00001440       0x34 .\CortexM3\ARM_GCC_493\Debug\Dual-PSoC-DCO.a(OSC1_IDAC8_SAW.o)
                0x00001440                OSC1_IDAC8_SAW_DacTrim
 .text.OSC1_IDAC8_SAW_Init
                0x00001474       0x2c .\CortexM3\ARM_GCC_493\Debug\Dual-PSoC-DCO.a(OSC1_IDAC8_SAW.o)
                0x00001474                OSC1_IDAC8_SAW_Init
 .text.OSC1_IDAC8_SAW_Start
                0x000014a0       0x24 .\CortexM3\ARM_GCC_493\Debug\Dual-PSoC-DCO.a(OSC1_IDAC8_SAW.o)
                0x000014a0                OSC1_IDAC8_SAW_Start
 .text.OSC1_IDAC8_SAW_SetRange
                0x000014c4       0x20 .\CortexM3\ARM_GCC_493\Debug\Dual-PSoC-DCO.a(OSC1_IDAC8_SAW.o)
                0x000014c4                OSC1_IDAC8_SAW_SetRange
 .text.Clock_1_Start
                0x000014e4       0x1c .\CortexM3\ARM_GCC_493\Debug\Dual-PSoC-DCO.a(Clock_1.o)
                0x000014e4                Clock_1_Start
 .text.OSC1_Triangle_Follower_Enable
                0x00001500       0x28 .\CortexM3\ARM_GCC_493\Debug\Dual-PSoC-DCO.a(OSC1_Triangle_Follower.o)
                0x00001500                OSC1_Triangle_Follower_Enable
 .text.OSC1_Triangle_Follower_SetPower
                0x00001528       0x1c .\CortexM3\ARM_GCC_493\Debug\Dual-PSoC-DCO.a(OSC1_Triangle_Follower.o)
                0x00001528                OSC1_Triangle_Follower_SetPower
 .text.OSC1_Triangle_Follower_Init
                0x00001544        0xc .\CortexM3\ARM_GCC_493\Debug\Dual-PSoC-DCO.a(OSC1_Triangle_Follower.o)
                0x00001544                OSC1_Triangle_Follower_Init
 .text.OSC1_Triangle_Follower_Start
                0x00001550       0x1c .\CortexM3\ARM_GCC_493\Debug\Dual-PSoC-DCO.a(OSC1_Triangle_Follower.o)
                0x00001550                OSC1_Triangle_Follower_Start
 .text.OSC1_Saw_Follower_Enable
                0x0000156c       0x28 .\CortexM3\ARM_GCC_493\Debug\Dual-PSoC-DCO.a(OSC1_Saw_Follower.o)
                0x0000156c                OSC1_Saw_Follower_Enable
 .text.OSC1_Saw_Follower_SetPower
                0x00001594       0x1c .\CortexM3\ARM_GCC_493\Debug\Dual-PSoC-DCO.a(OSC1_Saw_Follower.o)
                0x00001594                OSC1_Saw_Follower_SetPower
 .text.OSC1_Saw_Follower_Init
                0x000015b0        0xc .\CortexM3\ARM_GCC_493\Debug\Dual-PSoC-DCO.a(OSC1_Saw_Follower.o)
                0x000015b0                OSC1_Saw_Follower_Init
 .text.OSC1_Saw_Follower_Start
                0x000015bc       0x1c .\CortexM3\ARM_GCC_493\Debug\Dual-PSoC-DCO.a(OSC1_Saw_Follower.o)
                0x000015bc                OSC1_Saw_Follower_Start
 .text.OSC1_ADC_SAR_Init
                0x000015d8       0x3c .\CortexM3\ARM_GCC_493\Debug\Dual-PSoC-DCO.a(OSC1_ADC_SAR.o)
                0x000015d8                OSC1_ADC_SAR_Init
 .text.OSC1_ADC_SAR_Enable
                0x00001614       0xcc .\CortexM3\ARM_GCC_493\Debug\Dual-PSoC-DCO.a(OSC1_ADC_SAR.o)
                0x00001614                OSC1_ADC_SAR_Enable
 .text.OSC1_ADC_SAR_Start
                0x000016e0       0x28 .\CortexM3\ARM_GCC_493\Debug\Dual-PSoC-DCO.a(OSC1_ADC_SAR.o)
                0x000016e0                OSC1_ADC_SAR_Start
 .text.OSC1_ADC_SAR_StartConvert
                0x00001708        0x8 .\CortexM3\ARM_GCC_493\Debug\Dual-PSoC-DCO.a(OSC1_ADC_SAR.o)
                0x00001708                OSC1_ADC_SAR_StartConvert
 .text.OSC1_ADC_SAR_GetResult16
                0x00001710       0x1c .\CortexM3\ARM_GCC_493\Debug\Dual-PSoC-DCO.a(OSC1_ADC_SAR.o)
                0x00001710                OSC1_ADC_SAR_GetResult16
 .text.OSC1_ADC_SAR_CountsTo_Volts
                0x0000172c        0x8 .\CortexM3\ARM_GCC_493\Debug\Dual-PSoC-DCO.a(OSC1_ADC_SAR.o)
                0x0000172c                OSC1_ADC_SAR_CountsTo_Volts
 .text.OSC1_ADC_SAR_ISR
                0x00001734        0x4 .\CortexM3\ARM_GCC_493\Debug\Dual-PSoC-DCO.a(OSC1_ADC_SAR_INT.o)
                0x00001734                OSC1_ADC_SAR_ISR
 .text.OSC1_ADC_SAR_SAR_CalcGain
                0x00001738       0x64 .\CortexM3\ARM_GCC_493\Debug\Dual-PSoC-DCO.a(OSC1_ADC_SAR_SAR.o)
 .text.OSC1_ADC_SAR_SAR_Enable
                0x0000179c       0x78 .\CortexM3\ARM_GCC_493\Debug\Dual-PSoC-DCO.a(OSC1_ADC_SAR_SAR.o)
                0x0000179c                OSC1_ADC_SAR_SAR_Enable
 .text.OSC1_ADC_SAR_SAR_SetResolution
                0x00001814       0x38 .\CortexM3\ARM_GCC_493\Debug\Dual-PSoC-DCO.a(OSC1_ADC_SAR_SAR.o)
                0x00001814                OSC1_ADC_SAR_SAR_SetResolution
 .text.OSC1_ADC_SAR_SAR_Init
                0x0000184c       0x24 .\CortexM3\ARM_GCC_493\Debug\Dual-PSoC-DCO.a(OSC1_ADC_SAR_SAR.o)
                0x0000184c                OSC1_ADC_SAR_SAR_Init
 .text.OSC1_ADC_SAR_SAR_Start
                0x00001870       0x1c .\CortexM3\ARM_GCC_493\Debug\Dual-PSoC-DCO.a(OSC1_ADC_SAR_SAR.o)
                0x00001870                OSC1_ADC_SAR_SAR_Start
 .text.OSC1_ADC_SAR_SAR_StartConvert
                0x0000188c       0x10 .\CortexM3\ARM_GCC_493\Debug\Dual-PSoC-DCO.a(OSC1_ADC_SAR_SAR.o)
                0x0000188c                OSC1_ADC_SAR_SAR_StartConvert
 .text.OSC1_ADC_SAR_SAR_CountsTo_Volts
                0x0000189c       0x50 .\CortexM3\ARM_GCC_493\Debug\Dual-PSoC-DCO.a(OSC1_ADC_SAR_SAR.o)
                0x0000189c                OSC1_ADC_SAR_SAR_CountsTo_Volts
 .text.OSC1_ADC_SAR_TempBuf_DmaInitialize
                0x000018ec       0x40 .\CortexM3\ARM_GCC_493\Debug\Dual-PSoC-DCO.a(OSC1_ADC_SAR_TempBuf_dma.o)
                0x000018ec                OSC1_ADC_SAR_TempBuf_DmaInitialize
 .text.OSC1_ADC_SAR_FinalBuf_DmaInitialize
                0x0000192c       0x3c .\CortexM3\ARM_GCC_493\Debug\Dual-PSoC-DCO.a(OSC1_ADC_SAR_FinalBuf_dma.o)
                0x0000192c                OSC1_ADC_SAR_FinalBuf_DmaInitialize
 .text.OSC1_ADC_SAR_IRQ_SetVector
                0x00001968        0xc .\CortexM3\ARM_GCC_493\Debug\Dual-PSoC-DCO.a(OSC1_ADC_SAR_IRQ.o)
                0x00001968                OSC1_ADC_SAR_IRQ_SetVector
 .text.OSC1_ADC_SAR_IRQ_SetPriority
                0x00001974       0x10 .\CortexM3\ARM_GCC_493\Debug\Dual-PSoC-DCO.a(OSC1_ADC_SAR_IRQ.o)
                0x00001974                OSC1_ADC_SAR_IRQ_SetPriority
 .text.test_pin_Write
                0x00001984       0x18 .\CortexM3\ARM_GCC_493\Debug\Dual-PSoC-DCO.a(test_pin.o)
                0x00001984                test_pin_Write
 .text.OSC1_SIGNCHANGE_PositiveISR_SetVector
                0x0000199c        0xc .\CortexM3\ARM_GCC_493\Debug\Dual-PSoC-DCO.a(OSC1_SIGNCHANGE_PositiveISR.o)
                0x0000199c                OSC1_SIGNCHANGE_PositiveISR_SetVector
 .text.OSC1_SIGNCHANGE_PositiveISR_SetPriority
                0x000019a8       0x10 .\CortexM3\ARM_GCC_493\Debug\Dual-PSoC-DCO.a(OSC1_SIGNCHANGE_PositiveISR.o)
                0x000019a8                OSC1_SIGNCHANGE_PositiveISR_SetPriority
 .text.OSC1_SIGNCHANGE_PositiveISR_Enable
                0x000019b8        0xc .\CortexM3\ARM_GCC_493\Debug\Dual-PSoC-DCO.a(OSC1_SIGNCHANGE_PositiveISR.o)
                0x000019b8                OSC1_SIGNCHANGE_PositiveISR_Enable
 .text.OSC1_SIGNCHANGE_PositiveISR_Disable
                0x000019c4        0xc .\CortexM3\ARM_GCC_493\Debug\Dual-PSoC-DCO.a(OSC1_SIGNCHANGE_PositiveISR.o)
                0x000019c4                OSC1_SIGNCHANGE_PositiveISR_Disable
 .text.OSC1_SIGNCHANGE_PositiveISR_StartEx
                0x000019d0       0x1c .\CortexM3\ARM_GCC_493\Debug\Dual-PSoC-DCO.a(OSC1_SIGNCHANGE_PositiveISR.o)
                0x000019d0                OSC1_SIGNCHANGE_PositiveISR_StartEx
 .text.OSC1_SIGNCHANGE_NegativeISR_SetVector
                0x000019ec        0xc .\CortexM3\ARM_GCC_493\Debug\Dual-PSoC-DCO.a(OSC1_SIGNCHANGE_NegativeISR.o)
                0x000019ec                OSC1_SIGNCHANGE_NegativeISR_SetVector
 .text.OSC1_SIGNCHANGE_NegativeISR_SetPriority
                0x000019f8       0x10 .\CortexM3\ARM_GCC_493\Debug\Dual-PSoC-DCO.a(OSC1_SIGNCHANGE_NegativeISR.o)
                0x000019f8                OSC1_SIGNCHANGE_NegativeISR_SetPriority
 .text.OSC1_SIGNCHANGE_NegativeISR_Enable
                0x00001a08        0xc .\CortexM3\ARM_GCC_493\Debug\Dual-PSoC-DCO.a(OSC1_SIGNCHANGE_NegativeISR.o)
                0x00001a08                OSC1_SIGNCHANGE_NegativeISR_Enable
 .text.OSC1_SIGNCHANGE_NegativeISR_Disable
                0x00001a14        0xc .\CortexM3\ARM_GCC_493\Debug\Dual-PSoC-DCO.a(OSC1_SIGNCHANGE_NegativeISR.o)
                0x00001a14                OSC1_SIGNCHANGE_NegativeISR_Disable
 .text.OSC1_SIGNCHANGE_NegativeISR_StartEx
                0x00001a20       0x1c .\CortexM3\ARM_GCC_493\Debug\Dual-PSoC-DCO.a(OSC1_SIGNCHANGE_NegativeISR.o)
                0x00001a20                OSC1_SIGNCHANGE_NegativeISR_StartEx
 .text.pow      0x00001a3c      0x2f0 c:/program files (x86)/cypress/psoc creator/3.3/psoc creator/import/gnu/arm/4.9.3/bin/../lib/gcc/arm-none-eabi/4.9.3/../../../../arm-none-eabi/lib/armv7-m\libm.a(lib_a-w_pow.o)
                0x00001a3c                pow
 *fill*         0x00001d2c        0x4 
 .text.__ieee754_pow
                0x00001d30      0xaa0 c:/program files (x86)/cypress/psoc creator/3.3/psoc creator/import/gnu/arm/4.9.3/bin/../lib/gcc/arm-none-eabi/4.9.3/../../../../arm-none-eabi/lib/armv7-m\libm.a(lib_a-e_pow.o)
                0x00001d30                __ieee754_pow
 .text.__ieee754_sqrt
                0x000027d0      0x18c c:/program files (x86)/cypress/psoc creator/3.3/psoc creator/import/gnu/arm/4.9.3/bin/../lib/gcc/arm-none-eabi/4.9.3/../../../../arm-none-eabi/lib/armv7-m\libm.a(lib_a-e_sqrt.o)
                0x000027d0                __ieee754_sqrt
 .text.fabs     0x0000295c        0x8 c:/program files (x86)/cypress/psoc creator/3.3/psoc creator/import/gnu/arm/4.9.3/bin/../lib/gcc/arm-none-eabi/4.9.3/../../../../arm-none-eabi/lib/armv7-m\libm.a(lib_a-s_fabs.o)
                0x0000295c                fabs
 .text.finite   0x00002964        0xc c:/program files (x86)/cypress/psoc creator/3.3/psoc creator/import/gnu/arm/4.9.3/bin/../lib/gcc/arm-none-eabi/4.9.3/../../../../arm-none-eabi/lib/armv7-m\libm.a(lib_a-s_finite.o)
                0x00002964                finite
 .text.__fpclassifyd
                0x00002970       0x58 c:/program files (x86)/cypress/psoc creator/3.3/psoc creator/import/gnu/arm/4.9.3/bin/../lib/gcc/arm-none-eabi/4.9.3/../../../../arm-none-eabi/lib/armv7-m\libm.a(lib_a-s_fpclassify.o)
                0x00002970                __fpclassifyd
 .text.matherr  0x000029c8        0x4 c:/program files (x86)/cypress/psoc creator/3.3/psoc creator/import/gnu/arm/4.9.3/bin/../lib/gcc/arm-none-eabi/4.9.3/../../../../arm-none-eabi/lib/armv7-m\libm.a(lib_a-s_matherr.o)
                0x000029c8                matherr
 .text.nan      0x000029cc        0xc c:/program files (x86)/cypress/psoc creator/3.3/psoc creator/import/gnu/arm/4.9.3/bin/../lib/gcc/arm-none-eabi/4.9.3/../../../../arm-none-eabi/lib/armv7-m\libm.a(lib_a-s_nan.o)
                0x000029cc                nan
 .text.rint     0x000029d8      0x11c c:/program files (x86)/cypress/psoc creator/3.3/psoc creator/import/gnu/arm/4.9.3/bin/../lib/gcc/arm-none-eabi/4.9.3/../../../../arm-none-eabi/lib/armv7-m\libm.a(lib_a-s_rint.o)
                0x000029d8                rint
 *fill*         0x00002af4        0x4 
 .text.scalbn   0x00002af8       0xf0 c:/program files (x86)/cypress/psoc creator/3.3/psoc creator/import/gnu/arm/4.9.3/bin/../lib/gcc/arm-none-eabi/4.9.3/../../../../arm-none-eabi/lib/armv7-m\libm.a(lib_a-s_scalbn.o)
                0x00002af8                scalbn
 .text.copysign
                0x00002be8       0x10 c:/program files (x86)/cypress/psoc creator/3.3/psoc creator/import/gnu/arm/4.9.3/bin/../lib/gcc/arm-none-eabi/4.9.3/../../../../arm-none-eabi/lib/armv7-m\libm.a(lib_a-s_copysign.o)
                0x00002be8                copysign
 .text          0x00002bf8      0x370 c:/program files (x86)/cypress/psoc creator/3.3/psoc creator/import/gnu/arm/4.9.3/bin/../lib/gcc/arm-none-eabi/4.9.3/armv7-m\libgcc.a(_arm_addsubdf3.o)
                0x00002bf8                __aeabi_drsub
                0x00002c00                __aeabi_dsub
                0x00002c00                __subdf3
                0x00002c04                __aeabi_dadd
                0x00002c04                __adddf3
                0x00002e7c                __floatunsidf
                0x00002e7c                __aeabi_ui2d
                0x00002e9c                __floatsidf
                0x00002e9c                __aeabi_i2d
                0x00002ec0                __aeabi_f2d
                0x00002ec0                __extendsfdf2
                0x00002efc                __floatundidf
                0x00002efc                __aeabi_ul2d
                0x00002f0c                __floatdidf
                0x00002f0c                __aeabi_l2d
 .text          0x00002f68      0x424 c:/program files (x86)/cypress/psoc creator/3.3/psoc creator/import/gnu/arm/4.9.3/bin/../lib/gcc/arm-none-eabi/4.9.3/armv7-m\libgcc.a(_arm_muldivdf3.o)
                0x00002f68                __aeabi_dmul
                0x00002f68                __muldf3
                0x000031bc                __divdf3
                0x000031bc                __aeabi_ddiv
 .text          0x0000338c      0x110 c:/program files (x86)/cypress/psoc creator/3.3/psoc creator/import/gnu/arm/4.9.3/bin/../lib/gcc/arm-none-eabi/4.9.3/armv7-m\libgcc.a(_arm_cmpdf2.o)
                0x0000338c                __gtdf2
                0x0000338c                __gedf2
                0x00003394                __ltdf2
                0x00003394                __ledf2
                0x0000339c                __nedf2
                0x0000339c                __eqdf2
                0x0000339c                __cmpdf2
                0x00003418                __aeabi_cdrcmple
                0x00003428                __aeabi_cdcmpeq
                0x00003428                __aeabi_cdcmple
                0x00003438                __aeabi_dcmpeq
                0x0000344c                __aeabi_dcmplt
                0x00003460                __aeabi_dcmple
                0x00003474                __aeabi_dcmpge
                0x00003488                __aeabi_dcmpgt
 .text          0x0000349c       0x40 c:/program files (x86)/cypress/psoc creator/3.3/psoc creator/import/gnu/arm/4.9.3/bin/../lib/gcc/arm-none-eabi/4.9.3/armv7-m\libgcc.a(_arm_fixunsdfsi.o)
                0x0000349c                __aeabi_d2uiz
                0x0000349c                __fixunsdfsi
 .text          0x000034dc      0x21c c:/program files (x86)/cypress/psoc creator/3.3/psoc creator/import/gnu/arm/4.9.3/bin/../lib/gcc/arm-none-eabi/4.9.3/armv7-m\libgcc.a(_arm_addsubsf3.o)
                0x000034dc                __aeabi_frsub
                0x000034e4                __subsf3
                0x000034e4                __aeabi_fsub
                0x000034e8                __aeabi_fadd
                0x000034e8                __addsf3
                0x00003648                __aeabi_ui2f
                0x00003648                __floatunsisf
                0x00003650                __aeabi_i2f
                0x00003650                __floatsisf
                0x0000366c                __aeabi_ul2f
                0x0000366c                __floatundisf
                0x0000367c                __aeabi_l2f
                0x0000367c                __floatdisf
 .text          0x000036f8      0x2a0 c:/program files (x86)/cypress/psoc creator/3.3/psoc creator/import/gnu/arm/4.9.3/bin/../lib/gcc/arm-none-eabi/4.9.3/armv7-m\libgcc.a(_arm_muldivsf3.o)
                0x000036f8                __mulsf3
                0x000036f8                __aeabi_fmul
                0x00003860                __aeabi_fdiv
                0x00003860                __divsf3
 .text.__errno  0x00003998        0xc c:/program files (x86)/cypress/psoc creator/3.3/psoc creator/import/gnu/arm/4.9.3/bin/../lib/gcc/arm-none-eabi/4.9.3/../../../../arm-none-eabi/lib/armv7-m\libg_nano.a(lib_a-errno.o)
                0x00003998                __errno
 .text.__libc_init_array
                0x000039a4       0x4c c:/program files (x86)/cypress/psoc creator/3.3/psoc creator/import/gnu/arm/4.9.3/bin/../lib/gcc/arm-none-eabi/4.9.3/../../../../arm-none-eabi/lib/armv7-m\libg_nano.a(lib_a-init.o)
                0x000039a4                __libc_init_array
 .text.memcpy   0x000039f0       0x16 c:/program files (x86)/cypress/psoc creator/3.3/psoc creator/import/gnu/arm/4.9.3/bin/../lib/gcc/arm-none-eabi/4.9.3/../../../../arm-none-eabi/lib/armv7-m\libg_nano.a(lib_a-memcpy.o)
                0x000039f0                memcpy
 .text.memset   0x00003a06       0x10 c:/program files (x86)/cypress/psoc creator/3.3/psoc creator/import/gnu/arm/4.9.3/bin/../lib/gcc/arm-none-eabi/4.9.3/../../../../arm-none-eabi/lib/armv7-m\libg_nano.a(lib_a-memset.o)
                0x00003a06                memset
 *(.plt)
 *(.gnu.warning)
 *(.glue_7t)
 .glue_7t       0x00000000        0x0 linker stubs
 *(.glue_7)
 .glue_7        0x00000000        0x0 linker stubs
 *(.vfp11_veneer)
 .vfp11_veneer  0x00000000        0x0 linker stubs
 *(.bootloader)
 *(.ARM.extab* .gnu.linkonce.armextab.*)
 *(.gcc_except_table)

.v4_bx          0x00003a18        0x0
 .v4_bx         0x00000000        0x0 linker stubs

.iplt           0x00003a18        0x0
 .iplt          0x00000000        0x0 c:/program files (x86)/cypress/psoc creator/3.3/psoc creator/import/gnu/arm/4.9.3/bin/../lib/gcc/arm-none-eabi/4.9.3/armv7-m/crtbegin.o

.eh_frame_hdr
 *(.eh_frame_hdr)

.eh_frame       0x00003a18        0x4
 *(.eh_frame)
 .eh_frame      0x00003a18        0x0 c:/program files (x86)/cypress/psoc creator/3.3/psoc creator/import/gnu/arm/4.9.3/bin/../lib/gcc/arm-none-eabi/4.9.3/armv7-m/crtbegin.o
 .eh_frame      0x00003a18        0x4 c:/program files (x86)/cypress/psoc creator/3.3/psoc creator/import/gnu/arm/4.9.3/bin/../lib/gcc/arm-none-eabi/4.9.3/armv7-m/crtend.o
                0x00003a1c                PROVIDE (__exidx_start, .)

.ARM.exidx
 *(.ARM.exidx* .gnu.linkonce.armexidx.*)
                0x00003a1c                __exidx_end = .

.rodata         0x00003a20       0xb8
 *(.rodata .rodata.* .gnu.linkonce.r.*)
 .rodata        0x00003a20       0x30 .\CortexM3\ARM_GCC_493\Debug\Dual-PSoC-DCO.a(cyfitter_cfg.o)
 .rodata.str1.4
                0x00003a50        0x4 c:/program files (x86)/cypress/psoc creator/3.3/psoc creator/import/gnu/arm/4.9.3/bin/../lib/gcc/arm-none-eabi/4.9.3/../../../../arm-none-eabi/lib/armv7-m\libm.a(lib_a-w_pow.o)
 *fill*         0x00003a54        0x4 
 .rodata.dp_h   0x00003a58       0x10 c:/program files (x86)/cypress/psoc creator/3.3/psoc creator/import/gnu/arm/4.9.3/bin/../lib/gcc/arm-none-eabi/4.9.3/../../../../arm-none-eabi/lib/armv7-m\libm.a(lib_a-e_pow.o)
 .rodata.dp_l   0x00003a68       0x10 c:/program files (x86)/cypress/psoc creator/3.3/psoc creator/import/gnu/arm/4.9.3/bin/../lib/gcc/arm-none-eabi/4.9.3/../../../../arm-none-eabi/lib/armv7-m\libm.a(lib_a-e_pow.o)
 .rodata.bp     0x00003a78       0x10 c:/program files (x86)/cypress/psoc creator/3.3/psoc creator/import/gnu/arm/4.9.3/bin/../lib/gcc/arm-none-eabi/4.9.3/../../../../arm-none-eabi/lib/armv7-m\libm.a(lib_a-e_pow.o)
 .rodata.str1.4
                0x00003a88        0x4 c:/program files (x86)/cypress/psoc creator/3.3/psoc creator/import/gnu/arm/4.9.3/bin/../lib/gcc/arm-none-eabi/4.9.3/../../../../arm-none-eabi/lib/armv7-m\libm.a(lib_a-e_pow.o)
 *fill*         0x00003a8c        0x4 
 .rodata.TWO52  0x00003a90       0x10 c:/program files (x86)/cypress/psoc creator/3.3/psoc creator/import/gnu/arm/4.9.3/bin/../lib/gcc/arm-none-eabi/4.9.3/../../../../arm-none-eabi/lib/armv7-m\libm.a(lib_a-s_rint.o)
 .rodata.str1.1
                0x00003aa0        0x2 c:/program files (x86)/cypress/psoc creator/3.3/psoc creator/import/gnu/arm/4.9.3/bin/../lib/gcc/arm-none-eabi/4.9.3/../../../../arm-none-eabi/lib/armv7-m\libg_nano.a(lib_a-impure.o)
                0x00003aa4                . = ALIGN (0x4)
 *fill*         0x00003aa2        0x2 
 *(.init)
 .init          0x00003aa4        0x4 c:/program files (x86)/cypress/psoc creator/3.3/psoc creator/import/gnu/arm/4.9.3/bin/../lib/gcc/arm-none-eabi/4.9.3/armv7-m/crti.o
                0x00003aa4                _init
 .init          0x00003aa8        0x8 c:/program files (x86)/cypress/psoc creator/3.3/psoc creator/import/gnu/arm/4.9.3/bin/../lib/gcc/arm-none-eabi/4.9.3/armv7-m/crtn.o
                0x00003ab0                . = ALIGN (0x4)
                0x00003ab0                __preinit_array_start = .
 *(.preinit_array)
                0x00003ab0                __preinit_array_end = .
                0x00003ab0                . = ALIGN (0x4)
                0x00003ab0                __init_array_start = .
 *(SORT(.init_array.*))
 *(.init_array)
 .init_array    0x00003ab0        0x4 c:/program files (x86)/cypress/psoc creator/3.3/psoc creator/import/gnu/arm/4.9.3/bin/../lib/gcc/arm-none-eabi/4.9.3/armv7-m/crtbegin.o
 .init_array    0x00003ab4        0x4 .\CortexM3\ARM_GCC_493\Debug\Cm3Start.o
                0x00003ab8                __init_array_end = .
                0x00003ab8                . = ALIGN (0x4)
 *(.fini)
 .fini          0x00003ab8        0x4 c:/program files (x86)/cypress/psoc creator/3.3/psoc creator/import/gnu/arm/4.9.3/bin/../lib/gcc/arm-none-eabi/4.9.3/armv7-m/crti.o
                0x00003ab8                _fini
 .fini          0x00003abc        0x8 c:/program files (x86)/cypress/psoc creator/3.3/psoc creator/import/gnu/arm/4.9.3/bin/../lib/gcc/arm-none-eabi/4.9.3/armv7-m/crtn.o
                0x00003ac4                . = ALIGN (0x4)
                0x00003ac4                __fini_array_start = .
 *(.fini_array)
 .fini_array    0x00003ac4        0x4 c:/program files (x86)/cypress/psoc creator/3.3/psoc creator/import/gnu/arm/4.9.3/bin/../lib/gcc/arm-none-eabi/4.9.3/armv7-m/crtbegin.o
 *(SORT(.fini_array.*))
                0x00003ac8                __fini_array_end = .
                0x00003ac8                . = ALIGN (0x4)
 *crtbegin.o(.ctors)
 *(EXCLUDE_FILE(*crtend.o) .ctors)
 *(SORT(.ctors.*))
 *crtend.o(.ctors)
                0x00003ac8                . = ALIGN (0x4)
 *crtbegin.o(.dtors)
 *(EXCLUDE_FILE(*crtend.o) .dtors)
 *(SORT(.dtors.*))
 *crtend.o(.dtors)
                0x00003ac8                . = ALIGN (0x4)
                0x00003ac8                __cy_regions = .
                0x00003ac8        0x4 LONG 0x3ad8 __cy_region_init_ram
                0x00003acc        0x4 LONG 0x1fff8108 __cy_region_start_data
                0x00003ad0        0x4 LONG 0x88 __cy_region_init_size_ram
                0x00003ad4        0x4 LONG 0x68 __cy_region_zero_size_ram
                0x00003ad8                __cy_regions_end = .
                0x00003ad8                . = ALIGN (0x8)
                0x00003ad8                _etext = .

.cy_checksum_exclude
                0x00003ad8        0x0
 *(.cy_checksum_exclude)

.ramvectors     0x1fff8000      0x100
                0x1fff8000                __cy_region_start_ram = .
 *(.ramvectors)
 .ramvectors    0x1fff8000      0x100 .\CortexM3\ARM_GCC_493\Debug\Cm3Start.o
                0x1fff8000                CyRamVectors

.noinit         0x1fff8100        0x5
 *(.noinit)
 .noinit        0x1fff8100        0x4 .\CortexM3\ARM_GCC_493\Debug\Cm3Start.o
 .noinit        0x1fff8104        0x1 .\CortexM3\ARM_GCC_493\Debug\Dual-PSoC-DCO.a(CyLib.o)
                0x1fff8104                CyResetStatus

.data           0x1fff8108       0x88 load address 0x00003ad8
                0x1fff8108                __cy_region_start_data = .
 *(.jcr)
 .jcr           0x1fff8108        0x0 c:/program files (x86)/cypress/psoc creator/3.3/psoc creator/import/gnu/arm/4.9.3/bin/../lib/gcc/arm-none-eabi/4.9.3/armv7-m/crtbegin.o
 .jcr           0x1fff8108        0x4 c:/program files (x86)/cypress/psoc creator/3.3/psoc creator/import/gnu/arm/4.9.3/bin/../lib/gcc/arm-none-eabi/4.9.3/armv7-m/crtend.o
 *(.got.plt)
 *(.got)
 *(.shdata)
 *(.data .data.* .gnu.linkonce.d.*)
 .data          0x1fff810c        0x8 .\CortexM3\ARM_GCC_493\Debug\Dual-PSoC-DCO.a(CyDmac.o)
 .data          0x1fff8114       0x10 .\CortexM3\ARM_GCC_493\Debug\Dual-PSoC-DCO.a(CyLib.o)
                0x1fff8114                cydelay_32k_ms
                0x1fff8118                cydelay_freq_khz
                0x1fff811c                cydelay_freq_mhz
                0x1fff8120                cydelay_freq_hz
 .data          0x1fff8124        0x1 .\CortexM3\ARM_GCC_493\Debug\Dual-PSoC-DCO.a(ADC_DelSig_1.o)
                0x1fff8124                ADC_DelSig_1_Config
 .data          0x1fff8125        0x2 .\CortexM3\ARM_GCC_493\Debug\Dual-PSoC-DCO.a(OSC1_ADC_SAR.o)
 .data          0x1fff8127        0x1 .\CortexM3\ARM_GCC_493\Debug\Dual-PSoC-DCO.a(OSC1_ADC_SAR_TempBuf_dma.o)
                0x1fff8127                OSC1_ADC_SAR_TempBuf_DmaHandle
 .data          0x1fff8128        0x1 .\CortexM3\ARM_GCC_493\Debug\Dual-PSoC-DCO.a(OSC1_ADC_SAR_FinalBuf_dma.o)
                0x1fff8128                OSC1_ADC_SAR_FinalBuf_DmaHandle
 .data.__fdlib_version
                0x1fff8129        0x1 c:/program files (x86)/cypress/psoc creator/3.3/psoc creator/import/gnu/arm/4.9.3/bin/../lib/gcc/arm-none-eabi/4.9.3/../../../../arm-none-eabi/lib/armv7-m\libm.a(lib_a-s_lib_ver.o)
                0x1fff8129                __fdlib_version
 *fill*         0x1fff812a        0x2 
 .data.impure_data
                0x1fff812c       0x60 c:/program files (x86)/cypress/psoc creator/3.3/psoc creator/import/gnu/arm/4.9.3/bin/../lib/gcc/arm-none-eabi/4.9.3/../../../../arm-none-eabi/lib/armv7-m\libg_nano.a(lib_a-impure.o)
 .data._impure_ptr
                0x1fff818c        0x4 c:/program files (x86)/cypress/psoc creator/3.3/psoc creator/import/gnu/arm/4.9.3/bin/../lib/gcc/arm-none-eabi/4.9.3/../../../../arm-none-eabi/lib/armv7-m\libg_nano.a(lib_a-impure.o)
                0x1fff818c                _impure_ptr
                0x1fff8190                . = ALIGN (0x8)
 *(.ram)
                0x1fff8190                _edata = .

.igot.plt       0x1fff8190        0x0 load address 0x00003b60
 .igot.plt      0x00000000        0x0 c:/program files (x86)/cypress/psoc creator/3.3/psoc creator/import/gnu/arm/4.9.3/bin/../lib/gcc/arm-none-eabi/4.9.3/armv7-m/crtbegin.o

.bss            0x1fff8190       0x68 load address 0x00003b60
                0x1fff8190                PROVIDE (__bss_start__, .)
 *(.shbss)
 *(.bss .bss.* .gnu.linkonce.b.*)
 .bss           0x1fff8190       0x1c c:/program files (x86)/cypress/psoc creator/3.3/psoc creator/import/gnu/arm/4.9.3/bin/../lib/gcc/arm-none-eabi/4.9.3/armv7-m/crtbegin.o
 .bss           0x1fff81ac        0x8 .\CortexM3\ARM_GCC_493\Debug\Dual-PSoC-DCO.a(ADC_DelSig_1.o)
                0x1fff81b0                ADC_DelSig_1_stopConversion
                0x1fff81b1                ADC_DelSig_1_convDone
                0x1fff81b2                ADC_DelSig_1_initVar
                0x1fff81b3                ADC_DelSig_1_started
 .bss           0x1fff81b4        0x1 .\CortexM3\ARM_GCC_493\Debug\Dual-PSoC-DCO.a(Comp_1.o)
                0x1fff81b4                Comp_1_initVar
 .bss           0x1fff81b5        0x1 .\CortexM3\ARM_GCC_493\Debug\Dual-PSoC-DCO.a(OSC1_IDAC8.o)
                0x1fff81b5                OSC1_IDAC8_initVar
 .bss           0x1fff81b6        0x1 .\CortexM3\ARM_GCC_493\Debug\Dual-PSoC-DCO.a(OSC1_Freq_Timer.o)
                0x1fff81b6                OSC1_Freq_Timer_initVar
 .bss           0x1fff81b7        0x1 .\CortexM3\ARM_GCC_493\Debug\Dual-PSoC-DCO.a(OSC1_Comp.o)
                0x1fff81b7                OSC1_Comp_initVar
 .bss           0x1fff81b8        0x1 .\CortexM3\ARM_GCC_493\Debug\Dual-PSoC-DCO.a(OSC1_IDAC8_SAW.o)
                0x1fff81b8                OSC1_IDAC8_SAW_initVar
 .bss           0x1fff81b9        0x1 .\CortexM3\ARM_GCC_493\Debug\Dual-PSoC-DCO.a(OSC1_Triangle_Follower.o)
                0x1fff81b9                OSC1_Triangle_Follower_initVar
 .bss           0x1fff81ba        0x1 .\CortexM3\ARM_GCC_493\Debug\Dual-PSoC-DCO.a(OSC1_Saw_Follower.o)
                0x1fff81ba                OSC1_Saw_Follower_initVar
 *fill*         0x1fff81bb        0x1 
 .bss           0x1fff81bc       0x10 .\CortexM3\ARM_GCC_493\Debug\Dual-PSoC-DCO.a(OSC1_ADC_SAR.o)
                0x1fff81c8                OSC1_ADC_SAR_initVar
 .bss           0x1fff81cc        0x1 .\CortexM3\ARM_GCC_493\Debug\Dual-PSoC-DCO.a(OSC1_ADC_SAR_SAR.o)
                0x1fff81cc                OSC1_ADC_SAR_SAR_initVar
 *(COMMON)
 *fill*         0x1fff81cd        0x3 
 COMMON         0x1fff81d0        0x8 .\CortexM3\ARM_GCC_493\Debug\main.o
                0x1fff81d0                count
                0x1fff81d4                dac_value
 COMMON         0x1fff81d8        0x8 .\CortexM3\ARM_GCC_493\Debug\Dual-PSoC-DCO.a(ADC_DelSig_1.o)
                0x1fff81d8                ADC_DelSig_1_CountsPerVolt
                0x1fff81dc                ADC_DelSig_1_Offset
 COMMON         0x1fff81e0        0x8 .\CortexM3\ARM_GCC_493\Debug\Dual-PSoC-DCO.a(OSC1_ADC_SAR.o)
                0x1fff81e0                OSC1_ADC_SAR_finalArray
 COMMON         0x1fff81e8        0xc .\CortexM3\ARM_GCC_493\Debug\Dual-PSoC-DCO.a(OSC1_ADC_SAR_SAR.o)
                0x1fff81e8                OSC1_ADC_SAR_SAR_offset
                0x1fff81ea                OSC1_ADC_SAR_SAR_countsPerVolt
                0x1fff81ec                OSC1_ADC_SAR_SAR_shift
                0x1fff81f0                OSC1_ADC_SAR_SAR_countsPer10Volt
                0x1fff81f8                . = ALIGN (0x8)
 *fill*         0x1fff81f4        0x4 
 *(.ram.b)
                0x1fff81f8                _end = .
                0x1fff81f8                __end = .
                0x1fff81f8                PROVIDE (end, .)
                0x1fff81f8                PROVIDE (__bss_end__, .)
                0x00003ad8                __cy_region_init_ram = LOADADDR (.data)
                0x00000088                __cy_region_init_size_ram = (_edata - ADDR (.data))
                0x00000068                __cy_region_zero_size_ram = (_end - _edata)

.heap           0x1fff81f8       0x80 load address 0x00003b60
                0x1fff81f8                . = _end
                0x1fff8278                . = (. + 0x80)
 *fill*         0x1fff81f8       0x80 
                0x1fff8278                __cy_heap_limit = .

.stack          0x20007800      0x800
                0x20007800                __cy_stack_limit = .
                0x20008000                . = (. + 0x800)
 *fill*         0x20007800      0x800 
                0x00000001                ASSERT ((__cy_stack_limit >= __cy_heap_limit), region RAM overflowed with stack)
                0x00000000                cy_checksum_exclude_size = (CY_APPL_LOADABLE == 0x1)?SIZEOF (.cy_checksum_exclude):0x0
                0x00000001                ASSERT ((cy_checksum_exclude_size <= CY_CHECKSUM_EXCLUDE_SIZE), CY_BOOT: Section .cy_checksum_exclude size exceedes specified limit.)

.cyloadermeta
 *(.cyloadermeta)

.cyloadablemeta
 *(.cyloadablemeta)

.cyconfigecc    0x80000000      0xb9c
 *(.cyconfigecc)
 .cyconfigecc   0x80000000      0xb9c .\CortexM3\ARM_GCC_493\Debug\cymetadata.o
                0x80000000                cy_meta_configecc

.cycustnvl      0x90000000        0x4
 *(.cycustnvl)
 .cycustnvl     0x90000000        0x4 .\CortexM3\ARM_GCC_493\Debug\cymetadata.o
                0x90000000                cy_meta_custnvl

.cywolatch      0x90100000        0x4
 *(.cywolatch)
 .cywolatch     0x90100000        0x4 .\CortexM3\ARM_GCC_493\Debug\cymetadata.o
                0x90100000                cy_meta_wonvl

.cyeeprom       0x90200000        0x0
 *(.cyeeprom)
                0x00000001                ASSERT ((. <= ((0x90200000 + ee_offset) + ee_size)), .cyeeprom data will not fit in EEPROM)

.cyflashprotect
                0x90400000      0x100
 *(.cyflashprotect)
 .cyflashprotect
                0x90400000      0x100 .\CortexM3\ARM_GCC_493\Debug\cymetadata.o
                0x90400000                cy_meta_flashprotect

.cymeta         0x90500000        0xc
 *(.cymeta)
 .cymeta        0x90500000        0xc .\CortexM3\ARM_GCC_493\Debug\cymetadata.o
                0x90500000                cy_metadata

.rel.dyn        0x00003b60        0x0 load address 0x9050000c
 .rel.iplt      0x00000000        0x0 c:/program files (x86)/cypress/psoc creator/3.3/psoc creator/import/gnu/arm/4.9.3/bin/../lib/gcc/arm-none-eabi/4.9.3/armv7-m/crtbegin.o

.stab
 *(.stab)

.stabstr
 *(.stabstr)

.debug
 *(.debug)

.line
 *(.line)

.debug_srcinfo
 *(.debug_srcinfo)

.debug_sfnames
 *(.debug_sfnames)

.debug_aranges  0x00000000      0xe98
 *(.debug_aranges)
 .debug_aranges
                0x00000000       0x30 .\CortexM3\ARM_GCC_493\Debug\main.o
 .debug_aranges
                0x00000030       0x18 .\CortexM3\ARM_GCC_493\Debug\cymetadata.o
 .debug_aranges
                0x00000048       0x48 .\CortexM3\ARM_GCC_493\Debug\Cm3Start.o
 .debug_aranges
                0x00000090       0x58 .\CortexM3\ARM_GCC_493\Debug\Dual-PSoC-DCO.a(cyfitter_cfg.o)
 .debug_aranges
                0x000000e8       0x20 .\CortexM3\ARM_GCC_493\Debug\Dual-PSoC-DCO.a(CyBootAsmGnu.o)
 .debug_aranges
                0x00000108       0xd8 .\CortexM3\ARM_GCC_493\Debug\Dual-PSoC-DCO.a(CyDmac.o)
 .debug_aranges
                0x000001e0      0x298 .\CortexM3\ARM_GCC_493\Debug\Dual-PSoC-DCO.a(CyLib.o)
 .debug_aranges
                0x00000478       0x98 .\CortexM3\ARM_GCC_493\Debug\Dual-PSoC-DCO.a(cyPm.o)
 .debug_aranges
                0x00000510       0xe8 .\CortexM3\ARM_GCC_493\Debug\Dual-PSoC-DCO.a(ADC_DelSig_1.o)
 .debug_aranges
                0x000005f8       0x38 .\CortexM3\ARM_GCC_493\Debug\Dual-PSoC-DCO.a(ADC_DelSig_1_INT.o)
 .debug_aranges
                0x00000630       0x70 .\CortexM3\ARM_GCC_493\Debug\Dual-PSoC-DCO.a(ADC_DelSig_1_Ext_CP_Clk.o)
 .debug_aranges
                0x000006a0       0x80 .\CortexM3\ARM_GCC_493\Debug\Dual-PSoC-DCO.a(ADC_DelSig_1_theACLK.o)
 .debug_aranges
                0x00000720       0x70 .\CortexM3\ARM_GCC_493\Debug\Dual-PSoC-DCO.a(Comp_1.o)
 .debug_aranges
                0x00000790       0x58 .\CortexM3\ARM_GCC_493\Debug\Dual-PSoC-DCO.a(OSC1_IDAC8.o)
 .debug_aranges
                0x000007e8       0x90 .\CortexM3\ARM_GCC_493\Debug\Dual-PSoC-DCO.a(OSC1_Freq_Timer.o)
 .debug_aranges
                0x00000878       0x70 .\CortexM3\ARM_GCC_493\Debug\Dual-PSoC-DCO.a(OSC1_Comp.o)
 .debug_aranges
                0x000008e8       0x58 .\CortexM3\ARM_GCC_493\Debug\Dual-PSoC-DCO.a(OSC1_IDAC8_SAW.o)
 .debug_aranges
                0x00000940       0x70 .\CortexM3\ARM_GCC_493\Debug\Dual-PSoC-DCO.a(Clock_1.o)
 .debug_aranges
                0x000009b0       0x40 .\CortexM3\ARM_GCC_493\Debug\Dual-PSoC-DCO.a(OSC1_Triangle_Follower.o)
 .debug_aranges
                0x000009f0       0x40 .\CortexM3\ARM_GCC_493\Debug\Dual-PSoC-DCO.a(OSC1_Saw_Follower.o)
 .debug_aranges
                0x00000a30       0xa0 .\CortexM3\ARM_GCC_493\Debug\Dual-PSoC-DCO.a(OSC1_ADC_SAR.o)
 .debug_aranges
                0x00000ad0       0x20 .\CortexM3\ARM_GCC_493\Debug\Dual-PSoC-DCO.a(OSC1_ADC_SAR_INT.o)
 .debug_aranges
                0x00000af0       0xa8 .\CortexM3\ARM_GCC_493\Debug\Dual-PSoC-DCO.a(OSC1_ADC_SAR_SAR.o)
 .debug_aranges
                0x00000b98       0x28 .\CortexM3\ARM_GCC_493\Debug\Dual-PSoC-DCO.a(OSC1_ADC_SAR_TempBuf_dma.o)
 .debug_aranges
                0x00000bc0       0x28 .\CortexM3\ARM_GCC_493\Debug\Dual-PSoC-DCO.a(OSC1_ADC_SAR_FinalBuf_dma.o)
 .debug_aranges
                0x00000be8       0x80 .\CortexM3\ARM_GCC_493\Debug\Dual-PSoC-DCO.a(OSC1_ADC_SAR_IRQ.o)
 .debug_aranges
                0x00000c68       0x38 .\CortexM3\ARM_GCC_493\Debug\Dual-PSoC-DCO.a(test_pin.o)
 .debug_aranges
                0x00000ca0       0x80 .\CortexM3\ARM_GCC_493\Debug\Dual-PSoC-DCO.a(OSC1_SIGNCHANGE_PositiveISR.o)
 .debug_aranges
                0x00000d20       0x80 .\CortexM3\ARM_GCC_493\Debug\Dual-PSoC-DCO.a(OSC1_SIGNCHANGE_NegativeISR.o)
 .debug_aranges
                0x00000da0       0x80 .\CortexM3\ARM_GCC_493\Debug\Dual-PSoC-DCO.a(CyFlash.o)
 .debug_aranges
                0x00000e20       0x78 .\CortexM3\ARM_GCC_493\Debug\Dual-PSoC-DCO.a(CySpc.o)

.debug_pubnames
 *(.debug_pubnames)

.debug_info     0x00000000     0x8133
 *(.debug_info .gnu.linkonce.wi.*)
 .debug_info    0x00000000      0x627 .\CortexM3\ARM_GCC_493\Debug\main.o
 .debug_info    0x00000627      0x13f .\CortexM3\ARM_GCC_493\Debug\cymetadata.o
 .debug_info    0x00000766      0x3b5 .\CortexM3\ARM_GCC_493\Debug\Cm3Start.o
 .debug_info    0x00000b1b      0x6a3 .\CortexM3\ARM_GCC_493\Debug\Dual-PSoC-DCO.a(cyfitter_cfg.o)
 .debug_info    0x000011be       0x9c .\CortexM3\ARM_GCC_493\Debug\Dual-PSoC-DCO.a(CyBootAsmGnu.o)
 .debug_info    0x0000125a      0x944 .\CortexM3\ARM_GCC_493\Debug\Dual-PSoC-DCO.a(CyDmac.o)
 .debug_info    0x00001b9e     0x1371 .\CortexM3\ARM_GCC_493\Debug\Dual-PSoC-DCO.a(CyLib.o)
 .debug_info    0x00002f0f      0xa58 .\CortexM3\ARM_GCC_493\Debug\Dual-PSoC-DCO.a(cyPm.o)
 .debug_info    0x00003967      0xa4e .\CortexM3\ARM_GCC_493\Debug\Dual-PSoC-DCO.a(ADC_DelSig_1.o)
 .debug_info    0x000043b5       0xcc .\CortexM3\ARM_GCC_493\Debug\Dual-PSoC-DCO.a(ADC_DelSig_1_INT.o)
 .debug_info    0x00004481      0x283 .\CortexM3\ARM_GCC_493\Debug\Dual-PSoC-DCO.a(ADC_DelSig_1_Ext_CP_Clk.o)
 .debug_info    0x00004704      0x2c4 .\CortexM3\ARM_GCC_493\Debug\Dual-PSoC-DCO.a(ADC_DelSig_1_theACLK.o)
 .debug_info    0x000049c8      0x2c3 .\CortexM3\ARM_GCC_493\Debug\Dual-PSoC-DCO.a(Comp_1.o)
 .debug_info    0x00004c8b      0x1dc .\CortexM3\ARM_GCC_493\Debug\Dual-PSoC-DCO.a(OSC1_IDAC8.o)
 .debug_info    0x00004e67      0x2eb .\CortexM3\ARM_GCC_493\Debug\Dual-PSoC-DCO.a(OSC1_Freq_Timer.o)
 .debug_info    0x00005152      0x2c3 .\CortexM3\ARM_GCC_493\Debug\Dual-PSoC-DCO.a(OSC1_Comp.o)
 .debug_info    0x00005415      0x1dc .\CortexM3\ARM_GCC_493\Debug\Dual-PSoC-DCO.a(OSC1_IDAC8_SAW.o)
 .debug_info    0x000055f1      0x283 .\CortexM3\ARM_GCC_493\Debug\Dual-PSoC-DCO.a(Clock_1.o)
 .debug_info    0x00005874      0x14a .\CortexM3\ARM_GCC_493\Debug\Dual-PSoC-DCO.a(OSC1_Triangle_Follower.o)
 .debug_info    0x000059be      0x14a .\CortexM3\ARM_GCC_493\Debug\Dual-PSoC-DCO.a(OSC1_Saw_Follower.o)
 .debug_info    0x00005b08      0x7d5 .\CortexM3\ARM_GCC_493\Debug\Dual-PSoC-DCO.a(OSC1_ADC_SAR.o)
 .debug_info    0x000062dd       0x99 .\CortexM3\ARM_GCC_493\Debug\Dual-PSoC-DCO.a(OSC1_ADC_SAR_INT.o)
 .debug_info    0x00006376      0x549 .\CortexM3\ARM_GCC_493\Debug\Dual-PSoC-DCO.a(OSC1_ADC_SAR_SAR.o)
 .debug_info    0x000068bf      0x1fd .\CortexM3\ARM_GCC_493\Debug\Dual-PSoC-DCO.a(OSC1_ADC_SAR_TempBuf_dma.o)
 .debug_info    0x00006abc      0x1fd .\CortexM3\ARM_GCC_493\Debug\Dual-PSoC-DCO.a(OSC1_ADC_SAR_FinalBuf_dma.o)
 .debug_info    0x00006cb9      0x2cb .\CortexM3\ARM_GCC_493\Debug\Dual-PSoC-DCO.a(OSC1_ADC_SAR_IRQ.o)
 .debug_info    0x00006f84      0x11f .\CortexM3\ARM_GCC_493\Debug\Dual-PSoC-DCO.a(test_pin.o)
 .debug_info    0x000070a3      0x2cb .\CortexM3\ARM_GCC_493\Debug\Dual-PSoC-DCO.a(OSC1_SIGNCHANGE_PositiveISR.o)
 .debug_info    0x0000736e      0x2cb .\CortexM3\ARM_GCC_493\Debug\Dual-PSoC-DCO.a(OSC1_SIGNCHANGE_NegativeISR.o)
 .debug_info    0x00007639      0x60a .\CortexM3\ARM_GCC_493\Debug\Dual-PSoC-DCO.a(CyFlash.o)
 .debug_info    0x00007c43      0x4f0 .\CortexM3\ARM_GCC_493\Debug\Dual-PSoC-DCO.a(CySpc.o)

.debug_abbrev   0x00000000     0x2857
 *(.debug_abbrev)
 .debug_abbrev  0x00000000      0x1a0 .\CortexM3\ARM_GCC_493\Debug\main.o
 .debug_abbrev  0x000001a0       0x77 .\CortexM3\ARM_GCC_493\Debug\cymetadata.o
 .debug_abbrev  0x00000217      0x20f .\CortexM3\ARM_GCC_493\Debug\Cm3Start.o
 .debug_abbrev  0x00000426      0x20e .\CortexM3\ARM_GCC_493\Debug\Dual-PSoC-DCO.a(cyfitter_cfg.o)
 .debug_abbrev  0x00000634       0x14 .\CortexM3\ARM_GCC_493\Debug\Dual-PSoC-DCO.a(CyBootAsmGnu.o)
 .debug_abbrev  0x00000648      0x1cc .\CortexM3\ARM_GCC_493\Debug\Dual-PSoC-DCO.a(CyDmac.o)
 .debug_abbrev  0x00000814      0x296 .\CortexM3\ARM_GCC_493\Debug\Dual-PSoC-DCO.a(CyLib.o)
 .debug_abbrev  0x00000aaa      0x1ed .\CortexM3\ARM_GCC_493\Debug\Dual-PSoC-DCO.a(cyPm.o)
 .debug_abbrev  0x00000c97      0x23d .\CortexM3\ARM_GCC_493\Debug\Dual-PSoC-DCO.a(ADC_DelSig_1.o)
 .debug_abbrev  0x00000ed4       0x42 .\CortexM3\ARM_GCC_493\Debug\Dual-PSoC-DCO.a(ADC_DelSig_1_INT.o)
 .debug_abbrev  0x00000f16      0x139 .\CortexM3\ARM_GCC_493\Debug\Dual-PSoC-DCO.a(ADC_DelSig_1_Ext_CP_Clk.o)
 .debug_abbrev  0x0000104f      0x121 .\CortexM3\ARM_GCC_493\Debug\Dual-PSoC-DCO.a(ADC_DelSig_1_theACLK.o)
 .debug_abbrev  0x00001170      0x175 .\CortexM3\ARM_GCC_493\Debug\Dual-PSoC-DCO.a(Comp_1.o)
 .debug_abbrev  0x000012e5      0x106 .\CortexM3\ARM_GCC_493\Debug\Dual-PSoC-DCO.a(OSC1_IDAC8.o)
 .debug_abbrev  0x000013eb      0x145 .\CortexM3\ARM_GCC_493\Debug\Dual-PSoC-DCO.a(OSC1_Freq_Timer.o)
 .debug_abbrev  0x00001530      0x175 .\CortexM3\ARM_GCC_493\Debug\Dual-PSoC-DCO.a(OSC1_Comp.o)
 .debug_abbrev  0x000016a5      0x106 .\CortexM3\ARM_GCC_493\Debug\Dual-PSoC-DCO.a(OSC1_IDAC8_SAW.o)
 .debug_abbrev  0x000017ab      0x139 .\CortexM3\ARM_GCC_493\Debug\Dual-PSoC-DCO.a(Clock_1.o)
 .debug_abbrev  0x000018e4       0xb2 .\CortexM3\ARM_GCC_493\Debug\Dual-PSoC-DCO.a(OSC1_Triangle_Follower.o)
 .debug_abbrev  0x00001996       0xb2 .\CortexM3\ARM_GCC_493\Debug\Dual-PSoC-DCO.a(OSC1_Saw_Follower.o)
 .debug_abbrev  0x00001a48      0x1a3 .\CortexM3\ARM_GCC_493\Debug\Dual-PSoC-DCO.a(OSC1_ADC_SAR.o)
 .debug_abbrev  0x00001beb       0x42 .\CortexM3\ARM_GCC_493\Debug\Dual-PSoC-DCO.a(OSC1_ADC_SAR_INT.o)
 .debug_abbrev  0x00001c2d      0x1d9 .\CortexM3\ARM_GCC_493\Debug\Dual-PSoC-DCO.a(OSC1_ADC_SAR_SAR.o)
 .debug_abbrev  0x00001e06       0xeb .\CortexM3\ARM_GCC_493\Debug\Dual-PSoC-DCO.a(OSC1_ADC_SAR_TempBuf_dma.o)
 .debug_abbrev  0x00001ef1       0xeb .\CortexM3\ARM_GCC_493\Debug\Dual-PSoC-DCO.a(OSC1_ADC_SAR_FinalBuf_dma.o)
 .debug_abbrev  0x00001fdc      0x173 .\CortexM3\ARM_GCC_493\Debug\Dual-PSoC-DCO.a(OSC1_ADC_SAR_IRQ.o)
 .debug_abbrev  0x0000214f       0x90 .\CortexM3\ARM_GCC_493\Debug\Dual-PSoC-DCO.a(test_pin.o)
 .debug_abbrev  0x000021df      0x173 .\CortexM3\ARM_GCC_493\Debug\Dual-PSoC-DCO.a(OSC1_SIGNCHANGE_PositiveISR.o)
 .debug_abbrev  0x00002352      0x173 .\CortexM3\ARM_GCC_493\Debug\Dual-PSoC-DCO.a(OSC1_SIGNCHANGE_NegativeISR.o)
 .debug_abbrev  0x000024c5      0x1d1 .\CortexM3\ARM_GCC_493\Debug\Dual-PSoC-DCO.a(CyFlash.o)
 .debug_abbrev  0x00002696      0x1c1 .\CortexM3\ARM_GCC_493\Debug\Dual-PSoC-DCO.a(CySpc.o)

.debug_line     0x00000000     0x35f0
 *(.debug_line)
 .debug_line    0x00000000      0x2fc .\CortexM3\ARM_GCC_493\Debug\main.o
 .debug_line    0x000002fc       0x53 .\CortexM3\ARM_GCC_493\Debug\cymetadata.o
 .debug_line    0x0000034f      0x254 .\CortexM3\ARM_GCC_493\Debug\Cm3Start.o
 .debug_line    0x000005a3      0x23c .\CortexM3\ARM_GCC_493\Debug\Dual-PSoC-DCO.a(cyfitter_cfg.o)
 .debug_line    0x000007df       0x68 .\CortexM3\ARM_GCC_493\Debug\Dual-PSoC-DCO.a(CyBootAsmGnu.o)
 .debug_line    0x00000847      0x2e5 .\CortexM3\ARM_GCC_493\Debug\Dual-PSoC-DCO.a(CyDmac.o)
 .debug_line    0x00000b2c      0x806 .\CortexM3\ARM_GCC_493\Debug\Dual-PSoC-DCO.a(CyLib.o)
 .debug_line    0x00001332      0x366 .\CortexM3\ARM_GCC_493\Debug\Dual-PSoC-DCO.a(cyPm.o)
 .debug_line    0x00001698      0x364 .\CortexM3\ARM_GCC_493\Debug\Dual-PSoC-DCO.a(ADC_DelSig_1.o)
 .debug_line    0x000019fc       0x8b .\CortexM3\ARM_GCC_493\Debug\Dual-PSoC-DCO.a(ADC_DelSig_1_INT.o)
 .debug_line    0x00001a87      0x19f .\CortexM3\ARM_GCC_493\Debug\Dual-PSoC-DCO.a(ADC_DelSig_1_Ext_CP_Clk.o)
 .debug_line    0x00001c26      0x1bf .\CortexM3\ARM_GCC_493\Debug\Dual-PSoC-DCO.a(ADC_DelSig_1_theACLK.o)
 .debug_line    0x00001de5      0x167 .\CortexM3\ARM_GCC_493\Debug\Dual-PSoC-DCO.a(Comp_1.o)
 .debug_line    0x00001f4c       0xed .\CortexM3\ARM_GCC_493\Debug\Dual-PSoC-DCO.a(OSC1_IDAC8.o)
 .debug_line    0x00002039      0x17c .\CortexM3\ARM_GCC_493\Debug\Dual-PSoC-DCO.a(OSC1_Freq_Timer.o)
 .debug_line    0x000021b5      0x16a .\CortexM3\ARM_GCC_493\Debug\Dual-PSoC-DCO.a(OSC1_Comp.o)
 .debug_line    0x0000231f       0xf1 .\CortexM3\ARM_GCC_493\Debug\Dual-PSoC-DCO.a(OSC1_IDAC8_SAW.o)
 .debug_line    0x00002410      0x18f .\CortexM3\ARM_GCC_493\Debug\Dual-PSoC-DCO.a(Clock_1.o)
 .debug_line    0x0000259f       0xbb .\CortexM3\ARM_GCC_493\Debug\Dual-PSoC-DCO.a(OSC1_Triangle_Follower.o)
 .debug_line    0x0000265a       0xb6 .\CortexM3\ARM_GCC_493\Debug\Dual-PSoC-DCO.a(OSC1_Saw_Follower.o)
 .debug_line    0x00002710      0x248 .\CortexM3\ARM_GCC_493\Debug\Dual-PSoC-DCO.a(OSC1_ADC_SAR.o)
 .debug_line    0x00002958       0x5b .\CortexM3\ARM_GCC_493\Debug\Dual-PSoC-DCO.a(OSC1_ADC_SAR_INT.o)
 .debug_line    0x000029b3      0x20f .\CortexM3\ARM_GCC_493\Debug\Dual-PSoC-DCO.a(OSC1_ADC_SAR_SAR.o)
 .debug_line    0x00002bc2       0xaa .\CortexM3\ARM_GCC_493\Debug\Dual-PSoC-DCO.a(OSC1_ADC_SAR_TempBuf_dma.o)
 .debug_line    0x00002c6c       0xab .\CortexM3\ARM_GCC_493\Debug\Dual-PSoC-DCO.a(OSC1_ADC_SAR_FinalBuf_dma.o)
 .debug_line    0x00002d17      0x156 .\CortexM3\ARM_GCC_493\Debug\Dual-PSoC-DCO.a(OSC1_ADC_SAR_IRQ.o)
 .debug_line    0x00002e6d       0x97 .\CortexM3\ARM_GCC_493\Debug\Dual-PSoC-DCO.a(test_pin.o)
 .debug_line    0x00002f04      0x161 .\CortexM3\ARM_GCC_493\Debug\Dual-PSoC-DCO.a(OSC1_SIGNCHANGE_PositiveISR.o)
 .debug_line    0x00003065      0x161 .\CortexM3\ARM_GCC_493\Debug\Dual-PSoC-DCO.a(OSC1_SIGNCHANGE_NegativeISR.o)
 .debug_line    0x000031c6      0x1ec .\CortexM3\ARM_GCC_493\Debug\Dual-PSoC-DCO.a(CyFlash.o)
 .debug_line    0x000033b2      0x23e .\CortexM3\ARM_GCC_493\Debug\Dual-PSoC-DCO.a(CySpc.o)

.debug_frame    0x00000000     0x2670
 *(.debug_frame)
 .debug_frame   0x00000000       0x70 .\CortexM3\ARM_GCC_493\Debug\main.o
 .debug_frame   0x00000070       0xac .\CortexM3\ARM_GCC_493\Debug\Cm3Start.o
 .debug_frame   0x0000011c       0xfc .\CortexM3\ARM_GCC_493\Debug\Dual-PSoC-DCO.a(cyfitter_cfg.o)
 .debug_frame   0x00000218      0x1f4 .\CortexM3\ARM_GCC_493\Debug\Dual-PSoC-DCO.a(CyDmac.o)
 .debug_frame   0x0000040c      0x728 .\CortexM3\ARM_GCC_493\Debug\Dual-PSoC-DCO.a(CyLib.o)
 .debug_frame   0x00000b34      0x1f8 .\CortexM3\ARM_GCC_493\Debug\Dual-PSoC-DCO.a(cyPm.o)
 .debug_frame   0x00000d2c      0x278 .\CortexM3\ARM_GCC_493\Debug\Dual-PSoC-DCO.a(ADC_DelSig_1.o)
 .debug_frame   0x00000fa4       0x50 .\CortexM3\ARM_GCC_493\Debug\Dual-PSoC-DCO.a(ADC_DelSig_1_INT.o)
 .debug_frame   0x00000ff4       0xe0 .\CortexM3\ARM_GCC_493\Debug\Dual-PSoC-DCO.a(ADC_DelSig_1_Ext_CP_Clk.o)
 .debug_frame   0x000010d4      0x100 .\CortexM3\ARM_GCC_493\Debug\Dual-PSoC-DCO.a(ADC_DelSig_1_theACLK.o)
 .debug_frame   0x000011d4      0x108 .\CortexM3\ARM_GCC_493\Debug\Dual-PSoC-DCO.a(Comp_1.o)
 .debug_frame   0x000012dc       0xb4 .\CortexM3\ARM_GCC_493\Debug\Dual-PSoC-DCO.a(OSC1_IDAC8.o)
 .debug_frame   0x00001390      0x124 .\CortexM3\ARM_GCC_493\Debug\Dual-PSoC-DCO.a(OSC1_Freq_Timer.o)
 .debug_frame   0x000014b4      0x108 .\CortexM3\ARM_GCC_493\Debug\Dual-PSoC-DCO.a(OSC1_Comp.o)
 .debug_frame   0x000015bc       0xb4 .\CortexM3\ARM_GCC_493\Debug\Dual-PSoC-DCO.a(OSC1_IDAC8_SAW.o)
 .debug_frame   0x00001670       0xe0 .\CortexM3\ARM_GCC_493\Debug\Dual-PSoC-DCO.a(Clock_1.o)
 .debug_frame   0x00001750       0x78 .\CortexM3\ARM_GCC_493\Debug\Dual-PSoC-DCO.a(OSC1_Triangle_Follower.o)
 .debug_frame   0x000017c8       0x78 .\CortexM3\ARM_GCC_493\Debug\Dual-PSoC-DCO.a(OSC1_Saw_Follower.o)
 .debug_frame   0x00001840      0x1dc .\CortexM3\ARM_GCC_493\Debug\Dual-PSoC-DCO.a(OSC1_ADC_SAR.o)
 .debug_frame   0x00001a1c       0x20 .\CortexM3\ARM_GCC_493\Debug\Dual-PSoC-DCO.a(OSC1_ADC_SAR_INT.o)
 .debug_frame   0x00001a3c      0x1a4 .\CortexM3\ARM_GCC_493\Debug\Dual-PSoC-DCO.a(OSC1_ADC_SAR_SAR.o)
 .debug_frame   0x00001be0       0x54 .\CortexM3\ARM_GCC_493\Debug\Dual-PSoC-DCO.a(OSC1_ADC_SAR_TempBuf_dma.o)
 .debug_frame   0x00001c34       0x54 .\CortexM3\ARM_GCC_493\Debug\Dual-PSoC-DCO.a(OSC1_ADC_SAR_FinalBuf_dma.o)
 .debug_frame   0x00001c88      0x104 .\CortexM3\ARM_GCC_493\Debug\Dual-PSoC-DCO.a(OSC1_ADC_SAR_IRQ.o)
 .debug_frame   0x00001d8c       0x50 .\CortexM3\ARM_GCC_493\Debug\Dual-PSoC-DCO.a(test_pin.o)
 .debug_frame   0x00001ddc      0x104 .\CortexM3\ARM_GCC_493\Debug\Dual-PSoC-DCO.a(OSC1_SIGNCHANGE_PositiveISR.o)
 .debug_frame   0x00001ee0      0x104 .\CortexM3\ARM_GCC_493\Debug\Dual-PSoC-DCO.a(OSC1_SIGNCHANGE_NegativeISR.o)
 .debug_frame   0x00001fe4      0x174 .\CortexM3\ARM_GCC_493\Debug\Dual-PSoC-DCO.a(CyFlash.o)
 .debug_frame   0x00002158      0x160 .\CortexM3\ARM_GCC_493\Debug\Dual-PSoC-DCO.a(CySpc.o)
 .debug_frame   0x000022b8       0x44 c:/program files (x86)/cypress/psoc creator/3.3/psoc creator/import/gnu/arm/4.9.3/bin/../lib/gcc/arm-none-eabi/4.9.3/../../../../arm-none-eabi/lib/armv7-m\libm.a(lib_a-w_pow.o)
 .debug_frame   0x000022fc       0x64 c:/program files (x86)/cypress/psoc creator/3.3/psoc creator/import/gnu/arm/4.9.3/bin/../lib/gcc/arm-none-eabi/4.9.3/../../../../arm-none-eabi/lib/armv7-m\libm.a(lib_a-e_pow.o)
 .debug_frame   0x00002360       0x30 c:/program files (x86)/cypress/psoc creator/3.3/psoc creator/import/gnu/arm/4.9.3/bin/../lib/gcc/arm-none-eabi/4.9.3/../../../../arm-none-eabi/lib/armv7-m\libm.a(lib_a-e_sqrt.o)
 .debug_frame   0x00002390       0x20 c:/program files (x86)/cypress/psoc creator/3.3/psoc creator/import/gnu/arm/4.9.3/bin/../lib/gcc/arm-none-eabi/4.9.3/../../../../arm-none-eabi/lib/armv7-m\libm.a(lib_a-s_fabs.o)
 .debug_frame   0x000023b0       0x20 c:/program files (x86)/cypress/psoc creator/3.3/psoc creator/import/gnu/arm/4.9.3/bin/../lib/gcc/arm-none-eabi/4.9.3/../../../../arm-none-eabi/lib/armv7-m\libm.a(lib_a-s_finite.o)
 .debug_frame   0x000023d0       0x34 c:/program files (x86)/cypress/psoc creator/3.3/psoc creator/import/gnu/arm/4.9.3/bin/../lib/gcc/arm-none-eabi/4.9.3/../../../../arm-none-eabi/lib/armv7-m\libm.a(lib_a-s_fpclassify.o)
 .debug_frame   0x00002404       0x20 c:/program files (x86)/cypress/psoc creator/3.3/psoc creator/import/gnu/arm/4.9.3/bin/../lib/gcc/arm-none-eabi/4.9.3/../../../../arm-none-eabi/lib/armv7-m\libm.a(lib_a-s_matherr.o)
 .debug_frame   0x00002424       0x20 c:/program files (x86)/cypress/psoc creator/3.3/psoc creator/import/gnu/arm/4.9.3/bin/../lib/gcc/arm-none-eabi/4.9.3/../../../../arm-none-eabi/lib/armv7-m\libm.a(lib_a-s_nan.o)
 .debug_frame   0x00002444       0x3c c:/program files (x86)/cypress/psoc creator/3.3/psoc creator/import/gnu/arm/4.9.3/bin/../lib/gcc/arm-none-eabi/4.9.3/../../../../arm-none-eabi/lib/armv7-m\libm.a(lib_a-s_rint.o)
 .debug_frame   0x00002480       0x30 c:/program files (x86)/cypress/psoc creator/3.3/psoc creator/import/gnu/arm/4.9.3/bin/../lib/gcc/arm-none-eabi/4.9.3/../../../../arm-none-eabi/lib/armv7-m\libm.a(lib_a-s_scalbn.o)
 .debug_frame   0x000024b0       0x20 c:/program files (x86)/cypress/psoc creator/3.3/psoc creator/import/gnu/arm/4.9.3/bin/../lib/gcc/arm-none-eabi/4.9.3/../../../../arm-none-eabi/lib/armv7-m\libm.a(lib_a-s_copysign.o)
 .debug_frame   0x000024d0       0x28 c:/program files (x86)/cypress/psoc creator/3.3/psoc creator/import/gnu/arm/4.9.3/bin/../lib/gcc/arm-none-eabi/4.9.3/armv7-m\libgcc.a(_aeabi_ldivmod.o)
 .debug_frame   0x000024f8       0x54 c:/program files (x86)/cypress/psoc creator/3.3/psoc creator/import/gnu/arm/4.9.3/bin/../lib/gcc/arm-none-eabi/4.9.3/armv7-m\libgcc.a(bpabi.o)
 .debug_frame   0x0000254c       0x34 c:/program files (x86)/cypress/psoc creator/3.3/psoc creator/import/gnu/arm/4.9.3/bin/../lib/gcc/arm-none-eabi/4.9.3/armv7-m\libgcc.a(_divdi3.o)
 .debug_frame   0x00002580       0x34 c:/program files (x86)/cypress/psoc creator/3.3/psoc creator/import/gnu/arm/4.9.3/bin/../lib/gcc/arm-none-eabi/4.9.3/armv7-m\libgcc.a(_udivdi3.o)
 .debug_frame   0x000025b4       0x20 c:/program files (x86)/cypress/psoc creator/3.3/psoc creator/import/gnu/arm/4.9.3/bin/../lib/gcc/arm-none-eabi/4.9.3/../../../../arm-none-eabi/lib/armv7-m\libg_nano.a(lib_a-errno.o)
 .debug_frame   0x000025d4       0x28 c:/program files (x86)/cypress/psoc creator/3.3/psoc creator/import/gnu/arm/4.9.3/bin/../lib/gcc/arm-none-eabi/4.9.3/../../../../arm-none-eabi/lib/armv7-m\libg_nano.a(lib_a-exit.o)
 .debug_frame   0x000025fc       0x2c c:/program files (x86)/cypress/psoc creator/3.3/psoc creator/import/gnu/arm/4.9.3/bin/../lib/gcc/arm-none-eabi/4.9.3/../../../../arm-none-eabi/lib/armv7-m\libg_nano.a(lib_a-init.o)
 .debug_frame   0x00002628       0x28 c:/program files (x86)/cypress/psoc creator/3.3/psoc creator/import/gnu/arm/4.9.3/bin/../lib/gcc/arm-none-eabi/4.9.3/../../../../arm-none-eabi/lib/armv7-m\libg_nano.a(lib_a-memcpy.o)
 .debug_frame   0x00002650       0x20 c:/program files (x86)/cypress/psoc creator/3.3/psoc creator/import/gnu/arm/4.9.3/bin/../lib/gcc/arm-none-eabi/4.9.3/../../../../arm-none-eabi/lib/armv7-m\libg_nano.a(lib_a-memset.o)

.debug_str      0x00000000     0x3571
 *(.debug_str)
 .debug_str     0x00000000      0x4ed .\CortexM3\ARM_GCC_493\Debug\main.o
                                0x54a (size before relaxing)
 .debug_str     0x000004ed       0x77 .\CortexM3\ARM_GCC_493\Debug\cymetadata.o
                                0x1f6 (size before relaxing)
 .debug_str     0x00000564      0x162 .\CortexM3\ARM_GCC_493\Debug\Cm3Start.o
                                0x31a (size before relaxing)
 .debug_str     0x000006c6      0x17e .\CortexM3\ARM_GCC_493\Debug\Dual-PSoC-DCO.a(cyfitter_cfg.o)
                                0x34a (size before relaxing)
 .debug_str     0x00000844      0x385 .\CortexM3\ARM_GCC_493\Debug\Dual-PSoC-DCO.a(CyDmac.o)
                                0x54a (size before relaxing)
 .debug_str     0x00000bc9      0x7e3 .\CortexM3\ARM_GCC_493\Debug\Dual-PSoC-DCO.a(CyLib.o)
                                0xa2f (size before relaxing)
 .debug_str     0x000013ac      0x35b .\CortexM3\ARM_GCC_493\Debug\Dual-PSoC-DCO.a(cyPm.o)
                                0x727 (size before relaxing)
 .debug_str     0x00001707      0x48b .\CortexM3\ARM_GCC_493\Debug\Dual-PSoC-DCO.a(ADC_DelSig_1.o)
                                0x72e (size before relaxing)
 .debug_str     0x00001b92       0x74 .\CortexM3\ARM_GCC_493\Debug\Dual-PSoC-DCO.a(ADC_DelSig_1_INT.o)
                                0x1ed (size before relaxing)
 .debug_str     0x00001c06      0x1c9 .\CortexM3\ARM_GCC_493\Debug\Dual-PSoC-DCO.a(ADC_DelSig_1_Ext_CP_Clk.o)
                                0x3ba (size before relaxing)
 .debug_str     0x00001dcf      0x1bd .\CortexM3\ARM_GCC_493\Debug\Dual-PSoC-DCO.a(ADC_DelSig_1_theACLK.o)
                                0x3eb (size before relaxing)
 .debug_str     0x00001f8c      0x121 .\CortexM3\ARM_GCC_493\Debug\Dual-PSoC-DCO.a(Comp_1.o)
                                0x2d8 (size before relaxing)
 .debug_str     0x000020ad       0x98 .\CortexM3\ARM_GCC_493\Debug\Dual-PSoC-DCO.a(OSC1_IDAC8.o)
                                0x25d (size before relaxing)
 .debug_str     0x00002145      0x1b1 .\CortexM3\ARM_GCC_493\Debug\Dual-PSoC-DCO.a(OSC1_Freq_Timer.o)
                                0x3ef (size before relaxing)
 .debug_str     0x000022f6       0xf6 .\CortexM3\ARM_GCC_493\Debug\Dual-PSoC-DCO.a(OSC1_Comp.o)
                                0x2ff (size before relaxing)
 .debug_str     0x000023ec       0xae .\CortexM3\ARM_GCC_493\Debug\Dual-PSoC-DCO.a(OSC1_IDAC8_SAW.o)
                                0x285 (size before relaxing)
 .debug_str     0x0000249a      0x10b .\CortexM3\ARM_GCC_493\Debug\Dual-PSoC-DCO.a(Clock_1.o)
                                0x2fa (size before relaxing)
 .debug_str     0x000025a5       0xaf .\CortexM3\ARM_GCC_493\Debug\Dual-PSoC-DCO.a(OSC1_Triangle_Follower.o)
                                0x26e (size before relaxing)
 .debug_str     0x00002654       0x90 .\CortexM3\ARM_GCC_493\Debug\Dual-PSoC-DCO.a(OSC1_Saw_Follower.o)
                                0x24b (size before relaxing)
 .debug_str     0x000026e4      0x3ef .\CortexM3\ARM_GCC_493\Debug\Dual-PSoC-DCO.a(OSC1_ADC_SAR.o)
                                0x710 (size before relaxing)
 .debug_str     0x00002ad3       0x3d .\CortexM3\ARM_GCC_493\Debug\Dual-PSoC-DCO.a(OSC1_ADC_SAR_INT.o)
                                0x1b6 (size before relaxing)
 .debug_str     0x00002b10      0x14f .\CortexM3\ARM_GCC_493\Debug\Dual-PSoC-DCO.a(OSC1_ADC_SAR_SAR.o)
                                0x516 (size before relaxing)
 .debug_str     0x00002c5f       0xae .\CortexM3\ARM_GCC_493\Debug\Dual-PSoC-DCO.a(OSC1_ADC_SAR_TempBuf_dma.o)
                                0x2b1 (size before relaxing)
 .debug_str     0x00002d0d       0x76 .\CortexM3\ARM_GCC_493\Debug\Dual-PSoC-DCO.a(OSC1_ADC_SAR_FinalBuf_dma.o)
                                0x2b5 (size before relaxing)
 .debug_str     0x00002d83      0x14a .\CortexM3\ARM_GCC_493\Debug\Dual-PSoC-DCO.a(OSC1_ADC_SAR_IRQ.o)
                                0x340 (size before relaxing)
 .debug_str     0x00002ecd       0x68 .\CortexM3\ARM_GCC_493\Debug\Dual-PSoC-DCO.a(test_pin.o)
                                0x1fd (size before relaxing)
 .debug_str     0x00002f35      0x1f8 .\CortexM3\ARM_GCC_493\Debug\Dual-PSoC-DCO.a(OSC1_SIGNCHANGE_PositiveISR.o)
                                0x3da (size before relaxing)
 .debug_str     0x0000312d      0x1f8 .\CortexM3\ARM_GCC_493\Debug\Dual-PSoC-DCO.a(OSC1_SIGNCHANGE_NegativeISR.o)
                                0x3da (size before relaxing)
 .debug_str     0x00003325      0x19e .\CortexM3\ARM_GCC_493\Debug\Dual-PSoC-DCO.a(CyFlash.o)
                                0x3a1 (size before relaxing)
 .debug_str     0x000034c3       0xae .\CortexM3\ARM_GCC_493\Debug\Dual-PSoC-DCO.a(CySpc.o)
                                0x32a (size before relaxing)

.debug_loc      0x00000000     0x37f1
 *(.debug_loc)
 .debug_loc     0x00000000       0x89 .\CortexM3\ARM_GCC_493\Debug\main.o
 .debug_loc     0x00000089      0x144 .\CortexM3\ARM_GCC_493\Debug\Cm3Start.o
 .debug_loc     0x000001cd      0x278 .\CortexM3\ARM_GCC_493\Debug\Dual-PSoC-DCO.a(cyfitter_cfg.o)
 .debug_loc     0x00000445      0xb83 .\CortexM3\ARM_GCC_493\Debug\Dual-PSoC-DCO.a(CyDmac.o)
 .debug_loc     0x00000fc8      0xa11 .\CortexM3\ARM_GCC_493\Debug\Dual-PSoC-DCO.a(CyLib.o)
 .debug_loc     0x000019d9      0x1e4 .\CortexM3\ARM_GCC_493\Debug\Dual-PSoC-DCO.a(cyPm.o)
 .debug_loc     0x00001bbd      0x676 .\CortexM3\ARM_GCC_493\Debug\Dual-PSoC-DCO.a(ADC_DelSig_1.o)
 .debug_loc     0x00002233      0x128 .\CortexM3\ARM_GCC_493\Debug\Dual-PSoC-DCO.a(ADC_DelSig_1_Ext_CP_Clk.o)
 .debug_loc     0x0000235b      0x14d .\CortexM3\ARM_GCC_493\Debug\Dual-PSoC-DCO.a(ADC_DelSig_1_theACLK.o)
 .debug_loc     0x000024a8       0xed .\CortexM3\ARM_GCC_493\Debug\Dual-PSoC-DCO.a(Comp_1.o)
 .debug_loc     0x00002595       0x55 .\CortexM3\ARM_GCC_493\Debug\Dual-PSoC-DCO.a(OSC1_IDAC8.o)
 .debug_loc     0x000025ea       0x13 .\CortexM3\ARM_GCC_493\Debug\Dual-PSoC-DCO.a(OSC1_Freq_Timer.o)
 .debug_loc     0x000025fd       0xed .\CortexM3\ARM_GCC_493\Debug\Dual-PSoC-DCO.a(OSC1_Comp.o)
 .debug_loc     0x000026ea       0x55 .\CortexM3\ARM_GCC_493\Debug\Dual-PSoC-DCO.a(OSC1_IDAC8_SAW.o)
 .debug_loc     0x0000273f      0x128 .\CortexM3\ARM_GCC_493\Debug\Dual-PSoC-DCO.a(Clock_1.o)
 .debug_loc     0x00002867       0x21 .\CortexM3\ARM_GCC_493\Debug\Dual-PSoC-DCO.a(OSC1_Triangle_Follower.o)
 .debug_loc     0x00002888       0x21 .\CortexM3\ARM_GCC_493\Debug\Dual-PSoC-DCO.a(OSC1_Saw_Follower.o)
 .debug_loc     0x000028a9      0x13c .\CortexM3\ARM_GCC_493\Debug\Dual-PSoC-DCO.a(OSC1_ADC_SAR.o)
 .debug_loc     0x000029e5      0x273 .\CortexM3\ARM_GCC_493\Debug\Dual-PSoC-DCO.a(OSC1_ADC_SAR_SAR.o)
 .debug_loc     0x00002c58       0x84 .\CortexM3\ARM_GCC_493\Debug\Dual-PSoC-DCO.a(OSC1_ADC_SAR_TempBuf_dma.o)
 .debug_loc     0x00002cdc       0x84 .\CortexM3\ARM_GCC_493\Debug\Dual-PSoC-DCO.a(OSC1_ADC_SAR_FinalBuf_dma.o)
 .debug_loc     0x00002d60       0x56 .\CortexM3\ARM_GCC_493\Debug\Dual-PSoC-DCO.a(OSC1_ADC_SAR_IRQ.o)
 .debug_loc     0x00002db6       0x42 .\CortexM3\ARM_GCC_493\Debug\Dual-PSoC-DCO.a(test_pin.o)
 .debug_loc     0x00002df8       0x56 .\CortexM3\ARM_GCC_493\Debug\Dual-PSoC-DCO.a(OSC1_SIGNCHANGE_PositiveISR.o)
 .debug_loc     0x00002e4e       0x56 .\CortexM3\ARM_GCC_493\Debug\Dual-PSoC-DCO.a(OSC1_SIGNCHANGE_NegativeISR.o)
 .debug_loc     0x00002ea4      0x300 .\CortexM3\ARM_GCC_493\Debug\Dual-PSoC-DCO.a(CyFlash.o)
 .debug_loc     0x000031a4      0x64d .\CortexM3\ARM_GCC_493\Debug\Dual-PSoC-DCO.a(CySpc.o)

.debug_macinfo
 *(.debug_macinfo)

.debug_ranges   0x00000000      0xc90
 *(.debug_ranges)
 .debug_ranges  0x00000000       0x20 .\CortexM3\ARM_GCC_493\Debug\main.o
 .debug_ranges  0x00000020       0x38 .\CortexM3\ARM_GCC_493\Debug\Cm3Start.o
 .debug_ranges  0x00000058       0x48 .\CortexM3\ARM_GCC_493\Debug\Dual-PSoC-DCO.a(cyfitter_cfg.o)
 .debug_ranges  0x000000a0       0xc8 .\CortexM3\ARM_GCC_493\Debug\Dual-PSoC-DCO.a(CyDmac.o)
 .debug_ranges  0x00000168      0x288 .\CortexM3\ARM_GCC_493\Debug\Dual-PSoC-DCO.a(CyLib.o)
 .debug_ranges  0x000003f0       0x88 .\CortexM3\ARM_GCC_493\Debug\Dual-PSoC-DCO.a(cyPm.o)
 .debug_ranges  0x00000478       0xd8 .\CortexM3\ARM_GCC_493\Debug\Dual-PSoC-DCO.a(ADC_DelSig_1.o)
 .debug_ranges  0x00000550       0x28 .\CortexM3\ARM_GCC_493\Debug\Dual-PSoC-DCO.a(ADC_DelSig_1_INT.o)
 .debug_ranges  0x00000578       0x60 .\CortexM3\ARM_GCC_493\Debug\Dual-PSoC-DCO.a(ADC_DelSig_1_Ext_CP_Clk.o)
 .debug_ranges  0x000005d8       0x70 .\CortexM3\ARM_GCC_493\Debug\Dual-PSoC-DCO.a(ADC_DelSig_1_theACLK.o)
 .debug_ranges  0x00000648       0x60 .\CortexM3\ARM_GCC_493\Debug\Dual-PSoC-DCO.a(Comp_1.o)
 .debug_ranges  0x000006a8       0x48 .\CortexM3\ARM_GCC_493\Debug\Dual-PSoC-DCO.a(OSC1_IDAC8.o)
 .debug_ranges  0x000006f0       0x80 .\CortexM3\ARM_GCC_493\Debug\Dual-PSoC-DCO.a(OSC1_Freq_Timer.o)
 .debug_ranges  0x00000770       0x60 .\CortexM3\ARM_GCC_493\Debug\Dual-PSoC-DCO.a(OSC1_Comp.o)
 .debug_ranges  0x000007d0       0x48 .\CortexM3\ARM_GCC_493\Debug\Dual-PSoC-DCO.a(OSC1_IDAC8_SAW.o)
 .debug_ranges  0x00000818       0x60 .\CortexM3\ARM_GCC_493\Debug\Dual-PSoC-DCO.a(Clock_1.o)
 .debug_ranges  0x00000878       0x30 .\CortexM3\ARM_GCC_493\Debug\Dual-PSoC-DCO.a(OSC1_Triangle_Follower.o)
 .debug_ranges  0x000008a8       0x30 .\CortexM3\ARM_GCC_493\Debug\Dual-PSoC-DCO.a(OSC1_Saw_Follower.o)
 .debug_ranges  0x000008d8       0x90 .\CortexM3\ARM_GCC_493\Debug\Dual-PSoC-DCO.a(OSC1_ADC_SAR.o)
 .debug_ranges  0x00000968       0x10 .\CortexM3\ARM_GCC_493\Debug\Dual-PSoC-DCO.a(OSC1_ADC_SAR_INT.o)
 .debug_ranges  0x00000978       0x98 .\CortexM3\ARM_GCC_493\Debug\Dual-PSoC-DCO.a(OSC1_ADC_SAR_SAR.o)
 .debug_ranges  0x00000a10       0x18 .\CortexM3\ARM_GCC_493\Debug\Dual-PSoC-DCO.a(OSC1_ADC_SAR_TempBuf_dma.o)
 .debug_ranges  0x00000a28       0x18 .\CortexM3\ARM_GCC_493\Debug\Dual-PSoC-DCO.a(OSC1_ADC_SAR_FinalBuf_dma.o)
 .debug_ranges  0x00000a40       0x70 .\CortexM3\ARM_GCC_493\Debug\Dual-PSoC-DCO.a(OSC1_ADC_SAR_IRQ.o)
 .debug_ranges  0x00000ab0       0x28 .\CortexM3\ARM_GCC_493\Debug\Dual-PSoC-DCO.a(test_pin.o)
 .debug_ranges  0x00000ad8       0x70 .\CortexM3\ARM_GCC_493\Debug\Dual-PSoC-DCO.a(OSC1_SIGNCHANGE_PositiveISR.o)
 .debug_ranges  0x00000b48       0x70 .\CortexM3\ARM_GCC_493\Debug\Dual-PSoC-DCO.a(OSC1_SIGNCHANGE_NegativeISR.o)
 .debug_ranges  0x00000bb8       0x70 .\CortexM3\ARM_GCC_493\Debug\Dual-PSoC-DCO.a(CyFlash.o)
 .debug_ranges  0x00000c28       0x68 .\CortexM3\ARM_GCC_493\Debug\Dual-PSoC-DCO.a(CySpc.o)

.comment        0x00000000       0x70
 .comment       0x00000000       0x70 .\CortexM3\ARM_GCC_493\Debug\main.o
                                 0x71 (size before relaxing)
 .comment       0x00000000       0x71 .\CortexM3\ARM_GCC_493\Debug\cymetadata.o
 .comment       0x00000000       0x71 .\CortexM3\ARM_GCC_493\Debug\Cm3Start.o
 .comment       0x00000000       0x71 .\CortexM3\ARM_GCC_493\Debug\Dual-PSoC-DCO.a(cyfitter_cfg.o)
 .comment       0x00000000       0x71 .\CortexM3\ARM_GCC_493\Debug\Dual-PSoC-DCO.a(CyDmac.o)
 .comment       0x00000000       0x71 .\CortexM3\ARM_GCC_493\Debug\Dual-PSoC-DCO.a(CyLib.o)
 .comment       0x00000000       0x71 .\CortexM3\ARM_GCC_493\Debug\Dual-PSoC-DCO.a(cyPm.o)
 .comment       0x00000000       0x71 .\CortexM3\ARM_GCC_493\Debug\Dual-PSoC-DCO.a(ADC_DelSig_1.o)
 .comment       0x00000000       0x71 .\CortexM3\ARM_GCC_493\Debug\Dual-PSoC-DCO.a(ADC_DelSig_1_INT.o)
 .comment       0x00000000       0x71 .\CortexM3\ARM_GCC_493\Debug\Dual-PSoC-DCO.a(ADC_DelSig_1_Ext_CP_Clk.o)
 .comment       0x00000000       0x71 .\CortexM3\ARM_GCC_493\Debug\Dual-PSoC-DCO.a(ADC_DelSig_1_theACLK.o)
 .comment       0x00000000       0x71 .\CortexM3\ARM_GCC_493\Debug\Dual-PSoC-DCO.a(Comp_1.o)
 .comment       0x00000000       0x71 .\CortexM3\ARM_GCC_493\Debug\Dual-PSoC-DCO.a(OSC1_IDAC8.o)
 .comment       0x00000000       0x71 .\CortexM3\ARM_GCC_493\Debug\Dual-PSoC-DCO.a(OSC1_Freq_Timer.o)
 .comment       0x00000000       0x71 .\CortexM3\ARM_GCC_493\Debug\Dual-PSoC-DCO.a(OSC1_Comp.o)
 .comment       0x00000000       0x71 .\CortexM3\ARM_GCC_493\Debug\Dual-PSoC-DCO.a(OSC1_IDAC8_SAW.o)
 .comment       0x00000000       0x71 .\CortexM3\ARM_GCC_493\Debug\Dual-PSoC-DCO.a(Clock_1.o)
 .comment       0x00000000       0x71 .\CortexM3\ARM_GCC_493\Debug\Dual-PSoC-DCO.a(OSC1_Triangle_Follower.o)
 .comment       0x00000000       0x71 .\CortexM3\ARM_GCC_493\Debug\Dual-PSoC-DCO.a(OSC1_Saw_Follower.o)
 .comment       0x00000000       0x71 .\CortexM3\ARM_GCC_493\Debug\Dual-PSoC-DCO.a(OSC1_ADC_SAR.o)
 .comment       0x00000000       0x71 .\CortexM3\ARM_GCC_493\Debug\Dual-PSoC-DCO.a(OSC1_ADC_SAR_INT.o)
 .comment       0x00000000       0x71 .\CortexM3\ARM_GCC_493\Debug\Dual-PSoC-DCO.a(OSC1_ADC_SAR_SAR.o)
 .comment       0x00000000       0x71 .\CortexM3\ARM_GCC_493\Debug\Dual-PSoC-DCO.a(OSC1_ADC_SAR_TempBuf_dma.o)
 .comment       0x00000000       0x71 .\CortexM3\ARM_GCC_493\Debug\Dual-PSoC-DCO.a(OSC1_ADC_SAR_FinalBuf_dma.o)
 .comment       0x00000000       0x71 .\CortexM3\ARM_GCC_493\Debug\Dual-PSoC-DCO.a(OSC1_ADC_SAR_IRQ.o)
 .comment       0x00000000       0x71 .\CortexM3\ARM_GCC_493\Debug\Dual-PSoC-DCO.a(test_pin.o)
 .comment       0x00000000       0x71 .\CortexM3\ARM_GCC_493\Debug\Dual-PSoC-DCO.a(OSC1_SIGNCHANGE_PositiveISR.o)
 .comment       0x00000000       0x71 .\CortexM3\ARM_GCC_493\Debug\Dual-PSoC-DCO.a(OSC1_SIGNCHANGE_NegativeISR.o)
 .comment       0x00000000       0x71 .\CortexM3\ARM_GCC_493\Debug\Dual-PSoC-DCO.a(CyFlash.o)
 .comment       0x00000000       0x71 .\CortexM3\ARM_GCC_493\Debug\Dual-PSoC-DCO.a(CySpc.o)

.debug_weaknames
 *(.debug_weaknames)

.debug_funcnames
 *(.debug_funcnames)

.debug_typenames
 *(.debug_typenames)

.debug_varnames
 *(.debug_varnames)

.note.gnu.arm.ident
 *(.note.gnu.arm.ident)

.ARM.attributes
                0x00000000       0x29
 *(.ARM.attributes)
 .ARM.attributes
                0x00000000       0x1d c:/program files (x86)/cypress/psoc creator/3.3/psoc creator/import/gnu/arm/4.9.3/bin/../lib/gcc/arm-none-eabi/4.9.3/armv7-m/crti.o
 .ARM.attributes
                0x0000001d       0x2d c:/program files (x86)/cypress/psoc creator/3.3/psoc creator/import/gnu/arm/4.9.3/bin/../lib/gcc/arm-none-eabi/4.9.3/armv7-m/crtbegin.o
 .ARM.attributes
                0x0000004a       0x1b c:/program files (x86)/cypress/psoc creator/3.3/psoc creator/import/gnu/arm/4.9.3/bin/../lib/gcc/arm-none-eabi/4.9.3/../../../../arm-none-eabi/lib/armv7-m/crt0.o
 .ARM.attributes
                0x00000065       0x33 .\CortexM3\ARM_GCC_493\Debug\main.o
 .ARM.attributes
                0x00000098       0x33 .\CortexM3\ARM_GCC_493\Debug\cymetadata.o
 .ARM.attributes
                0x000000cb       0x33 .\CortexM3\ARM_GCC_493\Debug\Cm3Start.o
 .ARM.attributes
                0x000000fe       0x33 .\CortexM3\ARM_GCC_493\Debug\Dual-PSoC-DCO.a(cyfitter_cfg.o)
 .ARM.attributes
                0x00000131       0x21 .\CortexM3\ARM_GCC_493\Debug\Dual-PSoC-DCO.a(CyBootAsmGnu.o)
 .ARM.attributes
                0x00000152       0x33 .\CortexM3\ARM_GCC_493\Debug\Dual-PSoC-DCO.a(CyDmac.o)
 .ARM.attributes
                0x00000185       0x33 .\CortexM3\ARM_GCC_493\Debug\Dual-PSoC-DCO.a(CyLib.o)
 .ARM.attributes
                0x000001b8       0x33 .\CortexM3\ARM_GCC_493\Debug\Dual-PSoC-DCO.a(cyPm.o)
 .ARM.attributes
                0x000001eb       0x33 .\CortexM3\ARM_GCC_493\Debug\Dual-PSoC-DCO.a(ADC_DelSig_1.o)
 .ARM.attributes
                0x0000021e       0x33 .\CortexM3\ARM_GCC_493\Debug\Dual-PSoC-DCO.a(ADC_DelSig_1_INT.o)
 .ARM.attributes
                0x00000251       0x33 .\CortexM3\ARM_GCC_493\Debug\Dual-PSoC-DCO.a(ADC_DelSig_1_Ext_CP_Clk.o)
 .ARM.attributes
                0x00000284       0x33 .\CortexM3\ARM_GCC_493\Debug\Dual-PSoC-DCO.a(ADC_DelSig_1_theACLK.o)
 .ARM.attributes
                0x000002b7       0x33 .\CortexM3\ARM_GCC_493\Debug\Dual-PSoC-DCO.a(Comp_1.o)
 .ARM.attributes
                0x000002ea       0x33 .\CortexM3\ARM_GCC_493\Debug\Dual-PSoC-DCO.a(OSC1_IDAC8.o)
 .ARM.attributes
                0x0000031d       0x33 .\CortexM3\ARM_GCC_493\Debug\Dual-PSoC-DCO.a(OSC1_Freq_Timer.o)
 .ARM.attributes
                0x00000350       0x33 .\CortexM3\ARM_GCC_493\Debug\Dual-PSoC-DCO.a(OSC1_Comp.o)
 .ARM.attributes
                0x00000383       0x33 .\CortexM3\ARM_GCC_493\Debug\Dual-PSoC-DCO.a(OSC1_IDAC8_SAW.o)
 .ARM.attributes
                0x000003b6       0x33 .\CortexM3\ARM_GCC_493\Debug\Dual-PSoC-DCO.a(Clock_1.o)
 .ARM.attributes
                0x000003e9       0x33 .\CortexM3\ARM_GCC_493\Debug\Dual-PSoC-DCO.a(OSC1_Triangle_Follower.o)
 .ARM.attributes
                0x0000041c       0x33 .\CortexM3\ARM_GCC_493\Debug\Dual-PSoC-DCO.a(OSC1_Saw_Follower.o)
 .ARM.attributes
                0x0000044f       0x33 .\CortexM3\ARM_GCC_493\Debug\Dual-PSoC-DCO.a(OSC1_ADC_SAR.o)
 .ARM.attributes
                0x00000482       0x33 .\CortexM3\ARM_GCC_493\Debug\Dual-PSoC-DCO.a(OSC1_ADC_SAR_INT.o)
 .ARM.attributes
                0x000004b5       0x33 .\CortexM3\ARM_GCC_493\Debug\Dual-PSoC-DCO.a(OSC1_ADC_SAR_SAR.o)
 .ARM.attributes
                0x000004e8       0x33 .\CortexM3\ARM_GCC_493\Debug\Dual-PSoC-DCO.a(OSC1_ADC_SAR_TempBuf_dma.o)
 .ARM.attributes
                0x0000051b       0x33 .\CortexM3\ARM_GCC_493\Debug\Dual-PSoC-DCO.a(OSC1_ADC_SAR_FinalBuf_dma.o)
 .ARM.attributes
                0x0000054e       0x33 .\CortexM3\ARM_GCC_493\Debug\Dual-PSoC-DCO.a(OSC1_ADC_SAR_IRQ.o)
 .ARM.attributes
                0x00000581       0x33 .\CortexM3\ARM_GCC_493\Debug\Dual-PSoC-DCO.a(test_pin.o)
 .ARM.attributes
                0x000005b4       0x33 .\CortexM3\ARM_GCC_493\Debug\Dual-PSoC-DCO.a(OSC1_SIGNCHANGE_PositiveISR.o)
 .ARM.attributes
                0x000005e7       0x33 .\CortexM3\ARM_GCC_493\Debug\Dual-PSoC-DCO.a(OSC1_SIGNCHANGE_NegativeISR.o)
 .ARM.attributes
                0x0000061a       0x33 .\CortexM3\ARM_GCC_493\Debug\Dual-PSoC-DCO.a(CyFlash.o)
 .ARM.attributes
                0x0000064d       0x33 .\CortexM3\ARM_GCC_493\Debug\Dual-PSoC-DCO.a(CySpc.o)
 .ARM.attributes
                0x00000680       0x2d c:/program files (x86)/cypress/psoc creator/3.3/psoc creator/import/gnu/arm/4.9.3/bin/../lib/gcc/arm-none-eabi/4.9.3/../../../../arm-none-eabi/lib/armv7-m\libm.a(lib_a-w_pow.o)
 .ARM.attributes
                0x000006ad       0x2d c:/program files (x86)/cypress/psoc creator/3.3/psoc creator/import/gnu/arm/4.9.3/bin/../lib/gcc/arm-none-eabi/4.9.3/../../../../arm-none-eabi/lib/armv7-m\libm.a(lib_a-e_pow.o)
 .ARM.attributes
                0x000006da       0x2d c:/program files (x86)/cypress/psoc creator/3.3/psoc creator/import/gnu/arm/4.9.3/bin/../lib/gcc/arm-none-eabi/4.9.3/../../../../arm-none-eabi/lib/armv7-m\libm.a(lib_a-e_sqrt.o)
 .ARM.attributes
                0x00000707       0x2d c:/program files (x86)/cypress/psoc creator/3.3/psoc creator/import/gnu/arm/4.9.3/bin/../lib/gcc/arm-none-eabi/4.9.3/../../../../arm-none-eabi/lib/armv7-m\libm.a(lib_a-s_fabs.o)
 .ARM.attributes
                0x00000734       0x2d c:/program files (x86)/cypress/psoc creator/3.3/psoc creator/import/gnu/arm/4.9.3/bin/../lib/gcc/arm-none-eabi/4.9.3/../../../../arm-none-eabi/lib/armv7-m\libm.a(lib_a-s_finite.o)
 .ARM.attributes
                0x00000761       0x2d c:/program files (x86)/cypress/psoc creator/3.3/psoc creator/import/gnu/arm/4.9.3/bin/../lib/gcc/arm-none-eabi/4.9.3/../../../../arm-none-eabi/lib/armv7-m\libm.a(lib_a-s_fpclassify.o)
 .ARM.attributes
                0x0000078e       0x2d c:/program files (x86)/cypress/psoc creator/3.3/psoc creator/import/gnu/arm/4.9.3/bin/../lib/gcc/arm-none-eabi/4.9.3/../../../../arm-none-eabi/lib/armv7-m\libm.a(lib_a-s_lib_ver.o)
 .ARM.attributes
                0x000007bb       0x2d c:/program files (x86)/cypress/psoc creator/3.3/psoc creator/import/gnu/arm/4.9.3/bin/../lib/gcc/arm-none-eabi/4.9.3/../../../../arm-none-eabi/lib/armv7-m\libm.a(lib_a-s_matherr.o)
 .ARM.attributes
                0x000007e8       0x2d c:/program files (x86)/cypress/psoc creator/3.3/psoc creator/import/gnu/arm/4.9.3/bin/../lib/gcc/arm-none-eabi/4.9.3/../../../../arm-none-eabi/lib/armv7-m\libm.a(lib_a-s_nan.o)
 .ARM.attributes
                0x00000815       0x2d c:/program files (x86)/cypress/psoc creator/3.3/psoc creator/import/gnu/arm/4.9.3/bin/../lib/gcc/arm-none-eabi/4.9.3/../../../../arm-none-eabi/lib/armv7-m\libm.a(lib_a-s_rint.o)
 .ARM.attributes
                0x00000842       0x2d c:/program files (x86)/cypress/psoc creator/3.3/psoc creator/import/gnu/arm/4.9.3/bin/../lib/gcc/arm-none-eabi/4.9.3/../../../../arm-none-eabi/lib/armv7-m\libm.a(lib_a-s_scalbn.o)
 .ARM.attributes
                0x0000086f       0x2d c:/program files (x86)/cypress/psoc creator/3.3/psoc creator/import/gnu/arm/4.9.3/bin/../lib/gcc/arm-none-eabi/4.9.3/../../../../arm-none-eabi/lib/armv7-m\libm.a(lib_a-s_copysign.o)
 .ARM.attributes
                0x0000089c       0x1d c:/program files (x86)/cypress/psoc creator/3.3/psoc creator/import/gnu/arm/4.9.3/bin/../lib/gcc/arm-none-eabi/4.9.3/armv7-m\libgcc.a(_arm_addsubdf3.o)
 .ARM.attributes
                0x000008b9       0x1d c:/program files (x86)/cypress/psoc creator/3.3/psoc creator/import/gnu/arm/4.9.3/bin/../lib/gcc/arm-none-eabi/4.9.3/armv7-m\libgcc.a(_arm_muldivdf3.o)
 .ARM.attributes
                0x000008d6       0x1d c:/program files (x86)/cypress/psoc creator/3.3/psoc creator/import/gnu/arm/4.9.3/bin/../lib/gcc/arm-none-eabi/4.9.3/armv7-m\libgcc.a(_arm_cmpdf2.o)
 .ARM.attributes
                0x000008f3       0x1d c:/program files (x86)/cypress/psoc creator/3.3/psoc creator/import/gnu/arm/4.9.3/bin/../lib/gcc/arm-none-eabi/4.9.3/armv7-m\libgcc.a(_arm_fixunsdfsi.o)
 .ARM.attributes
                0x00000910       0x1d c:/program files (x86)/cypress/psoc creator/3.3/psoc creator/import/gnu/arm/4.9.3/bin/../lib/gcc/arm-none-eabi/4.9.3/armv7-m\libgcc.a(_arm_addsubsf3.o)
 .ARM.attributes
                0x0000092d       0x1d c:/program files (x86)/cypress/psoc creator/3.3/psoc creator/import/gnu/arm/4.9.3/bin/../lib/gcc/arm-none-eabi/4.9.3/armv7-m\libgcc.a(_arm_muldivsf3.o)
 .ARM.attributes
                0x0000094a       0x1d c:/program files (x86)/cypress/psoc creator/3.3/psoc creator/import/gnu/arm/4.9.3/bin/../lib/gcc/arm-none-eabi/4.9.3/armv7-m\libgcc.a(_arm_fixunssfsi.o)
 .ARM.attributes