ARM GAS  C:\Users\214016~1\AppData\Local\Temp\ccW4XqOJ.s 			page 1


   1              		.syntax unified
   2              		.cpu cortex-m3
   3              		.fpu softvfp
   4              		.eabi_attribute 20, 1
   5              		.eabi_attribute 21, 1
   6              		.eabi_attribute 23, 3
   7              		.eabi_attribute 24, 1
   8              		.eabi_attribute 25, 1
   9              		.eabi_attribute 26, 1
  10              		.eabi_attribute 30, 1
  11              		.eabi_attribute 34, 1
  12              		.eabi_attribute 18, 4
  13              		.thumb
  14              		.file	"OSC1_ISR.c"
  15              		.text
  16              	.Ltext0:
  17              		.cfi_sections	.debug_frame
  18              		.section	.text.OSC1_ISR_Interrupt,"ax",%progbits
  19              		.align	2
  20              		.global	OSC1_ISR_Interrupt
  21              		.thumb
  22              		.thumb_func
  23              		.type	OSC1_ISR_Interrupt, %function
  24              	OSC1_ISR_Interrupt:
  25              	.LFB3:
  26              		.file 1 ".\\Generated_Source\\PSoC5\\OSC1_ISR.c"
   1:.\Generated_Source\PSoC5/OSC1_ISR.c **** /*******************************************************************************
   2:.\Generated_Source\PSoC5/OSC1_ISR.c **** * File Name: OSC1_ISR.c  
   3:.\Generated_Source\PSoC5/OSC1_ISR.c **** * Version 1.70
   4:.\Generated_Source\PSoC5/OSC1_ISR.c **** *
   5:.\Generated_Source\PSoC5/OSC1_ISR.c **** *  Description:
   6:.\Generated_Source\PSoC5/OSC1_ISR.c **** *   API for controlling the state of an interrupt.
   7:.\Generated_Source\PSoC5/OSC1_ISR.c **** *
   8:.\Generated_Source\PSoC5/OSC1_ISR.c **** *
   9:.\Generated_Source\PSoC5/OSC1_ISR.c **** *  Note:
  10:.\Generated_Source\PSoC5/OSC1_ISR.c **** *
  11:.\Generated_Source\PSoC5/OSC1_ISR.c **** ********************************************************************************
  12:.\Generated_Source\PSoC5/OSC1_ISR.c **** * Copyright 2008-2015, Cypress Semiconductor Corporation.  All rights reserved.
  13:.\Generated_Source\PSoC5/OSC1_ISR.c **** * You may use this file only in accordance with the license, terms, conditions, 
  14:.\Generated_Source\PSoC5/OSC1_ISR.c **** * disclaimers, and limitations in the end user license agreement accompanying 
  15:.\Generated_Source\PSoC5/OSC1_ISR.c **** * the software package with which this file was provided.
  16:.\Generated_Source\PSoC5/OSC1_ISR.c **** *******************************************************************************/
  17:.\Generated_Source\PSoC5/OSC1_ISR.c **** 
  18:.\Generated_Source\PSoC5/OSC1_ISR.c **** 
  19:.\Generated_Source\PSoC5/OSC1_ISR.c **** #include <cydevice_trm.h>
  20:.\Generated_Source\PSoC5/OSC1_ISR.c **** #include <CyLib.h>
  21:.\Generated_Source\PSoC5/OSC1_ISR.c **** #include <OSC1_ISR.h>
  22:.\Generated_Source\PSoC5/OSC1_ISR.c **** #include "cyapicallbacks.h"
  23:.\Generated_Source\PSoC5/OSC1_ISR.c **** 
  24:.\Generated_Source\PSoC5/OSC1_ISR.c **** #if !defined(OSC1_ISR__REMOVED) /* Check for removal by optimization */
  25:.\Generated_Source\PSoC5/OSC1_ISR.c **** 
  26:.\Generated_Source\PSoC5/OSC1_ISR.c **** /*******************************************************************************
  27:.\Generated_Source\PSoC5/OSC1_ISR.c **** *  Place your includes, defines and code here 
  28:.\Generated_Source\PSoC5/OSC1_ISR.c **** ********************************************************************************/
  29:.\Generated_Source\PSoC5/OSC1_ISR.c **** /* `#START OSC1_ISR_intc` */
  30:.\Generated_Source\PSoC5/OSC1_ISR.c **** 
  31:.\Generated_Source\PSoC5/OSC1_ISR.c **** /* `#END` */
ARM GAS  C:\Users\214016~1\AppData\Local\Temp\ccW4XqOJ.s 			page 2


  32:.\Generated_Source\PSoC5/OSC1_ISR.c **** 
  33:.\Generated_Source\PSoC5/OSC1_ISR.c **** #ifndef CYINT_IRQ_BASE
  34:.\Generated_Source\PSoC5/OSC1_ISR.c **** #define CYINT_IRQ_BASE      16
  35:.\Generated_Source\PSoC5/OSC1_ISR.c **** #endif /* CYINT_IRQ_BASE */
  36:.\Generated_Source\PSoC5/OSC1_ISR.c **** #ifndef CYINT_VECT_TABLE
  37:.\Generated_Source\PSoC5/OSC1_ISR.c **** #define CYINT_VECT_TABLE    ((cyisraddress **) CYREG_NVIC_VECT_OFFSET)
  38:.\Generated_Source\PSoC5/OSC1_ISR.c **** #endif /* CYINT_VECT_TABLE */
  39:.\Generated_Source\PSoC5/OSC1_ISR.c **** 
  40:.\Generated_Source\PSoC5/OSC1_ISR.c **** /* Declared in startup, used to set unused interrupts to. */
  41:.\Generated_Source\PSoC5/OSC1_ISR.c **** CY_ISR_PROTO(IntDefaultHandler);
  42:.\Generated_Source\PSoC5/OSC1_ISR.c **** 
  43:.\Generated_Source\PSoC5/OSC1_ISR.c **** 
  44:.\Generated_Source\PSoC5/OSC1_ISR.c **** /*******************************************************************************
  45:.\Generated_Source\PSoC5/OSC1_ISR.c **** * Function Name: OSC1_ISR_Start
  46:.\Generated_Source\PSoC5/OSC1_ISR.c **** ********************************************************************************
  47:.\Generated_Source\PSoC5/OSC1_ISR.c **** *
  48:.\Generated_Source\PSoC5/OSC1_ISR.c **** * Summary:
  49:.\Generated_Source\PSoC5/OSC1_ISR.c **** *  Set up the interrupt and enable it. This function disables the interrupt, 
  50:.\Generated_Source\PSoC5/OSC1_ISR.c **** *  sets the default interrupt vector, sets the priority from the value in the
  51:.\Generated_Source\PSoC5/OSC1_ISR.c **** *  Design Wide Resources Interrupt Editor, then enables the interrupt to the 
  52:.\Generated_Source\PSoC5/OSC1_ISR.c **** *  interrupt controller.
  53:.\Generated_Source\PSoC5/OSC1_ISR.c **** *
  54:.\Generated_Source\PSoC5/OSC1_ISR.c **** * Parameters:  
  55:.\Generated_Source\PSoC5/OSC1_ISR.c **** *   None
  56:.\Generated_Source\PSoC5/OSC1_ISR.c **** *
  57:.\Generated_Source\PSoC5/OSC1_ISR.c **** * Return:
  58:.\Generated_Source\PSoC5/OSC1_ISR.c **** *   None
  59:.\Generated_Source\PSoC5/OSC1_ISR.c **** *
  60:.\Generated_Source\PSoC5/OSC1_ISR.c **** *******************************************************************************/
  61:.\Generated_Source\PSoC5/OSC1_ISR.c **** void OSC1_ISR_Start(void)
  62:.\Generated_Source\PSoC5/OSC1_ISR.c **** {
  63:.\Generated_Source\PSoC5/OSC1_ISR.c ****     /* For all we know the interrupt is active. */
  64:.\Generated_Source\PSoC5/OSC1_ISR.c ****     OSC1_ISR_Disable();
  65:.\Generated_Source\PSoC5/OSC1_ISR.c **** 
  66:.\Generated_Source\PSoC5/OSC1_ISR.c ****     /* Set the ISR to point to the OSC1_ISR Interrupt. */
  67:.\Generated_Source\PSoC5/OSC1_ISR.c ****     OSC1_ISR_SetVector(&OSC1_ISR_Interrupt);
  68:.\Generated_Source\PSoC5/OSC1_ISR.c **** 
  69:.\Generated_Source\PSoC5/OSC1_ISR.c ****     /* Set the priority. */
  70:.\Generated_Source\PSoC5/OSC1_ISR.c ****     OSC1_ISR_SetPriority((uint8)OSC1_ISR_INTC_PRIOR_NUMBER);
  71:.\Generated_Source\PSoC5/OSC1_ISR.c **** 
  72:.\Generated_Source\PSoC5/OSC1_ISR.c ****     /* Enable it. */
  73:.\Generated_Source\PSoC5/OSC1_ISR.c ****     OSC1_ISR_Enable();
  74:.\Generated_Source\PSoC5/OSC1_ISR.c **** }
  75:.\Generated_Source\PSoC5/OSC1_ISR.c **** 
  76:.\Generated_Source\PSoC5/OSC1_ISR.c **** 
  77:.\Generated_Source\PSoC5/OSC1_ISR.c **** /*******************************************************************************
  78:.\Generated_Source\PSoC5/OSC1_ISR.c **** * Function Name: OSC1_ISR_StartEx
  79:.\Generated_Source\PSoC5/OSC1_ISR.c **** ********************************************************************************
  80:.\Generated_Source\PSoC5/OSC1_ISR.c **** *
  81:.\Generated_Source\PSoC5/OSC1_ISR.c **** * Summary:
  82:.\Generated_Source\PSoC5/OSC1_ISR.c **** *  Sets up the interrupt and enables it. This function disables the interrupt,
  83:.\Generated_Source\PSoC5/OSC1_ISR.c **** *  sets the interrupt vector based on the address passed in, sets the priority 
  84:.\Generated_Source\PSoC5/OSC1_ISR.c **** *  from the value in the Design Wide Resources Interrupt Editor, then enables 
  85:.\Generated_Source\PSoC5/OSC1_ISR.c **** *  the interrupt to the interrupt controller.
  86:.\Generated_Source\PSoC5/OSC1_ISR.c **** *  
  87:.\Generated_Source\PSoC5/OSC1_ISR.c **** *  When defining ISR functions, the CY_ISR and CY_ISR_PROTO macros should be 
  88:.\Generated_Source\PSoC5/OSC1_ISR.c **** *  used to provide consistent definition across compilers:
ARM GAS  C:\Users\214016~1\AppData\Local\Temp\ccW4XqOJ.s 			page 3


  89:.\Generated_Source\PSoC5/OSC1_ISR.c **** *  
  90:.\Generated_Source\PSoC5/OSC1_ISR.c **** *  Function definition example:
  91:.\Generated_Source\PSoC5/OSC1_ISR.c **** *   CY_ISR(MyISR)
  92:.\Generated_Source\PSoC5/OSC1_ISR.c **** *   {
  93:.\Generated_Source\PSoC5/OSC1_ISR.c **** *   }
  94:.\Generated_Source\PSoC5/OSC1_ISR.c **** *   Function prototype example:
  95:.\Generated_Source\PSoC5/OSC1_ISR.c **** *   CY_ISR_PROTO(MyISR);
  96:.\Generated_Source\PSoC5/OSC1_ISR.c **** *
  97:.\Generated_Source\PSoC5/OSC1_ISR.c **** * Parameters:  
  98:.\Generated_Source\PSoC5/OSC1_ISR.c **** *   address: Address of the ISR to set in the interrupt vector table.
  99:.\Generated_Source\PSoC5/OSC1_ISR.c **** *
 100:.\Generated_Source\PSoC5/OSC1_ISR.c **** * Return:
 101:.\Generated_Source\PSoC5/OSC1_ISR.c **** *   None
 102:.\Generated_Source\PSoC5/OSC1_ISR.c **** *
 103:.\Generated_Source\PSoC5/OSC1_ISR.c **** *******************************************************************************/
 104:.\Generated_Source\PSoC5/OSC1_ISR.c **** void OSC1_ISR_StartEx(cyisraddress address)
 105:.\Generated_Source\PSoC5/OSC1_ISR.c **** {
 106:.\Generated_Source\PSoC5/OSC1_ISR.c ****     /* For all we know the interrupt is active. */
 107:.\Generated_Source\PSoC5/OSC1_ISR.c ****     OSC1_ISR_Disable();
 108:.\Generated_Source\PSoC5/OSC1_ISR.c **** 
 109:.\Generated_Source\PSoC5/OSC1_ISR.c ****     /* Set the ISR to point to the OSC1_ISR Interrupt. */
 110:.\Generated_Source\PSoC5/OSC1_ISR.c ****     OSC1_ISR_SetVector(address);
 111:.\Generated_Source\PSoC5/OSC1_ISR.c **** 
 112:.\Generated_Source\PSoC5/OSC1_ISR.c ****     /* Set the priority. */
 113:.\Generated_Source\PSoC5/OSC1_ISR.c ****     OSC1_ISR_SetPriority((uint8)OSC1_ISR_INTC_PRIOR_NUMBER);
 114:.\Generated_Source\PSoC5/OSC1_ISR.c **** 
 115:.\Generated_Source\PSoC5/OSC1_ISR.c ****     /* Enable it. */
 116:.\Generated_Source\PSoC5/OSC1_ISR.c ****     OSC1_ISR_Enable();
 117:.\Generated_Source\PSoC5/OSC1_ISR.c **** }
 118:.\Generated_Source\PSoC5/OSC1_ISR.c **** 
 119:.\Generated_Source\PSoC5/OSC1_ISR.c **** 
 120:.\Generated_Source\PSoC5/OSC1_ISR.c **** /*******************************************************************************
 121:.\Generated_Source\PSoC5/OSC1_ISR.c **** * Function Name: OSC1_ISR_Stop
 122:.\Generated_Source\PSoC5/OSC1_ISR.c **** ********************************************************************************
 123:.\Generated_Source\PSoC5/OSC1_ISR.c **** *
 124:.\Generated_Source\PSoC5/OSC1_ISR.c **** * Summary:
 125:.\Generated_Source\PSoC5/OSC1_ISR.c **** *   Disables and removes the interrupt.
 126:.\Generated_Source\PSoC5/OSC1_ISR.c **** *
 127:.\Generated_Source\PSoC5/OSC1_ISR.c **** * Parameters:  
 128:.\Generated_Source\PSoC5/OSC1_ISR.c **** *   None
 129:.\Generated_Source\PSoC5/OSC1_ISR.c **** *
 130:.\Generated_Source\PSoC5/OSC1_ISR.c **** * Return:
 131:.\Generated_Source\PSoC5/OSC1_ISR.c **** *   None
 132:.\Generated_Source\PSoC5/OSC1_ISR.c **** *
 133:.\Generated_Source\PSoC5/OSC1_ISR.c **** *******************************************************************************/
 134:.\Generated_Source\PSoC5/OSC1_ISR.c **** void OSC1_ISR_Stop(void)
 135:.\Generated_Source\PSoC5/OSC1_ISR.c **** {
 136:.\Generated_Source\PSoC5/OSC1_ISR.c ****     /* Disable this interrupt. */
 137:.\Generated_Source\PSoC5/OSC1_ISR.c ****     OSC1_ISR_Disable();
 138:.\Generated_Source\PSoC5/OSC1_ISR.c **** 
 139:.\Generated_Source\PSoC5/OSC1_ISR.c ****     /* Set the ISR to point to the passive one. */
 140:.\Generated_Source\PSoC5/OSC1_ISR.c ****     OSC1_ISR_SetVector(&IntDefaultHandler);
 141:.\Generated_Source\PSoC5/OSC1_ISR.c **** }
 142:.\Generated_Source\PSoC5/OSC1_ISR.c **** 
 143:.\Generated_Source\PSoC5/OSC1_ISR.c **** 
 144:.\Generated_Source\PSoC5/OSC1_ISR.c **** /*******************************************************************************
 145:.\Generated_Source\PSoC5/OSC1_ISR.c **** * Function Name: OSC1_ISR_Interrupt
ARM GAS  C:\Users\214016~1\AppData\Local\Temp\ccW4XqOJ.s 			page 4


 146:.\Generated_Source\PSoC5/OSC1_ISR.c **** ********************************************************************************
 147:.\Generated_Source\PSoC5/OSC1_ISR.c **** *
 148:.\Generated_Source\PSoC5/OSC1_ISR.c **** * Summary:
 149:.\Generated_Source\PSoC5/OSC1_ISR.c **** *   The default Interrupt Service Routine for OSC1_ISR.
 150:.\Generated_Source\PSoC5/OSC1_ISR.c **** *
 151:.\Generated_Source\PSoC5/OSC1_ISR.c **** *   Add custom code between the coments to keep the next version of this file
 152:.\Generated_Source\PSoC5/OSC1_ISR.c **** *   from over writting your code.
 153:.\Generated_Source\PSoC5/OSC1_ISR.c **** *
 154:.\Generated_Source\PSoC5/OSC1_ISR.c **** * Parameters:  
 155:.\Generated_Source\PSoC5/OSC1_ISR.c **** *
 156:.\Generated_Source\PSoC5/OSC1_ISR.c **** * Return:
 157:.\Generated_Source\PSoC5/OSC1_ISR.c **** *   None
 158:.\Generated_Source\PSoC5/OSC1_ISR.c **** *
 159:.\Generated_Source\PSoC5/OSC1_ISR.c **** *******************************************************************************/
 160:.\Generated_Source\PSoC5/OSC1_ISR.c **** CY_ISR(OSC1_ISR_Interrupt)
 161:.\Generated_Source\PSoC5/OSC1_ISR.c **** {
  27              		.loc 1 161 0
  28              		.cfi_startproc
  29              		@ args = 0, pretend = 0, frame = 0
  30              		@ frame_needed = 0, uses_anonymous_args = 0
  31 0000 08B5     		push	{r3, lr}
  32              		.cfi_def_cfa_offset 8
  33              		.cfi_offset 3, -8
  34              		.cfi_offset 14, -4
 162:.\Generated_Source\PSoC5/OSC1_ISR.c ****     #ifdef OSC1_ISR_INTERRUPT_INTERRUPT_CALLBACK
 163:.\Generated_Source\PSoC5/OSC1_ISR.c ****         OSC1_ISR_Interrupt_InterruptCallback();
 164:.\Generated_Source\PSoC5/OSC1_ISR.c ****     #endif /* OSC1_ISR_INTERRUPT_INTERRUPT_CALLBACK */ 
 165:.\Generated_Source\PSoC5/OSC1_ISR.c **** 
 166:.\Generated_Source\PSoC5/OSC1_ISR.c ****     /*  Place your Interrupt code here. */
 167:.\Generated_Source\PSoC5/OSC1_ISR.c ****     /* `#START OSC1_ISR_Interrupt` */
 168:.\Generated_Source\PSoC5/OSC1_ISR.c **** Pin_2_Write(0xFF);
  35              		.loc 1 168 0
  36 0002 FF20     		movs	r0, #255
  37 0004 FFF7FEFF 		bl	Pin_2_Write
  38              	.LVL0:
 169:.\Generated_Source\PSoC5/OSC1_ISR.c **** CyDelayUs(10);
  39              		.loc 1 169 0
  40 0008 0A20     		movs	r0, #10
  41 000a FFF7FEFF 		bl	CyDelayUs
  42              	.LVL1:
 170:.\Generated_Source\PSoC5/OSC1_ISR.c **** Pin_2_Write(0x00);
  43              		.loc 1 170 0
  44 000e 0020     		movs	r0, #0
  45 0010 FFF7FEFF 		bl	Pin_2_Write
  46              	.LVL2:
 171:.\Generated_Source\PSoC5/OSC1_ISR.c **** //OSC1_Mux_Next();
 172:.\Generated_Source\PSoC5/OSC1_ISR.c **** OSC1_Freq_Timer_1_ReadStatusRegister();
  47              		.loc 1 172 0
  48 0014 FFF7FEFF 		bl	OSC1_Freq_Timer_1_ReadStatusRegister
  49              	.LVL3:
  50 0018 08BD     		pop	{r3, pc}
  51              		.cfi_endproc
  52              	.LFE3:
  53              		.size	OSC1_ISR_Interrupt, .-OSC1_ISR_Interrupt
  54 001a 00BF     		.section	.text.OSC1_ISR_SetVector,"ax",%progbits
  55              		.align	2
  56              		.global	OSC1_ISR_SetVector
ARM GAS  C:\Users\214016~1\AppData\Local\Temp\ccW4XqOJ.s 			page 5


  57              		.thumb
  58              		.thumb_func
  59              		.type	OSC1_ISR_SetVector, %function
  60              	OSC1_ISR_SetVector:
  61              	.LFB4:
 173:.\Generated_Source\PSoC5/OSC1_ISR.c ****     /* `#END` */
 174:.\Generated_Source\PSoC5/OSC1_ISR.c **** }
 175:.\Generated_Source\PSoC5/OSC1_ISR.c **** 
 176:.\Generated_Source\PSoC5/OSC1_ISR.c **** 
 177:.\Generated_Source\PSoC5/OSC1_ISR.c **** /*******************************************************************************
 178:.\Generated_Source\PSoC5/OSC1_ISR.c **** * Function Name: OSC1_ISR_SetVector
 179:.\Generated_Source\PSoC5/OSC1_ISR.c **** ********************************************************************************
 180:.\Generated_Source\PSoC5/OSC1_ISR.c **** *
 181:.\Generated_Source\PSoC5/OSC1_ISR.c **** * Summary:
 182:.\Generated_Source\PSoC5/OSC1_ISR.c **** *   Change the ISR vector for the Interrupt. Note calling OSC1_ISR_Start
 183:.\Generated_Source\PSoC5/OSC1_ISR.c **** *   will override any effect this method would have had. To set the vector 
 184:.\Generated_Source\PSoC5/OSC1_ISR.c **** *   before the component has been started use OSC1_ISR_StartEx instead.
 185:.\Generated_Source\PSoC5/OSC1_ISR.c **** * 
 186:.\Generated_Source\PSoC5/OSC1_ISR.c **** *   When defining ISR functions, the CY_ISR and CY_ISR_PROTO macros should be 
 187:.\Generated_Source\PSoC5/OSC1_ISR.c **** *   used to provide consistent definition across compilers:
 188:.\Generated_Source\PSoC5/OSC1_ISR.c **** *
 189:.\Generated_Source\PSoC5/OSC1_ISR.c **** *   Function definition example:
 190:.\Generated_Source\PSoC5/OSC1_ISR.c **** *   CY_ISR(MyISR)
 191:.\Generated_Source\PSoC5/OSC1_ISR.c **** *   {
 192:.\Generated_Source\PSoC5/OSC1_ISR.c **** *   }
 193:.\Generated_Source\PSoC5/OSC1_ISR.c **** *
 194:.\Generated_Source\PSoC5/OSC1_ISR.c **** *   Function prototype example:
 195:.\Generated_Source\PSoC5/OSC1_ISR.c **** *     CY_ISR_PROTO(MyISR);
 196:.\Generated_Source\PSoC5/OSC1_ISR.c **** *
 197:.\Generated_Source\PSoC5/OSC1_ISR.c **** * Parameters:
 198:.\Generated_Source\PSoC5/OSC1_ISR.c **** *   address: Address of the ISR to set in the interrupt vector table.
 199:.\Generated_Source\PSoC5/OSC1_ISR.c **** *
 200:.\Generated_Source\PSoC5/OSC1_ISR.c **** * Return:
 201:.\Generated_Source\PSoC5/OSC1_ISR.c **** *   None
 202:.\Generated_Source\PSoC5/OSC1_ISR.c **** *
 203:.\Generated_Source\PSoC5/OSC1_ISR.c **** *******************************************************************************/
 204:.\Generated_Source\PSoC5/OSC1_ISR.c **** void OSC1_ISR_SetVector(cyisraddress address)
 205:.\Generated_Source\PSoC5/OSC1_ISR.c **** {
  62              		.loc 1 205 0
  63              		.cfi_startproc
  64              		@ args = 0, pretend = 0, frame = 0
  65              		@ frame_needed = 0, uses_anonymous_args = 0
  66              		@ link register save eliminated.
  67              	.LVL4:
 206:.\Generated_Source\PSoC5/OSC1_ISR.c ****     cyisraddress * ramVectorTable;
 207:.\Generated_Source\PSoC5/OSC1_ISR.c **** 
 208:.\Generated_Source\PSoC5/OSC1_ISR.c ****     ramVectorTable = (cyisraddress *) *CYINT_VECT_TABLE;
  68              		.loc 1 208 0
  69 0000 014B     		ldr	r3, .L4
  70 0002 1B68     		ldr	r3, [r3]
  71              	.LVL5:
 209:.\Generated_Source\PSoC5/OSC1_ISR.c **** 
 210:.\Generated_Source\PSoC5/OSC1_ISR.c ****     ramVectorTable[CYINT_IRQ_BASE + (uint32)OSC1_ISR__INTC_NUMBER] = address;
  72              		.loc 1 210 0
  73 0004 1864     		str	r0, [r3, #64]
  74 0006 7047     		bx	lr
  75              	.L5:
ARM GAS  C:\Users\214016~1\AppData\Local\Temp\ccW4XqOJ.s 			page 6


  76              		.align	2
  77              	.L4:
  78 0008 08ED00E0 		.word	-536810232
  79              		.cfi_endproc
  80              	.LFE4:
  81              		.size	OSC1_ISR_SetVector, .-OSC1_ISR_SetVector
  82              		.section	.text.OSC1_ISR_GetVector,"ax",%progbits
  83              		.align	2
  84              		.global	OSC1_ISR_GetVector
  85              		.thumb
  86              		.thumb_func
  87              		.type	OSC1_ISR_GetVector, %function
  88              	OSC1_ISR_GetVector:
  89              	.LFB5:
 211:.\Generated_Source\PSoC5/OSC1_ISR.c **** }
 212:.\Generated_Source\PSoC5/OSC1_ISR.c **** 
 213:.\Generated_Source\PSoC5/OSC1_ISR.c **** 
 214:.\Generated_Source\PSoC5/OSC1_ISR.c **** /*******************************************************************************
 215:.\Generated_Source\PSoC5/OSC1_ISR.c **** * Function Name: OSC1_ISR_GetVector
 216:.\Generated_Source\PSoC5/OSC1_ISR.c **** ********************************************************************************
 217:.\Generated_Source\PSoC5/OSC1_ISR.c **** *
 218:.\Generated_Source\PSoC5/OSC1_ISR.c **** * Summary:
 219:.\Generated_Source\PSoC5/OSC1_ISR.c **** *   Gets the "address" of the current ISR vector for the Interrupt.
 220:.\Generated_Source\PSoC5/OSC1_ISR.c **** *
 221:.\Generated_Source\PSoC5/OSC1_ISR.c **** * Parameters:
 222:.\Generated_Source\PSoC5/OSC1_ISR.c **** *   None
 223:.\Generated_Source\PSoC5/OSC1_ISR.c **** *
 224:.\Generated_Source\PSoC5/OSC1_ISR.c **** * Return:
 225:.\Generated_Source\PSoC5/OSC1_ISR.c **** *   Address of the ISR in the interrupt vector table.
 226:.\Generated_Source\PSoC5/OSC1_ISR.c **** *
 227:.\Generated_Source\PSoC5/OSC1_ISR.c **** *******************************************************************************/
 228:.\Generated_Source\PSoC5/OSC1_ISR.c **** cyisraddress OSC1_ISR_GetVector(void)
 229:.\Generated_Source\PSoC5/OSC1_ISR.c **** {
  90              		.loc 1 229 0
  91              		.cfi_startproc
  92              		@ args = 0, pretend = 0, frame = 0
  93              		@ frame_needed = 0, uses_anonymous_args = 0
  94              		@ link register save eliminated.
 230:.\Generated_Source\PSoC5/OSC1_ISR.c ****     cyisraddress * ramVectorTable;
 231:.\Generated_Source\PSoC5/OSC1_ISR.c **** 
 232:.\Generated_Source\PSoC5/OSC1_ISR.c ****     ramVectorTable = (cyisraddress *) *CYINT_VECT_TABLE;
  95              		.loc 1 232 0
  96 0000 014B     		ldr	r3, .L7
  97 0002 1B68     		ldr	r3, [r3]
  98              	.LVL6:
 233:.\Generated_Source\PSoC5/OSC1_ISR.c **** 
 234:.\Generated_Source\PSoC5/OSC1_ISR.c ****     return ramVectorTable[CYINT_IRQ_BASE + (uint32)OSC1_ISR__INTC_NUMBER];
 235:.\Generated_Source\PSoC5/OSC1_ISR.c **** }
  99              		.loc 1 235 0
 100 0004 186C     		ldr	r0, [r3, #64]
 101 0006 7047     		bx	lr
 102              	.L8:
 103              		.align	2
 104              	.L7:
 105 0008 08ED00E0 		.word	-536810232
 106              		.cfi_endproc
 107              	.LFE5:
ARM GAS  C:\Users\214016~1\AppData\Local\Temp\ccW4XqOJ.s 			page 7


 108              		.size	OSC1_ISR_GetVector, .-OSC1_ISR_GetVector
 109              		.section	.text.OSC1_ISR_SetPriority,"ax",%progbits
 110              		.align	2
 111              		.global	OSC1_ISR_SetPriority
 112              		.thumb
 113              		.thumb_func
 114              		.type	OSC1_ISR_SetPriority, %function
 115              	OSC1_ISR_SetPriority:
 116              	.LFB6:
 236:.\Generated_Source\PSoC5/OSC1_ISR.c **** 
 237:.\Generated_Source\PSoC5/OSC1_ISR.c **** 
 238:.\Generated_Source\PSoC5/OSC1_ISR.c **** /*******************************************************************************
 239:.\Generated_Source\PSoC5/OSC1_ISR.c **** * Function Name: OSC1_ISR_SetPriority
 240:.\Generated_Source\PSoC5/OSC1_ISR.c **** ********************************************************************************
 241:.\Generated_Source\PSoC5/OSC1_ISR.c **** *
 242:.\Generated_Source\PSoC5/OSC1_ISR.c **** * Summary:
 243:.\Generated_Source\PSoC5/OSC1_ISR.c **** *   Sets the Priority of the Interrupt. 
 244:.\Generated_Source\PSoC5/OSC1_ISR.c **** *
 245:.\Generated_Source\PSoC5/OSC1_ISR.c **** *   Note calling OSC1_ISR_Start or OSC1_ISR_StartEx will 
 246:.\Generated_Source\PSoC5/OSC1_ISR.c **** *   override any effect this API would have had. This API should only be called
 247:.\Generated_Source\PSoC5/OSC1_ISR.c **** *   after OSC1_ISR_Start or OSC1_ISR_StartEx has been called. 
 248:.\Generated_Source\PSoC5/OSC1_ISR.c **** *   To set the initial priority for the component, use the Design-Wide Resources
 249:.\Generated_Source\PSoC5/OSC1_ISR.c **** *   Interrupt Editor.
 250:.\Generated_Source\PSoC5/OSC1_ISR.c **** *
 251:.\Generated_Source\PSoC5/OSC1_ISR.c **** *   Note This API has no effect on Non-maskable interrupt NMI).
 252:.\Generated_Source\PSoC5/OSC1_ISR.c **** *
 253:.\Generated_Source\PSoC5/OSC1_ISR.c **** * Parameters:
 254:.\Generated_Source\PSoC5/OSC1_ISR.c **** *   priority: Priority of the interrupt, 0 being the highest priority
 255:.\Generated_Source\PSoC5/OSC1_ISR.c **** *             PSoC 3 and PSoC 5LP: Priority is from 0 to 7.
 256:.\Generated_Source\PSoC5/OSC1_ISR.c **** *             PSoC 4: Priority is from 0 to 3.
 257:.\Generated_Source\PSoC5/OSC1_ISR.c **** *
 258:.\Generated_Source\PSoC5/OSC1_ISR.c **** * Return:
 259:.\Generated_Source\PSoC5/OSC1_ISR.c **** *   None
 260:.\Generated_Source\PSoC5/OSC1_ISR.c **** *
 261:.\Generated_Source\PSoC5/OSC1_ISR.c **** *******************************************************************************/
 262:.\Generated_Source\PSoC5/OSC1_ISR.c **** void OSC1_ISR_SetPriority(uint8 priority)
 263:.\Generated_Source\PSoC5/OSC1_ISR.c **** {
 117              		.loc 1 263 0
 118              		.cfi_startproc
 119              		@ args = 0, pretend = 0, frame = 0
 120              		@ frame_needed = 0, uses_anonymous_args = 0
 121              		@ link register save eliminated.
 122              	.LVL7:
 264:.\Generated_Source\PSoC5/OSC1_ISR.c ****     *OSC1_ISR_INTC_PRIOR = priority << 5;
 123              		.loc 1 264 0
 124 0000 4001     		lsls	r0, r0, #5
 125              	.LVL8:
 126 0002 C0B2     		uxtb	r0, r0
 127 0004 014B     		ldr	r3, .L10
 128 0006 1870     		strb	r0, [r3]
 129 0008 7047     		bx	lr
 130              	.L11:
 131 000a 00BF     		.align	2
 132              	.L10:
 133 000c 00E400E0 		.word	-536812544
 134              		.cfi_endproc
 135              	.LFE6:
ARM GAS  C:\Users\214016~1\AppData\Local\Temp\ccW4XqOJ.s 			page 8


 136              		.size	OSC1_ISR_SetPriority, .-OSC1_ISR_SetPriority
 137              		.section	.text.OSC1_ISR_GetPriority,"ax",%progbits
 138              		.align	2
 139              		.global	OSC1_ISR_GetPriority
 140              		.thumb
 141              		.thumb_func
 142              		.type	OSC1_ISR_GetPriority, %function
 143              	OSC1_ISR_GetPriority:
 144              	.LFB7:
 265:.\Generated_Source\PSoC5/OSC1_ISR.c **** }
 266:.\Generated_Source\PSoC5/OSC1_ISR.c **** 
 267:.\Generated_Source\PSoC5/OSC1_ISR.c **** 
 268:.\Generated_Source\PSoC5/OSC1_ISR.c **** /*******************************************************************************
 269:.\Generated_Source\PSoC5/OSC1_ISR.c **** * Function Name: OSC1_ISR_GetPriority
 270:.\Generated_Source\PSoC5/OSC1_ISR.c **** ********************************************************************************
 271:.\Generated_Source\PSoC5/OSC1_ISR.c **** *
 272:.\Generated_Source\PSoC5/OSC1_ISR.c **** * Summary:
 273:.\Generated_Source\PSoC5/OSC1_ISR.c **** *   Gets the Priority of the Interrupt.
 274:.\Generated_Source\PSoC5/OSC1_ISR.c **** *
 275:.\Generated_Source\PSoC5/OSC1_ISR.c **** * Parameters:
 276:.\Generated_Source\PSoC5/OSC1_ISR.c **** *   None
 277:.\Generated_Source\PSoC5/OSC1_ISR.c **** *
 278:.\Generated_Source\PSoC5/OSC1_ISR.c **** * Return:
 279:.\Generated_Source\PSoC5/OSC1_ISR.c **** *   Priority of the interrupt, 0 being the highest priority
 280:.\Generated_Source\PSoC5/OSC1_ISR.c **** *    PSoC 3 and PSoC 5LP: Priority is from 0 to 7.
 281:.\Generated_Source\PSoC5/OSC1_ISR.c **** *    PSoC 4: Priority is from 0 to 3.
 282:.\Generated_Source\PSoC5/OSC1_ISR.c **** *
 283:.\Generated_Source\PSoC5/OSC1_ISR.c **** *******************************************************************************/
 284:.\Generated_Source\PSoC5/OSC1_ISR.c **** uint8 OSC1_ISR_GetPriority(void)
 285:.\Generated_Source\PSoC5/OSC1_ISR.c **** {
 145              		.loc 1 285 0
 146              		.cfi_startproc
 147              		@ args = 0, pretend = 0, frame = 0
 148              		@ frame_needed = 0, uses_anonymous_args = 0
 149              		@ link register save eliminated.
 286:.\Generated_Source\PSoC5/OSC1_ISR.c ****     uint8 priority;
 287:.\Generated_Source\PSoC5/OSC1_ISR.c **** 
 288:.\Generated_Source\PSoC5/OSC1_ISR.c **** 
 289:.\Generated_Source\PSoC5/OSC1_ISR.c ****     priority = *OSC1_ISR_INTC_PRIOR >> 5;
 150              		.loc 1 289 0
 151 0000 014B     		ldr	r3, .L13
 152 0002 1878     		ldrb	r0, [r3]	@ zero_extendqisi2
 153              	.LVL9:
 290:.\Generated_Source\PSoC5/OSC1_ISR.c **** 
 291:.\Generated_Source\PSoC5/OSC1_ISR.c ****     return priority;
 292:.\Generated_Source\PSoC5/OSC1_ISR.c **** }
 154              		.loc 1 292 0
 155 0004 4009     		lsrs	r0, r0, #5
 156              	.LVL10:
 157 0006 7047     		bx	lr
 158              	.L14:
 159              		.align	2
 160              	.L13:
 161 0008 00E400E0 		.word	-536812544
 162              		.cfi_endproc
 163              	.LFE7:
 164              		.size	OSC1_ISR_GetPriority, .-OSC1_ISR_GetPriority
ARM GAS  C:\Users\214016~1\AppData\Local\Temp\ccW4XqOJ.s 			page 9


 165              		.section	.text.OSC1_ISR_Enable,"ax",%progbits
 166              		.align	2
 167              		.global	OSC1_ISR_Enable
 168              		.thumb
 169              		.thumb_func
 170              		.type	OSC1_ISR_Enable, %function
 171              	OSC1_ISR_Enable:
 172              	.LFB8:
 293:.\Generated_Source\PSoC5/OSC1_ISR.c **** 
 294:.\Generated_Source\PSoC5/OSC1_ISR.c **** 
 295:.\Generated_Source\PSoC5/OSC1_ISR.c **** /*******************************************************************************
 296:.\Generated_Source\PSoC5/OSC1_ISR.c **** * Function Name: OSC1_ISR_Enable
 297:.\Generated_Source\PSoC5/OSC1_ISR.c **** ********************************************************************************
 298:.\Generated_Source\PSoC5/OSC1_ISR.c **** *
 299:.\Generated_Source\PSoC5/OSC1_ISR.c **** * Summary:
 300:.\Generated_Source\PSoC5/OSC1_ISR.c **** *   Enables the interrupt to the interrupt controller. Do not call this function
 301:.\Generated_Source\PSoC5/OSC1_ISR.c **** *   unless ISR_Start() has been called or the functionality of the ISR_Start() 
 302:.\Generated_Source\PSoC5/OSC1_ISR.c **** *   function, which sets the vector and the priority, has been called.
 303:.\Generated_Source\PSoC5/OSC1_ISR.c **** *
 304:.\Generated_Source\PSoC5/OSC1_ISR.c **** * Parameters:
 305:.\Generated_Source\PSoC5/OSC1_ISR.c **** *   None
 306:.\Generated_Source\PSoC5/OSC1_ISR.c **** *
 307:.\Generated_Source\PSoC5/OSC1_ISR.c **** * Return:
 308:.\Generated_Source\PSoC5/OSC1_ISR.c **** *   None
 309:.\Generated_Source\PSoC5/OSC1_ISR.c **** *
 310:.\Generated_Source\PSoC5/OSC1_ISR.c **** *******************************************************************************/
 311:.\Generated_Source\PSoC5/OSC1_ISR.c **** void OSC1_ISR_Enable(void)
 312:.\Generated_Source\PSoC5/OSC1_ISR.c **** {
 173              		.loc 1 312 0
 174              		.cfi_startproc
 175              		@ args = 0, pretend = 0, frame = 0
 176              		@ frame_needed = 0, uses_anonymous_args = 0
 177              		@ link register save eliminated.
 313:.\Generated_Source\PSoC5/OSC1_ISR.c ****     /* Enable the general interrupt. */
 314:.\Generated_Source\PSoC5/OSC1_ISR.c ****     *OSC1_ISR_INTC_SET_EN = OSC1_ISR__INTC_MASK;
 178              		.loc 1 314 0
 179 0000 0122     		movs	r2, #1
 180 0002 014B     		ldr	r3, .L16
 181 0004 1A60     		str	r2, [r3]
 182 0006 7047     		bx	lr
 183              	.L17:
 184              		.align	2
 185              	.L16:
 186 0008 00E100E0 		.word	-536813312
 187              		.cfi_endproc
 188              	.LFE8:
 189              		.size	OSC1_ISR_Enable, .-OSC1_ISR_Enable
 190              		.section	.text.OSC1_ISR_GetState,"ax",%progbits
 191              		.align	2
 192              		.global	OSC1_ISR_GetState
 193              		.thumb
 194              		.thumb_func
 195              		.type	OSC1_ISR_GetState, %function
 196              	OSC1_ISR_GetState:
 197              	.LFB9:
 315:.\Generated_Source\PSoC5/OSC1_ISR.c **** }
 316:.\Generated_Source\PSoC5/OSC1_ISR.c **** 
ARM GAS  C:\Users\214016~1\AppData\Local\Temp\ccW4XqOJ.s 			page 10


 317:.\Generated_Source\PSoC5/OSC1_ISR.c **** 
 318:.\Generated_Source\PSoC5/OSC1_ISR.c **** /*******************************************************************************
 319:.\Generated_Source\PSoC5/OSC1_ISR.c **** * Function Name: OSC1_ISR_GetState
 320:.\Generated_Source\PSoC5/OSC1_ISR.c **** ********************************************************************************
 321:.\Generated_Source\PSoC5/OSC1_ISR.c **** *
 322:.\Generated_Source\PSoC5/OSC1_ISR.c **** * Summary:
 323:.\Generated_Source\PSoC5/OSC1_ISR.c **** *   Gets the state (enabled, disabled) of the Interrupt.
 324:.\Generated_Source\PSoC5/OSC1_ISR.c **** *
 325:.\Generated_Source\PSoC5/OSC1_ISR.c **** * Parameters:
 326:.\Generated_Source\PSoC5/OSC1_ISR.c **** *   None
 327:.\Generated_Source\PSoC5/OSC1_ISR.c **** *
 328:.\Generated_Source\PSoC5/OSC1_ISR.c **** * Return:
 329:.\Generated_Source\PSoC5/OSC1_ISR.c **** *   1 if enabled, 0 if disabled.
 330:.\Generated_Source\PSoC5/OSC1_ISR.c **** *
 331:.\Generated_Source\PSoC5/OSC1_ISR.c **** *******************************************************************************/
 332:.\Generated_Source\PSoC5/OSC1_ISR.c **** uint8 OSC1_ISR_GetState(void)
 333:.\Generated_Source\PSoC5/OSC1_ISR.c **** {
 198              		.loc 1 333 0
 199              		.cfi_startproc
 200              		@ args = 0, pretend = 0, frame = 0
 201              		@ frame_needed = 0, uses_anonymous_args = 0
 202              		@ link register save eliminated.
 334:.\Generated_Source\PSoC5/OSC1_ISR.c ****     /* Get the state of the general interrupt. */
 335:.\Generated_Source\PSoC5/OSC1_ISR.c ****     return ((*OSC1_ISR_INTC_SET_EN & (uint32)OSC1_ISR__INTC_MASK) != 0u) ? 1u:0u;
 203              		.loc 1 335 0
 204 0000 024B     		ldr	r3, .L19
 205 0002 1868     		ldr	r0, [r3]
 336:.\Generated_Source\PSoC5/OSC1_ISR.c **** }
 206              		.loc 1 336 0
 207 0004 00F00100 		and	r0, r0, #1
 208 0008 7047     		bx	lr
 209              	.L20:
 210 000a 00BF     		.align	2
 211              	.L19:
 212 000c 00E100E0 		.word	-536813312
 213              		.cfi_endproc
 214              	.LFE9:
 215              		.size	OSC1_ISR_GetState, .-OSC1_ISR_GetState
 216              		.section	.text.OSC1_ISR_Disable,"ax",%progbits
 217              		.align	2
 218              		.global	OSC1_ISR_Disable
 219              		.thumb
 220              		.thumb_func
 221              		.type	OSC1_ISR_Disable, %function
 222              	OSC1_ISR_Disable:
 223              	.LFB10:
 337:.\Generated_Source\PSoC5/OSC1_ISR.c **** 
 338:.\Generated_Source\PSoC5/OSC1_ISR.c **** 
 339:.\Generated_Source\PSoC5/OSC1_ISR.c **** /*******************************************************************************
 340:.\Generated_Source\PSoC5/OSC1_ISR.c **** * Function Name: OSC1_ISR_Disable
 341:.\Generated_Source\PSoC5/OSC1_ISR.c **** ********************************************************************************
 342:.\Generated_Source\PSoC5/OSC1_ISR.c **** *
 343:.\Generated_Source\PSoC5/OSC1_ISR.c **** * Summary:
 344:.\Generated_Source\PSoC5/OSC1_ISR.c **** *   Disables the Interrupt in the interrupt controller.
 345:.\Generated_Source\PSoC5/OSC1_ISR.c **** *
 346:.\Generated_Source\PSoC5/OSC1_ISR.c **** * Parameters:
 347:.\Generated_Source\PSoC5/OSC1_ISR.c **** *   None
ARM GAS  C:\Users\214016~1\AppData\Local\Temp\ccW4XqOJ.s 			page 11


 348:.\Generated_Source\PSoC5/OSC1_ISR.c **** *
 349:.\Generated_Source\PSoC5/OSC1_ISR.c **** * Return:
 350:.\Generated_Source\PSoC5/OSC1_ISR.c **** *   None
 351:.\Generated_Source\PSoC5/OSC1_ISR.c **** *
 352:.\Generated_Source\PSoC5/OSC1_ISR.c **** *******************************************************************************/
 353:.\Generated_Source\PSoC5/OSC1_ISR.c **** void OSC1_ISR_Disable(void)
 354:.\Generated_Source\PSoC5/OSC1_ISR.c **** {
 224              		.loc 1 354 0
 225              		.cfi_startproc
 226              		@ args = 0, pretend = 0, frame = 0
 227              		@ frame_needed = 0, uses_anonymous_args = 0
 228              		@ link register save eliminated.
 355:.\Generated_Source\PSoC5/OSC1_ISR.c ****     /* Disable the general interrupt. */
 356:.\Generated_Source\PSoC5/OSC1_ISR.c ****     *OSC1_ISR_INTC_CLR_EN = OSC1_ISR__INTC_MASK;
 229              		.loc 1 356 0
 230 0000 0122     		movs	r2, #1
 231 0002 014B     		ldr	r3, .L22
 232 0004 1A60     		str	r2, [r3]
 233 0006 7047     		bx	lr
 234              	.L23:
 235              		.align	2
 236              	.L22:
 237 0008 80E100E0 		.word	-536813184
 238              		.cfi_endproc
 239              	.LFE10:
 240              		.size	OSC1_ISR_Disable, .-OSC1_ISR_Disable
 241              		.section	.text.OSC1_ISR_Start,"ax",%progbits
 242              		.align	2
 243              		.global	OSC1_ISR_Start
 244              		.thumb
 245              		.thumb_func
 246              		.type	OSC1_ISR_Start, %function
 247              	OSC1_ISR_Start:
 248              	.LFB0:
  62:.\Generated_Source\PSoC5/OSC1_ISR.c ****     /* For all we know the interrupt is active. */
 249              		.loc 1 62 0
 250              		.cfi_startproc
 251              		@ args = 0, pretend = 0, frame = 0
 252              		@ frame_needed = 0, uses_anonymous_args = 0
 253 0000 08B5     		push	{r3, lr}
 254              		.cfi_def_cfa_offset 8
 255              		.cfi_offset 3, -8
 256              		.cfi_offset 14, -4
  64:.\Generated_Source\PSoC5/OSC1_ISR.c **** 
 257              		.loc 1 64 0
 258 0002 FFF7FEFF 		bl	OSC1_ISR_Disable
 259              	.LVL11:
  67:.\Generated_Source\PSoC5/OSC1_ISR.c **** 
 260              		.loc 1 67 0
 261 0006 0448     		ldr	r0, .L26
 262 0008 FFF7FEFF 		bl	OSC1_ISR_SetVector
 263              	.LVL12:
  70:.\Generated_Source\PSoC5/OSC1_ISR.c **** 
 264              		.loc 1 70 0
 265 000c 0720     		movs	r0, #7
 266 000e FFF7FEFF 		bl	OSC1_ISR_SetPriority
 267              	.LVL13:
ARM GAS  C:\Users\214016~1\AppData\Local\Temp\ccW4XqOJ.s 			page 12


  73:.\Generated_Source\PSoC5/OSC1_ISR.c **** }
 268              		.loc 1 73 0
 269 0012 FFF7FEFF 		bl	OSC1_ISR_Enable
 270              	.LVL14:
 271 0016 08BD     		pop	{r3, pc}
 272              	.L27:
 273              		.align	2
 274              	.L26:
 275 0018 00000000 		.word	OSC1_ISR_Interrupt
 276              		.cfi_endproc
 277              	.LFE0:
 278              		.size	OSC1_ISR_Start, .-OSC1_ISR_Start
 279              		.section	.text.OSC1_ISR_StartEx,"ax",%progbits
 280              		.align	2
 281              		.global	OSC1_ISR_StartEx
 282              		.thumb
 283              		.thumb_func
 284              		.type	OSC1_ISR_StartEx, %function
 285              	OSC1_ISR_StartEx:
 286              	.LFB1:
 105:.\Generated_Source\PSoC5/OSC1_ISR.c ****     /* For all we know the interrupt is active. */
 287              		.loc 1 105 0
 288              		.cfi_startproc
 289              		@ args = 0, pretend = 0, frame = 0
 290              		@ frame_needed = 0, uses_anonymous_args = 0
 291              	.LVL15:
 292 0000 10B5     		push	{r4, lr}
 293              		.cfi_def_cfa_offset 8
 294              		.cfi_offset 4, -8
 295              		.cfi_offset 14, -4
 296 0002 0446     		mov	r4, r0
 107:.\Generated_Source\PSoC5/OSC1_ISR.c **** 
 297              		.loc 1 107 0
 298 0004 FFF7FEFF 		bl	OSC1_ISR_Disable
 299              	.LVL16:
 110:.\Generated_Source\PSoC5/OSC1_ISR.c **** 
 300              		.loc 1 110 0
 301 0008 2046     		mov	r0, r4
 302 000a FFF7FEFF 		bl	OSC1_ISR_SetVector
 303              	.LVL17:
 113:.\Generated_Source\PSoC5/OSC1_ISR.c **** 
 304              		.loc 1 113 0
 305 000e 0720     		movs	r0, #7
 306 0010 FFF7FEFF 		bl	OSC1_ISR_SetPriority
 307              	.LVL18:
 116:.\Generated_Source\PSoC5/OSC1_ISR.c **** }
 308              		.loc 1 116 0
 309 0014 FFF7FEFF 		bl	OSC1_ISR_Enable
 310              	.LVL19:
 311 0018 10BD     		pop	{r4, pc}
 312              		.cfi_endproc
 313              	.LFE1:
 314              		.size	OSC1_ISR_StartEx, .-OSC1_ISR_StartEx
 315 001a 00BF     		.section	.text.OSC1_ISR_Stop,"ax",%progbits
 316              		.align	2
 317              		.global	OSC1_ISR_Stop
 318              		.thumb
ARM GAS  C:\Users\214016~1\AppData\Local\Temp\ccW4XqOJ.s 			page 13


 319              		.thumb_func
 320              		.type	OSC1_ISR_Stop, %function
 321              	OSC1_ISR_Stop:
 322              	.LFB2:
 135:.\Generated_Source\PSoC5/OSC1_ISR.c ****     /* Disable this interrupt. */
 323              		.loc 1 135 0
 324              		.cfi_startproc
 325              		@ args = 0, pretend = 0, frame = 0
 326              		@ frame_needed = 0, uses_anonymous_args = 0
 327 0000 08B5     		push	{r3, lr}
 328              		.cfi_def_cfa_offset 8
 329              		.cfi_offset 3, -8
 330              		.cfi_offset 14, -4
 137:.\Generated_Source\PSoC5/OSC1_ISR.c **** 
 331              		.loc 1 137 0
 332 0002 FFF7FEFF 		bl	OSC1_ISR_Disable
 333              	.LVL20:
 140:.\Generated_Source\PSoC5/OSC1_ISR.c **** }
 334              		.loc 1 140 0
 335 0006 0248     		ldr	r0, .L32
 336 0008 FFF7FEFF 		bl	OSC1_ISR_SetVector
 337              	.LVL21:
 338 000c 08BD     		pop	{r3, pc}
 339              	.L33:
 340 000e 00BF     		.align	2
 341              	.L32:
 342 0010 00000000 		.word	IntDefaultHandler
 343              		.cfi_endproc
 344              	.LFE2:
 345              		.size	OSC1_ISR_Stop, .-OSC1_ISR_Stop
 346              		.section	.text.OSC1_ISR_SetPending,"ax",%progbits
 347              		.align	2
 348              		.global	OSC1_ISR_SetPending
 349              		.thumb
 350              		.thumb_func
 351              		.type	OSC1_ISR_SetPending, %function
 352              	OSC1_ISR_SetPending:
 353              	.LFB11:
 357:.\Generated_Source\PSoC5/OSC1_ISR.c **** }
 358:.\Generated_Source\PSoC5/OSC1_ISR.c **** 
 359:.\Generated_Source\PSoC5/OSC1_ISR.c **** 
 360:.\Generated_Source\PSoC5/OSC1_ISR.c **** /*******************************************************************************
 361:.\Generated_Source\PSoC5/OSC1_ISR.c **** * Function Name: OSC1_ISR_SetPending
 362:.\Generated_Source\PSoC5/OSC1_ISR.c **** ********************************************************************************
 363:.\Generated_Source\PSoC5/OSC1_ISR.c **** *
 364:.\Generated_Source\PSoC5/OSC1_ISR.c **** * Summary:
 365:.\Generated_Source\PSoC5/OSC1_ISR.c **** *   Causes the Interrupt to enter the pending state, a software method of
 366:.\Generated_Source\PSoC5/OSC1_ISR.c **** *   generating the interrupt.
 367:.\Generated_Source\PSoC5/OSC1_ISR.c **** *
 368:.\Generated_Source\PSoC5/OSC1_ISR.c **** * Parameters:
 369:.\Generated_Source\PSoC5/OSC1_ISR.c **** *   None
 370:.\Generated_Source\PSoC5/OSC1_ISR.c **** *
 371:.\Generated_Source\PSoC5/OSC1_ISR.c **** * Return:
 372:.\Generated_Source\PSoC5/OSC1_ISR.c **** *   None
 373:.\Generated_Source\PSoC5/OSC1_ISR.c **** *
 374:.\Generated_Source\PSoC5/OSC1_ISR.c **** * Side Effects:
 375:.\Generated_Source\PSoC5/OSC1_ISR.c **** *   If interrupts are enabled and the interrupt is set up properly, the ISR is
ARM GAS  C:\Users\214016~1\AppData\Local\Temp\ccW4XqOJ.s 			page 14


 376:.\Generated_Source\PSoC5/OSC1_ISR.c **** *   entered (depending on the priority of this interrupt and other pending 
 377:.\Generated_Source\PSoC5/OSC1_ISR.c **** *   interrupts).
 378:.\Generated_Source\PSoC5/OSC1_ISR.c **** *
 379:.\Generated_Source\PSoC5/OSC1_ISR.c **** *******************************************************************************/
 380:.\Generated_Source\PSoC5/OSC1_ISR.c **** void OSC1_ISR_SetPending(void)
 381:.\Generated_Source\PSoC5/OSC1_ISR.c **** {
 354              		.loc 1 381 0
 355              		.cfi_startproc
 356              		@ args = 0, pretend = 0, frame = 0
 357              		@ frame_needed = 0, uses_anonymous_args = 0
 358              		@ link register save eliminated.
 382:.\Generated_Source\PSoC5/OSC1_ISR.c ****     *OSC1_ISR_INTC_SET_PD = OSC1_ISR__INTC_MASK;
 359              		.loc 1 382 0
 360 0000 0122     		movs	r2, #1
 361 0002 014B     		ldr	r3, .L35
 362 0004 1A60     		str	r2, [r3]
 363 0006 7047     		bx	lr
 364              	.L36:
 365              		.align	2
 366              	.L35:
 367 0008 00E200E0 		.word	-536813056
 368              		.cfi_endproc
 369              	.LFE11:
 370              		.size	OSC1_ISR_SetPending, .-OSC1_ISR_SetPending
 371              		.section	.text.OSC1_ISR_ClearPending,"ax",%progbits
 372              		.align	2
 373              		.global	OSC1_ISR_ClearPending
 374              		.thumb
 375              		.thumb_func
 376              		.type	OSC1_ISR_ClearPending, %function
 377              	OSC1_ISR_ClearPending:
 378              	.LFB12:
 383:.\Generated_Source\PSoC5/OSC1_ISR.c **** }
 384:.\Generated_Source\PSoC5/OSC1_ISR.c **** 
 385:.\Generated_Source\PSoC5/OSC1_ISR.c **** 
 386:.\Generated_Source\PSoC5/OSC1_ISR.c **** /*******************************************************************************
 387:.\Generated_Source\PSoC5/OSC1_ISR.c **** * Function Name: OSC1_ISR_ClearPending
 388:.\Generated_Source\PSoC5/OSC1_ISR.c **** ********************************************************************************
 389:.\Generated_Source\PSoC5/OSC1_ISR.c **** *
 390:.\Generated_Source\PSoC5/OSC1_ISR.c **** * Summary:
 391:.\Generated_Source\PSoC5/OSC1_ISR.c **** *   Clears a pending interrupt in the interrupt controller.
 392:.\Generated_Source\PSoC5/OSC1_ISR.c **** *
 393:.\Generated_Source\PSoC5/OSC1_ISR.c **** *   Note Some interrupt sources are clear-on-read and require the block 
 394:.\Generated_Source\PSoC5/OSC1_ISR.c **** *   interrupt/status register to be read/cleared with the appropriate block API 
 395:.\Generated_Source\PSoC5/OSC1_ISR.c **** *   (GPIO, UART, and so on). Otherwise the ISR will continue to remain in 
 396:.\Generated_Source\PSoC5/OSC1_ISR.c **** *   pending state even though the interrupt itself is cleared using this API.
 397:.\Generated_Source\PSoC5/OSC1_ISR.c **** *
 398:.\Generated_Source\PSoC5/OSC1_ISR.c **** * Parameters:
 399:.\Generated_Source\PSoC5/OSC1_ISR.c **** *   None
 400:.\Generated_Source\PSoC5/OSC1_ISR.c **** *
 401:.\Generated_Source\PSoC5/OSC1_ISR.c **** * Return:
 402:.\Generated_Source\PSoC5/OSC1_ISR.c **** *   None
 403:.\Generated_Source\PSoC5/OSC1_ISR.c **** *
 404:.\Generated_Source\PSoC5/OSC1_ISR.c **** *******************************************************************************/
 405:.\Generated_Source\PSoC5/OSC1_ISR.c **** void OSC1_ISR_ClearPending(void)
 406:.\Generated_Source\PSoC5/OSC1_ISR.c **** {
 379              		.loc 1 406 0
ARM GAS  C:\Users\214016~1\AppData\Local\Temp\ccW4XqOJ.s 			page 15


 380              		.cfi_startproc
 381              		@ args = 0, pretend = 0, frame = 0
 382              		@ frame_needed = 0, uses_anonymous_args = 0
 383              		@ link register save eliminated.
 407:.\Generated_Source\PSoC5/OSC1_ISR.c ****     *OSC1_ISR_INTC_CLR_PD = OSC1_ISR__INTC_MASK;
 384              		.loc 1 407 0
 385 0000 0122     		movs	r2, #1
 386 0002 014B     		ldr	r3, .L38
 387 0004 1A60     		str	r2, [r3]
 388 0006 7047     		bx	lr
 389              	.L39:
 390              		.align	2
 391              	.L38:
 392 0008 80E200E0 		.word	-536812928
 393              		.cfi_endproc
 394              	.LFE12:
 395              		.size	OSC1_ISR_ClearPending, .-OSC1_ISR_ClearPending
 396              		.text
 397              	.Letext0:
 398              		.file 2 "Generated_Source\\PSoC5/cytypes.h"
 399              		.file 3 "Generated_Source\\PSoC5/CyLib.h"
 400              		.section	.debug_info,"",%progbits
 401              	.Ldebug_info0:
 402 0000 6C030000 		.4byte	0x36c
 403 0004 0400     		.2byte	0x4
 404 0006 00000000 		.4byte	.Ldebug_abbrev0
 405 000a 04       		.byte	0x4
 406 000b 01       		.uleb128 0x1
 407 000c DD010000 		.4byte	.LASF37
 408 0010 01       		.byte	0x1
 409 0011 72000000 		.4byte	.LASF38
 410 0015 52010000 		.4byte	.LASF39
 411 0019 00000000 		.4byte	.Ldebug_ranges0+0
 412 001d 00000000 		.4byte	0
 413 0021 00000000 		.4byte	.Ldebug_line0
 414 0025 02       		.uleb128 0x2
 415 0026 04       		.byte	0x4
 416 0027 05       		.byte	0x5
 417 0028 696E7400 		.ascii	"int\000"
 418 002c 03       		.uleb128 0x3
 419 002d 04       		.byte	0x4
 420 002e 07       		.byte	0x7
 421 002f 9E010000 		.4byte	.LASF0
 422 0033 03       		.uleb128 0x3
 423 0034 01       		.byte	0x1
 424 0035 06       		.byte	0x6
 425 0036 06030000 		.4byte	.LASF1
 426 003a 03       		.uleb128 0x3
 427 003b 01       		.byte	0x1
 428 003c 08       		.byte	0x8
 429 003d AB000000 		.4byte	.LASF2
 430 0041 03       		.uleb128 0x3
 431 0042 02       		.byte	0x2
 432 0043 05       		.byte	0x5
 433 0044 DE020000 		.4byte	.LASF3
 434 0048 03       		.uleb128 0x3
 435 0049 02       		.byte	0x2
ARM GAS  C:\Users\214016~1\AppData\Local\Temp\ccW4XqOJ.s 			page 16


 436 004a 07       		.byte	0x7
 437 004b 38000000 		.4byte	.LASF4
 438 004f 03       		.uleb128 0x3
 439 0050 04       		.byte	0x4
 440 0051 05       		.byte	0x5
 441 0052 FD020000 		.4byte	.LASF5
 442 0056 03       		.uleb128 0x3
 443 0057 04       		.byte	0x4
 444 0058 07       		.byte	0x7
 445 0059 BE000000 		.4byte	.LASF6
 446 005d 03       		.uleb128 0x3
 447 005e 08       		.byte	0x8
 448 005f 05       		.byte	0x5
 449 0060 9F020000 		.4byte	.LASF7
 450 0064 03       		.uleb128 0x3
 451 0065 08       		.byte	0x8
 452 0066 07       		.byte	0x7
 453 0067 C6010000 		.4byte	.LASF8
 454 006b 03       		.uleb128 0x3
 455 006c 04       		.byte	0x4
 456 006d 07       		.byte	0x7
 457 006e 96020000 		.4byte	.LASF9
 458 0072 04       		.uleb128 0x4
 459 0073 04       		.byte	0x4
 460 0074 78000000 		.4byte	0x78
 461 0078 05       		.uleb128 0x5
 462 0079 03       		.uleb128 0x3
 463 007a 01       		.byte	0x1
 464 007b 08       		.byte	0x8
 465 007c CA020000 		.4byte	.LASF10
 466 0080 06       		.uleb128 0x6
 467 0081 D0000000 		.4byte	.LASF11
 468 0085 02       		.byte	0x2
 469 0086 3801     		.2byte	0x138
 470 0088 3A000000 		.4byte	0x3a
 471 008c 06       		.uleb128 0x6
 472 008d 1C010000 		.4byte	.LASF12
 473 0091 02       		.byte	0x2
 474 0092 3901     		.2byte	0x139
 475 0094 48000000 		.4byte	0x48
 476 0098 06       		.uleb128 0x6
 477 0099 38010000 		.4byte	.LASF13
 478 009d 02       		.byte	0x2
 479 009e 3A01     		.2byte	0x13a
 480 00a0 56000000 		.4byte	0x56
 481 00a4 03       		.uleb128 0x3
 482 00a5 04       		.byte	0x4
 483 00a6 04       		.byte	0x4
 484 00a7 96000000 		.4byte	.LASF14
 485 00ab 03       		.uleb128 0x3
 486 00ac 08       		.byte	0x8
 487 00ad 04       		.byte	0x4
 488 00ae F0000000 		.4byte	.LASF15
 489 00b2 06       		.uleb128 0x6
 490 00b3 B9000000 		.4byte	.LASF16
 491 00b7 02       		.byte	0x2
 492 00b8 E201     		.2byte	0x1e2
ARM GAS  C:\Users\214016~1\AppData\Local\Temp\ccW4XqOJ.s 			page 17


 493 00ba BE000000 		.4byte	0xbe
 494 00be 07       		.uleb128 0x7
 495 00bf 80000000 		.4byte	0x80
 496 00c3 06       		.uleb128 0x6
 497 00c4 10000000 		.4byte	.LASF17
 498 00c8 02       		.byte	0x2
 499 00c9 E401     		.2byte	0x1e4
 500 00cb CF000000 		.4byte	0xcf
 501 00cf 07       		.uleb128 0x7
 502 00d0 98000000 		.4byte	0x98
 503 00d4 06       		.uleb128 0x6
 504 00d5 6B020000 		.4byte	.LASF18
 505 00d9 02       		.byte	0x2
 506 00da F401     		.2byte	0x1f4
 507 00dc 72000000 		.4byte	0x72
 508 00e0 08       		.uleb128 0x8
 509 00e1 3F010000 		.4byte	.LASF21
 510 00e5 01       		.byte	0x1
 511 00e6 A0       		.byte	0xa0
 512 00e7 00000000 		.4byte	.LFB3
 513 00eb 1A000000 		.4byte	.LFE3-.LFB3
 514 00ef 01       		.uleb128 0x1
 515 00f0 9C       		.byte	0x9c
 516 00f1 5B010000 		.4byte	0x15b
 517 00f5 09       		.uleb128 0x9
 518 00f6 78020000 		.4byte	.LASF19
 519 00fa 01       		.byte	0x1
 520 00fb A8       		.byte	0xa8
 521 00fc 25000000 		.4byte	0x25
 522 0100 06010000 		.4byte	0x106
 523 0104 0A       		.uleb128 0xa
 524 0105 00       		.byte	0
 525 0106 09       		.uleb128 0x9
 526 0107 F7000000 		.4byte	.LASF20
 527 010b 01       		.byte	0x1
 528 010c AC       		.byte	0xac
 529 010d 25000000 		.4byte	0x25
 530 0111 17010000 		.4byte	0x117
 531 0115 0A       		.uleb128 0xa
 532 0116 00       		.byte	0
 533 0117 0B       		.uleb128 0xb
 534 0118 08000000 		.4byte	.LVL0
 535 011c 40030000 		.4byte	0x340
 536 0120 2B010000 		.4byte	0x12b
 537 0124 0C       		.uleb128 0xc
 538 0125 01       		.uleb128 0x1
 539 0126 50       		.byte	0x50
 540 0127 02       		.uleb128 0x2
 541 0128 08       		.byte	0x8
 542 0129 FF       		.byte	0xff
 543 012a 00       		.byte	0
 544 012b 0B       		.uleb128 0xb
 545 012c 0E000000 		.4byte	.LVL1
 546 0130 51030000 		.4byte	0x351
 547 0134 3E010000 		.4byte	0x13e
 548 0138 0C       		.uleb128 0xc
 549 0139 01       		.uleb128 0x1
ARM GAS  C:\Users\214016~1\AppData\Local\Temp\ccW4XqOJ.s 			page 18


 550 013a 50       		.byte	0x50
 551 013b 01       		.uleb128 0x1
 552 013c 3A       		.byte	0x3a
 553 013d 00       		.byte	0
 554 013e 0B       		.uleb128 0xb
 555 013f 14000000 		.4byte	.LVL2
 556 0143 40030000 		.4byte	0x340
 557 0147 51010000 		.4byte	0x151
 558 014b 0C       		.uleb128 0xc
 559 014c 01       		.uleb128 0x1
 560 014d 50       		.byte	0x50
 561 014e 01       		.uleb128 0x1
 562 014f 30       		.byte	0x30
 563 0150 00       		.byte	0
 564 0151 0D       		.uleb128 0xd
 565 0152 18000000 		.4byte	.LVL3
 566 0156 62030000 		.4byte	0x362
 567 015a 00       		.byte	0
 568 015b 08       		.uleb128 0x8
 569 015c AB010000 		.4byte	.LASF22
 570 0160 01       		.byte	0x1
 571 0161 CC       		.byte	0xcc
 572 0162 00000000 		.4byte	.LFB4
 573 0166 0C000000 		.4byte	.LFE4-.LFB4
 574 016a 01       		.uleb128 0x1
 575 016b 9C       		.byte	0x9c
 576 016c 8B010000 		.4byte	0x18b
 577 0170 0E       		.uleb128 0xe
 578 0171 BE010000 		.4byte	.LASF25
 579 0175 01       		.byte	0x1
 580 0176 CC       		.byte	0xcc
 581 0177 D4000000 		.4byte	0xd4
 582 017b 01       		.uleb128 0x1
 583 017c 50       		.byte	0x50
 584 017d 0F       		.uleb128 0xf
 585 017e CF020000 		.4byte	.LASF23
 586 0182 01       		.byte	0x1
 587 0183 CE       		.byte	0xce
 588 0184 8B010000 		.4byte	0x18b
 589 0188 01       		.uleb128 0x1
 590 0189 53       		.byte	0x53
 591 018a 00       		.byte	0
 592 018b 04       		.uleb128 0x4
 593 018c 04       		.byte	0x4
 594 018d D4000000 		.4byte	0xd4
 595 0191 10       		.uleb128 0x10
 596 0192 AD020000 		.4byte	.LASF27
 597 0196 01       		.byte	0x1
 598 0197 E4       		.byte	0xe4
 599 0198 D4000000 		.4byte	0xd4
 600 019c 00000000 		.4byte	.LFB5
 601 01a0 0C000000 		.4byte	.LFE5-.LFB5
 602 01a4 01       		.uleb128 0x1
 603 01a5 9C       		.byte	0x9c
 604 01a6 B8010000 		.4byte	0x1b8
 605 01aa 0F       		.uleb128 0xf
 606 01ab CF020000 		.4byte	.LASF23
ARM GAS  C:\Users\214016~1\AppData\Local\Temp\ccW4XqOJ.s 			page 19


 607 01af 01       		.byte	0x1
 608 01b0 E6       		.byte	0xe6
 609 01b1 8B010000 		.4byte	0x18b
 610 01b5 01       		.uleb128 0x1
 611 01b6 53       		.byte	0x53
 612 01b7 00       		.byte	0
 613 01b8 11       		.uleb128 0x11
 614 01b9 E8020000 		.4byte	.LASF24
 615 01bd 01       		.byte	0x1
 616 01be 0601     		.2byte	0x106
 617 01c0 00000000 		.4byte	.LFB6
 618 01c4 10000000 		.4byte	.LFE6-.LFB6
 619 01c8 01       		.uleb128 0x1
 620 01c9 9C       		.byte	0x9c
 621 01ca DF010000 		.4byte	0x1df
 622 01ce 12       		.uleb128 0x12
 623 01cf E7000000 		.4byte	.LASF26
 624 01d3 01       		.byte	0x1
 625 01d4 0601     		.2byte	0x106
 626 01d6 80000000 		.4byte	0x80
 627 01da 00000000 		.4byte	.LLST0
 628 01de 00       		.byte	0
 629 01df 13       		.uleb128 0x13
 630 01e0 23010000 		.4byte	.LASF28
 631 01e4 01       		.byte	0x1
 632 01e5 1C01     		.2byte	0x11c
 633 01e7 80000000 		.4byte	0x80
 634 01eb 00000000 		.4byte	.LFB7
 635 01ef 0C000000 		.4byte	.LFE7-.LFB7
 636 01f3 01       		.uleb128 0x1
 637 01f4 9C       		.byte	0x9c
 638 01f5 0A020000 		.4byte	0x20a
 639 01f9 14       		.uleb128 0x14
 640 01fa E7000000 		.4byte	.LASF26
 641 01fe 01       		.byte	0x1
 642 01ff 1E01     		.2byte	0x11e
 643 0201 80000000 		.4byte	0x80
 644 0205 21000000 		.4byte	.LLST1
 645 0209 00       		.byte	0
 646 020a 15       		.uleb128 0x15
 647 020b 00000000 		.4byte	.LASF29
 648 020f 01       		.byte	0x1
 649 0210 3701     		.2byte	0x137
 650 0212 00000000 		.4byte	.LFB8
 651 0216 0C000000 		.4byte	.LFE8-.LFB8
 652 021a 01       		.uleb128 0x1
 653 021b 9C       		.byte	0x9c
 654 021c 16       		.uleb128 0x16
 655 021d 84020000 		.4byte	.LASF40
 656 0221 01       		.byte	0x1
 657 0222 4C01     		.2byte	0x14c
 658 0224 80000000 		.4byte	0x80
 659 0228 00000000 		.4byte	.LFB9
 660 022c 10000000 		.4byte	.LFE9-.LFB9
 661 0230 01       		.uleb128 0x1
 662 0231 9C       		.byte	0x9c
 663 0232 15       		.uleb128 0x15
ARM GAS  C:\Users\214016~1\AppData\Local\Temp\ccW4XqOJ.s 			page 20


 664 0233 D6000000 		.4byte	.LASF30
 665 0237 01       		.byte	0x1
 666 0238 6101     		.2byte	0x161
 667 023a 00000000 		.4byte	.LFB10
 668 023e 0C000000 		.4byte	.LFE10-.LFB10
 669 0242 01       		.uleb128 0x1
 670 0243 9C       		.byte	0x9c
 671 0244 08       		.uleb128 0x8
 672 0245 9C000000 		.4byte	.LASF31
 673 0249 01       		.byte	0x1
 674 024a 3D       		.byte	0x3d
 675 024b 00000000 		.4byte	.LFB0
 676 024f 1C000000 		.4byte	.LFE0-.LFB0
 677 0253 01       		.uleb128 0x1
 678 0254 9C       		.byte	0x9c
 679 0255 96020000 		.4byte	0x296
 680 0259 0D       		.uleb128 0xd
 681 025a 06000000 		.4byte	.LVL11
 682 025e 32020000 		.4byte	0x232
 683 0262 0B       		.uleb128 0xb
 684 0263 0C000000 		.4byte	.LVL12
 685 0267 5B010000 		.4byte	0x15b
 686 026b 79020000 		.4byte	0x279
 687 026f 0C       		.uleb128 0xc
 688 0270 01       		.uleb128 0x1
 689 0271 50       		.byte	0x50
 690 0272 05       		.uleb128 0x5
 691 0273 03       		.byte	0x3
 692 0274 00000000 		.4byte	OSC1_ISR_Interrupt
 693 0278 00       		.byte	0
 694 0279 0B       		.uleb128 0xb
 695 027a 12000000 		.4byte	.LVL13
 696 027e B8010000 		.4byte	0x1b8
 697 0282 8C020000 		.4byte	0x28c
 698 0286 0C       		.uleb128 0xc
 699 0287 01       		.uleb128 0x1
 700 0288 50       		.byte	0x50
 701 0289 01       		.uleb128 0x1
 702 028a 37       		.byte	0x37
 703 028b 00       		.byte	0
 704 028c 0D       		.uleb128 0xd
 705 028d 16000000 		.4byte	.LVL14
 706 0291 0A020000 		.4byte	0x20a
 707 0295 00       		.byte	0
 708 0296 08       		.uleb128 0x8
 709 0297 61000000 		.4byte	.LASF32
 710 029b 01       		.byte	0x1
 711 029c 68       		.byte	0x68
 712 029d 00000000 		.4byte	.LFB1
 713 02a1 1A000000 		.4byte	.LFE1-.LFB1
 714 02a5 01       		.uleb128 0x1
 715 02a6 9C       		.byte	0x9c
 716 02a7 F4020000 		.4byte	0x2f4
 717 02ab 17       		.uleb128 0x17
 718 02ac BE010000 		.4byte	.LASF25
 719 02b0 01       		.byte	0x1
 720 02b1 68       		.byte	0x68
ARM GAS  C:\Users\214016~1\AppData\Local\Temp\ccW4XqOJ.s 			page 21


 721 02b2 D4000000 		.4byte	0xd4
 722 02b6 38000000 		.4byte	.LLST2
 723 02ba 0D       		.uleb128 0xd
 724 02bb 08000000 		.4byte	.LVL16
 725 02bf 32020000 		.4byte	0x232
 726 02c3 0B       		.uleb128 0xb
 727 02c4 0E000000 		.4byte	.LVL17
 728 02c8 5B010000 		.4byte	0x15b
 729 02cc D7020000 		.4byte	0x2d7
 730 02d0 0C       		.uleb128 0xc
 731 02d1 01       		.uleb128 0x1
 732 02d2 50       		.byte	0x50
 733 02d3 02       		.uleb128 0x2
 734 02d4 74       		.byte	0x74
 735 02d5 00       		.sleb128 0
 736 02d6 00       		.byte	0
 737 02d7 0B       		.uleb128 0xb
 738 02d8 14000000 		.4byte	.LVL18
 739 02dc B8010000 		.4byte	0x1b8
 740 02e0 EA020000 		.4byte	0x2ea
 741 02e4 0C       		.uleb128 0xc
 742 02e5 01       		.uleb128 0x1
 743 02e6 50       		.byte	0x50
 744 02e7 01       		.uleb128 0x1
 745 02e8 37       		.byte	0x37
 746 02e9 00       		.byte	0
 747 02ea 0D       		.uleb128 0xd
 748 02eb 18000000 		.4byte	.LVL19
 749 02ef 0A020000 		.4byte	0x20a
 750 02f3 00       		.byte	0
 751 02f4 08       		.uleb128 0x8
 752 02f5 2A000000 		.4byte	.LASF33
 753 02f9 01       		.byte	0x1
 754 02fa 86       		.byte	0x86
 755 02fb 00000000 		.4byte	.LFB2
 756 02ff 14000000 		.4byte	.LFE2-.LFB2
 757 0303 01       		.uleb128 0x1
 758 0304 9C       		.byte	0x9c
 759 0305 1C030000 		.4byte	0x31c
 760 0309 0D       		.uleb128 0xd
 761 030a 06000000 		.4byte	.LVL20
 762 030e 32020000 		.4byte	0x232
 763 0312 0D       		.uleb128 0xd
 764 0313 0C000000 		.4byte	.LVL21
 765 0317 5B010000 		.4byte	0x15b
 766 031b 00       		.byte	0
 767 031c 15       		.uleb128 0x15
 768 031d 16000000 		.4byte	.LASF34
 769 0321 01       		.byte	0x1
 770 0322 7C01     		.2byte	0x17c
 771 0324 00000000 		.4byte	.LFB11
 772 0328 0C000000 		.4byte	.LFE11-.LFB11
 773 032c 01       		.uleb128 0x1
 774 032d 9C       		.byte	0x9c
 775 032e 15       		.uleb128 0x15
 776 032f 4B000000 		.4byte	.LASF35
 777 0333 01       		.byte	0x1
ARM GAS  C:\Users\214016~1\AppData\Local\Temp\ccW4XqOJ.s 			page 22


 778 0334 9501     		.2byte	0x195
 779 0336 00000000 		.4byte	.LFB12
 780 033a 0C000000 		.4byte	.LFE12-.LFB12
 781 033e 01       		.uleb128 0x1
 782 033f 9C       		.byte	0x9c
 783 0340 09       		.uleb128 0x9
 784 0341 78020000 		.4byte	.LASF19
 785 0345 01       		.byte	0x1
 786 0346 A8       		.byte	0xa8
 787 0347 25000000 		.4byte	0x25
 788 034b 51030000 		.4byte	0x351
 789 034f 0A       		.uleb128 0xa
 790 0350 00       		.byte	0
 791 0351 18       		.uleb128 0x18
 792 0352 C0020000 		.4byte	.LASF36
 793 0356 03       		.byte	0x3
 794 0357 78       		.byte	0x78
 795 0358 62030000 		.4byte	0x362
 796 035c 19       		.uleb128 0x19
 797 035d 8C000000 		.4byte	0x8c
 798 0361 00       		.byte	0
 799 0362 1A       		.uleb128 0x1a
 800 0363 F7000000 		.4byte	.LASF20
 801 0367 01       		.byte	0x1
 802 0368 AC       		.byte	0xac
 803 0369 25000000 		.4byte	0x25
 804 036d 0A       		.uleb128 0xa
 805 036e 00       		.byte	0
 806 036f 00       		.byte	0
 807              		.section	.debug_abbrev,"",%progbits
 808              	.Ldebug_abbrev0:
 809 0000 01       		.uleb128 0x1
 810 0001 11       		.uleb128 0x11
 811 0002 01       		.byte	0x1
 812 0003 25       		.uleb128 0x25
 813 0004 0E       		.uleb128 0xe
 814 0005 13       		.uleb128 0x13
 815 0006 0B       		.uleb128 0xb
 816 0007 03       		.uleb128 0x3
 817 0008 0E       		.uleb128 0xe
 818 0009 1B       		.uleb128 0x1b
 819 000a 0E       		.uleb128 0xe
 820 000b 55       		.uleb128 0x55
 821 000c 17       		.uleb128 0x17
 822 000d 11       		.uleb128 0x11
 823 000e 01       		.uleb128 0x1
 824 000f 10       		.uleb128 0x10
 825 0010 17       		.uleb128 0x17
 826 0011 00       		.byte	0
 827 0012 00       		.byte	0
 828 0013 02       		.uleb128 0x2
 829 0014 24       		.uleb128 0x24
 830 0015 00       		.byte	0
 831 0016 0B       		.uleb128 0xb
 832 0017 0B       		.uleb128 0xb
 833 0018 3E       		.uleb128 0x3e
 834 0019 0B       		.uleb128 0xb
ARM GAS  C:\Users\214016~1\AppData\Local\Temp\ccW4XqOJ.s 			page 23


 835 001a 03       		.uleb128 0x3
 836 001b 08       		.uleb128 0x8
 837 001c 00       		.byte	0
 838 001d 00       		.byte	0
 839 001e 03       		.uleb128 0x3
 840 001f 24       		.uleb128 0x24
 841 0020 00       		.byte	0
 842 0021 0B       		.uleb128 0xb
 843 0022 0B       		.uleb128 0xb
 844 0023 3E       		.uleb128 0x3e
 845 0024 0B       		.uleb128 0xb
 846 0025 03       		.uleb128 0x3
 847 0026 0E       		.uleb128 0xe
 848 0027 00       		.byte	0
 849 0028 00       		.byte	0
 850 0029 04       		.uleb128 0x4
 851 002a 0F       		.uleb128 0xf
 852 002b 00       		.byte	0
 853 002c 0B       		.uleb128 0xb
 854 002d 0B       		.uleb128 0xb
 855 002e 49       		.uleb128 0x49
 856 002f 13       		.uleb128 0x13
 857 0030 00       		.byte	0
 858 0031 00       		.byte	0
 859 0032 05       		.uleb128 0x5
 860 0033 15       		.uleb128 0x15
 861 0034 00       		.byte	0
 862 0035 27       		.uleb128 0x27
 863 0036 19       		.uleb128 0x19
 864 0037 00       		.byte	0
 865 0038 00       		.byte	0
 866 0039 06       		.uleb128 0x6
 867 003a 16       		.uleb128 0x16
 868 003b 00       		.byte	0
 869 003c 03       		.uleb128 0x3
 870 003d 0E       		.uleb128 0xe
 871 003e 3A       		.uleb128 0x3a
 872 003f 0B       		.uleb128 0xb
 873 0040 3B       		.uleb128 0x3b
 874 0041 05       		.uleb128 0x5
 875 0042 49       		.uleb128 0x49
 876 0043 13       		.uleb128 0x13
 877 0044 00       		.byte	0
 878 0045 00       		.byte	0
 879 0046 07       		.uleb128 0x7
 880 0047 35       		.uleb128 0x35
 881 0048 00       		.byte	0
 882 0049 49       		.uleb128 0x49
 883 004a 13       		.uleb128 0x13
 884 004b 00       		.byte	0
 885 004c 00       		.byte	0
 886 004d 08       		.uleb128 0x8
 887 004e 2E       		.uleb128 0x2e
 888 004f 01       		.byte	0x1
 889 0050 3F       		.uleb128 0x3f
 890 0051 19       		.uleb128 0x19
 891 0052 03       		.uleb128 0x3
ARM GAS  C:\Users\214016~1\AppData\Local\Temp\ccW4XqOJ.s 			page 24


 892 0053 0E       		.uleb128 0xe
 893 0054 3A       		.uleb128 0x3a
 894 0055 0B       		.uleb128 0xb
 895 0056 3B       		.uleb128 0x3b
 896 0057 0B       		.uleb128 0xb
 897 0058 27       		.uleb128 0x27
 898 0059 19       		.uleb128 0x19
 899 005a 11       		.uleb128 0x11
 900 005b 01       		.uleb128 0x1
 901 005c 12       		.uleb128 0x12
 902 005d 06       		.uleb128 0x6
 903 005e 40       		.uleb128 0x40
 904 005f 18       		.uleb128 0x18
 905 0060 9742     		.uleb128 0x2117
 906 0062 19       		.uleb128 0x19
 907 0063 01       		.uleb128 0x1
 908 0064 13       		.uleb128 0x13
 909 0065 00       		.byte	0
 910 0066 00       		.byte	0
 911 0067 09       		.uleb128 0x9
 912 0068 2E       		.uleb128 0x2e
 913 0069 01       		.byte	0x1
 914 006a 3F       		.uleb128 0x3f
 915 006b 19       		.uleb128 0x19
 916 006c 03       		.uleb128 0x3
 917 006d 0E       		.uleb128 0xe
 918 006e 3A       		.uleb128 0x3a
 919 006f 0B       		.uleb128 0xb
 920 0070 3B       		.uleb128 0x3b
 921 0071 0B       		.uleb128 0xb
 922 0072 49       		.uleb128 0x49
 923 0073 13       		.uleb128 0x13
 924 0074 3C       		.uleb128 0x3c
 925 0075 19       		.uleb128 0x19
 926 0076 01       		.uleb128 0x1
 927 0077 13       		.uleb128 0x13
 928 0078 00       		.byte	0
 929 0079 00       		.byte	0
 930 007a 0A       		.uleb128 0xa
 931 007b 18       		.uleb128 0x18
 932 007c 00       		.byte	0
 933 007d 00       		.byte	0
 934 007e 00       		.byte	0
 935 007f 0B       		.uleb128 0xb
 936 0080 898201   		.uleb128 0x4109
 937 0083 01       		.byte	0x1
 938 0084 11       		.uleb128 0x11
 939 0085 01       		.uleb128 0x1
 940 0086 31       		.uleb128 0x31
 941 0087 13       		.uleb128 0x13
 942 0088 01       		.uleb128 0x1
 943 0089 13       		.uleb128 0x13
 944 008a 00       		.byte	0
 945 008b 00       		.byte	0
 946 008c 0C       		.uleb128 0xc
 947 008d 8A8201   		.uleb128 0x410a
 948 0090 00       		.byte	0
ARM GAS  C:\Users\214016~1\AppData\Local\Temp\ccW4XqOJ.s 			page 25


 949 0091 02       		.uleb128 0x2
 950 0092 18       		.uleb128 0x18
 951 0093 9142     		.uleb128 0x2111
 952 0095 18       		.uleb128 0x18
 953 0096 00       		.byte	0
 954 0097 00       		.byte	0
 955 0098 0D       		.uleb128 0xd
 956 0099 898201   		.uleb128 0x4109
 957 009c 00       		.byte	0
 958 009d 11       		.uleb128 0x11
 959 009e 01       		.uleb128 0x1
 960 009f 31       		.uleb128 0x31
 961 00a0 13       		.uleb128 0x13
 962 00a1 00       		.byte	0
 963 00a2 00       		.byte	0
 964 00a3 0E       		.uleb128 0xe
 965 00a4 05       		.uleb128 0x5
 966 00a5 00       		.byte	0
 967 00a6 03       		.uleb128 0x3
 968 00a7 0E       		.uleb128 0xe
 969 00a8 3A       		.uleb128 0x3a
 970 00a9 0B       		.uleb128 0xb
 971 00aa 3B       		.uleb128 0x3b
 972 00ab 0B       		.uleb128 0xb
 973 00ac 49       		.uleb128 0x49
 974 00ad 13       		.uleb128 0x13
 975 00ae 02       		.uleb128 0x2
 976 00af 18       		.uleb128 0x18
 977 00b0 00       		.byte	0
 978 00b1 00       		.byte	0
 979 00b2 0F       		.uleb128 0xf
 980 00b3 34       		.uleb128 0x34
 981 00b4 00       		.byte	0
 982 00b5 03       		.uleb128 0x3
 983 00b6 0E       		.uleb128 0xe
 984 00b7 3A       		.uleb128 0x3a
 985 00b8 0B       		.uleb128 0xb
 986 00b9 3B       		.uleb128 0x3b
 987 00ba 0B       		.uleb128 0xb
 988 00bb 49       		.uleb128 0x49
 989 00bc 13       		.uleb128 0x13
 990 00bd 02       		.uleb128 0x2
 991 00be 18       		.uleb128 0x18
 992 00bf 00       		.byte	0
 993 00c0 00       		.byte	0
 994 00c1 10       		.uleb128 0x10
 995 00c2 2E       		.uleb128 0x2e
 996 00c3 01       		.byte	0x1
 997 00c4 3F       		.uleb128 0x3f
 998 00c5 19       		.uleb128 0x19
 999 00c6 03       		.uleb128 0x3
 1000 00c7 0E       		.uleb128 0xe
 1001 00c8 3A       		.uleb128 0x3a
 1002 00c9 0B       		.uleb128 0xb
 1003 00ca 3B       		.uleb128 0x3b
 1004 00cb 0B       		.uleb128 0xb
 1005 00cc 27       		.uleb128 0x27
ARM GAS  C:\Users\214016~1\AppData\Local\Temp\ccW4XqOJ.s 			page 26


 1006 00cd 19       		.uleb128 0x19
 1007 00ce 49       		.uleb128 0x49
 1008 00cf 13       		.uleb128 0x13
 1009 00d0 11       		.uleb128 0x11
 1010 00d1 01       		.uleb128 0x1
 1011 00d2 12       		.uleb128 0x12
 1012 00d3 06       		.uleb128 0x6
 1013 00d4 40       		.uleb128 0x40
 1014 00d5 18       		.uleb128 0x18
 1015 00d6 9742     		.uleb128 0x2117
 1016 00d8 19       		.uleb128 0x19
 1017 00d9 01       		.uleb128 0x1
 1018 00da 13       		.uleb128 0x13
 1019 00db 00       		.byte	0
 1020 00dc 00       		.byte	0
 1021 00dd 11       		.uleb128 0x11
 1022 00de 2E       		.uleb128 0x2e
 1023 00df 01       		.byte	0x1
 1024 00e0 3F       		.uleb128 0x3f
 1025 00e1 19       		.uleb128 0x19
 1026 00e2 03       		.uleb128 0x3
 1027 00e3 0E       		.uleb128 0xe
 1028 00e4 3A       		.uleb128 0x3a
 1029 00e5 0B       		.uleb128 0xb
 1030 00e6 3B       		.uleb128 0x3b
 1031 00e7 05       		.uleb128 0x5
 1032 00e8 27       		.uleb128 0x27
 1033 00e9 19       		.uleb128 0x19
 1034 00ea 11       		.uleb128 0x11
 1035 00eb 01       		.uleb128 0x1
 1036 00ec 12       		.uleb128 0x12
 1037 00ed 06       		.uleb128 0x6
 1038 00ee 40       		.uleb128 0x40
 1039 00ef 18       		.uleb128 0x18
 1040 00f0 9742     		.uleb128 0x2117
 1041 00f2 19       		.uleb128 0x19
 1042 00f3 01       		.uleb128 0x1
 1043 00f4 13       		.uleb128 0x13
 1044 00f5 00       		.byte	0
 1045 00f6 00       		.byte	0
 1046 00f7 12       		.uleb128 0x12
 1047 00f8 05       		.uleb128 0x5
 1048 00f9 00       		.byte	0
 1049 00fa 03       		.uleb128 0x3
 1050 00fb 0E       		.uleb128 0xe
 1051 00fc 3A       		.uleb128 0x3a
 1052 00fd 0B       		.uleb128 0xb
 1053 00fe 3B       		.uleb128 0x3b
 1054 00ff 05       		.uleb128 0x5
 1055 0100 49       		.uleb128 0x49
 1056 0101 13       		.uleb128 0x13
 1057 0102 02       		.uleb128 0x2
 1058 0103 17       		.uleb128 0x17
 1059 0104 00       		.byte	0
 1060 0105 00       		.byte	0
 1061 0106 13       		.uleb128 0x13
 1062 0107 2E       		.uleb128 0x2e
ARM GAS  C:\Users\214016~1\AppData\Local\Temp\ccW4XqOJ.s 			page 27


 1063 0108 01       		.byte	0x1
 1064 0109 3F       		.uleb128 0x3f
 1065 010a 19       		.uleb128 0x19
 1066 010b 03       		.uleb128 0x3
 1067 010c 0E       		.uleb128 0xe
 1068 010d 3A       		.uleb128 0x3a
 1069 010e 0B       		.uleb128 0xb
 1070 010f 3B       		.uleb128 0x3b
 1071 0110 05       		.uleb128 0x5
 1072 0111 27       		.uleb128 0x27
 1073 0112 19       		.uleb128 0x19
 1074 0113 49       		.uleb128 0x49
 1075 0114 13       		.uleb128 0x13
 1076 0115 11       		.uleb128 0x11
 1077 0116 01       		.uleb128 0x1
 1078 0117 12       		.uleb128 0x12
 1079 0118 06       		.uleb128 0x6
 1080 0119 40       		.uleb128 0x40
 1081 011a 18       		.uleb128 0x18
 1082 011b 9742     		.uleb128 0x2117
 1083 011d 19       		.uleb128 0x19
 1084 011e 01       		.uleb128 0x1
 1085 011f 13       		.uleb128 0x13
 1086 0120 00       		.byte	0
 1087 0121 00       		.byte	0
 1088 0122 14       		.uleb128 0x14
 1089 0123 34       		.uleb128 0x34
 1090 0124 00       		.byte	0
 1091 0125 03       		.uleb128 0x3
 1092 0126 0E       		.uleb128 0xe
 1093 0127 3A       		.uleb128 0x3a
 1094 0128 0B       		.uleb128 0xb
 1095 0129 3B       		.uleb128 0x3b
 1096 012a 05       		.uleb128 0x5
 1097 012b 49       		.uleb128 0x49
 1098 012c 13       		.uleb128 0x13
 1099 012d 02       		.uleb128 0x2
 1100 012e 17       		.uleb128 0x17
 1101 012f 00       		.byte	0
 1102 0130 00       		.byte	0
 1103 0131 15       		.uleb128 0x15
 1104 0132 2E       		.uleb128 0x2e
 1105 0133 00       		.byte	0
 1106 0134 3F       		.uleb128 0x3f
 1107 0135 19       		.uleb128 0x19
 1108 0136 03       		.uleb128 0x3
 1109 0137 0E       		.uleb128 0xe
 1110 0138 3A       		.uleb128 0x3a
 1111 0139 0B       		.uleb128 0xb
 1112 013a 3B       		.uleb128 0x3b
 1113 013b 05       		.uleb128 0x5
 1114 013c 27       		.uleb128 0x27
 1115 013d 19       		.uleb128 0x19
 1116 013e 11       		.uleb128 0x11
 1117 013f 01       		.uleb128 0x1
 1118 0140 12       		.uleb128 0x12
 1119 0141 06       		.uleb128 0x6
ARM GAS  C:\Users\214016~1\AppData\Local\Temp\ccW4XqOJ.s 			page 28


 1120 0142 40       		.uleb128 0x40
 1121 0143 18       		.uleb128 0x18
 1122 0144 9742     		.uleb128 0x2117
 1123 0146 19       		.uleb128 0x19
 1124 0147 00       		.byte	0
 1125 0148 00       		.byte	0
 1126 0149 16       		.uleb128 0x16
 1127 014a 2E       		.uleb128 0x2e
 1128 014b 00       		.byte	0
 1129 014c 3F       		.uleb128 0x3f
 1130 014d 19       		.uleb128 0x19
 1131 014e 03       		.uleb128 0x3
 1132 014f 0E       		.uleb128 0xe
 1133 0150 3A       		.uleb128 0x3a
 1134 0151 0B       		.uleb128 0xb
 1135 0152 3B       		.uleb128 0x3b
 1136 0153 05       		.uleb128 0x5
 1137 0154 27       		.uleb128 0x27
 1138 0155 19       		.uleb128 0x19
 1139 0156 49       		.uleb128 0x49
 1140 0157 13       		.uleb128 0x13
 1141 0158 11       		.uleb128 0x11
 1142 0159 01       		.uleb128 0x1
 1143 015a 12       		.uleb128 0x12
 1144 015b 06       		.uleb128 0x6
 1145 015c 40       		.uleb128 0x40
 1146 015d 18       		.uleb128 0x18
 1147 015e 9742     		.uleb128 0x2117
 1148 0160 19       		.uleb128 0x19
 1149 0161 00       		.byte	0
 1150 0162 00       		.byte	0
 1151 0163 17       		.uleb128 0x17
 1152 0164 05       		.uleb128 0x5
 1153 0165 00       		.byte	0
 1154 0166 03       		.uleb128 0x3
 1155 0167 0E       		.uleb128 0xe
 1156 0168 3A       		.uleb128 0x3a
 1157 0169 0B       		.uleb128 0xb
 1158 016a 3B       		.uleb128 0x3b
 1159 016b 0B       		.uleb128 0xb
 1160 016c 49       		.uleb128 0x49
 1161 016d 13       		.uleb128 0x13
 1162 016e 02       		.uleb128 0x2
 1163 016f 17       		.uleb128 0x17
 1164 0170 00       		.byte	0
 1165 0171 00       		.byte	0
 1166 0172 18       		.uleb128 0x18
 1167 0173 2E       		.uleb128 0x2e
 1168 0174 01       		.byte	0x1
 1169 0175 3F       		.uleb128 0x3f
 1170 0176 19       		.uleb128 0x19
 1171 0177 03       		.uleb128 0x3
 1172 0178 0E       		.uleb128 0xe
 1173 0179 3A       		.uleb128 0x3a
 1174 017a 0B       		.uleb128 0xb
 1175 017b 3B       		.uleb128 0x3b
 1176 017c 0B       		.uleb128 0xb
ARM GAS  C:\Users\214016~1\AppData\Local\Temp\ccW4XqOJ.s 			page 29


 1177 017d 27       		.uleb128 0x27
 1178 017e 19       		.uleb128 0x19
 1179 017f 3C       		.uleb128 0x3c
 1180 0180 19       		.uleb128 0x19
 1181 0181 01       		.uleb128 0x1
 1182 0182 13       		.uleb128 0x13
 1183 0183 00       		.byte	0
 1184 0184 00       		.byte	0
 1185 0185 19       		.uleb128 0x19
 1186 0186 05       		.uleb128 0x5
 1187 0187 00       		.byte	0
 1188 0188 49       		.uleb128 0x49
 1189 0189 13       		.uleb128 0x13
 1190 018a 00       		.byte	0
 1191 018b 00       		.byte	0
 1192 018c 1A       		.uleb128 0x1a
 1193 018d 2E       		.uleb128 0x2e
 1194 018e 01       		.byte	0x1
 1195 018f 3F       		.uleb128 0x3f
 1196 0190 19       		.uleb128 0x19
 1197 0191 03       		.uleb128 0x3
 1198 0192 0E       		.uleb128 0xe
 1199 0193 3A       		.uleb128 0x3a
 1200 0194 0B       		.uleb128 0xb
 1201 0195 3B       		.uleb128 0x3b
 1202 0196 0B       		.uleb128 0xb
 1203 0197 49       		.uleb128 0x49
 1204 0198 13       		.uleb128 0x13
 1205 0199 3C       		.uleb128 0x3c
 1206 019a 19       		.uleb128 0x19
 1207 019b 00       		.byte	0
 1208 019c 00       		.byte	0
 1209 019d 00       		.byte	0
 1210              		.section	.debug_loc,"",%progbits
 1211              	.Ldebug_loc0:
 1212              	.LLST0:
 1213 0000 00000000 		.4byte	.LVL7
 1214 0004 02000000 		.4byte	.LVL8
 1215 0008 0100     		.2byte	0x1
 1216 000a 50       		.byte	0x50
 1217 000b 02000000 		.4byte	.LVL8
 1218 000f 10000000 		.4byte	.LFE6
 1219 0013 0400     		.2byte	0x4
 1220 0015 F3       		.byte	0xf3
 1221 0016 01       		.uleb128 0x1
 1222 0017 50       		.byte	0x50
 1223 0018 9F       		.byte	0x9f
 1224 0019 00000000 		.4byte	0
 1225 001d 00000000 		.4byte	0
 1226              	.LLST1:
 1227 0021 04000000 		.4byte	.LVL9
 1228 0025 06000000 		.4byte	.LVL10
 1229 0029 0500     		.2byte	0x5
 1230 002b 70       		.byte	0x70
 1231 002c 00       		.sleb128 0
 1232 002d 35       		.byte	0x35
 1233 002e 25       		.byte	0x25
ARM GAS  C:\Users\214016~1\AppData\Local\Temp\ccW4XqOJ.s 			page 30


 1234 002f 9F       		.byte	0x9f
 1235 0030 00000000 		.4byte	0
 1236 0034 00000000 		.4byte	0
 1237              	.LLST2:
 1238 0038 00000000 		.4byte	.LVL15
 1239 003c 07000000 		.4byte	.LVL16-1
 1240 0040 0100     		.2byte	0x1
 1241 0042 50       		.byte	0x50
 1242 0043 07000000 		.4byte	.LVL16-1
 1243 0047 1A000000 		.4byte	.LFE1
 1244 004b 0100     		.2byte	0x1
 1245 004d 54       		.byte	0x54
 1246 004e 00000000 		.4byte	0
 1247 0052 00000000 		.4byte	0
 1248              		.section	.debug_aranges,"",%progbits
 1249 0000 7C000000 		.4byte	0x7c
 1250 0004 0200     		.2byte	0x2
 1251 0006 00000000 		.4byte	.Ldebug_info0
 1252 000a 04       		.byte	0x4
 1253 000b 00       		.byte	0
 1254 000c 0000     		.2byte	0
 1255 000e 0000     		.2byte	0
 1256 0010 00000000 		.4byte	.LFB3
 1257 0014 1A000000 		.4byte	.LFE3-.LFB3
 1258 0018 00000000 		.4byte	.LFB4
 1259 001c 0C000000 		.4byte	.LFE4-.LFB4
 1260 0020 00000000 		.4byte	.LFB5
 1261 0024 0C000000 		.4byte	.LFE5-.LFB5
 1262 0028 00000000 		.4byte	.LFB6
 1263 002c 10000000 		.4byte	.LFE6-.LFB6
 1264 0030 00000000 		.4byte	.LFB7
 1265 0034 0C000000 		.4byte	.LFE7-.LFB7
 1266 0038 00000000 		.4byte	.LFB8
 1267 003c 0C000000 		.4byte	.LFE8-.LFB8
 1268 0040 00000000 		.4byte	.LFB9
 1269 0044 10000000 		.4byte	.LFE9-.LFB9
 1270 0048 00000000 		.4byte	.LFB10
 1271 004c 0C000000 		.4byte	.LFE10-.LFB10
 1272 0050 00000000 		.4byte	.LFB0
 1273 0054 1C000000 		.4byte	.LFE0-.LFB0
 1274 0058 00000000 		.4byte	.LFB1
 1275 005c 1A000000 		.4byte	.LFE1-.LFB1
 1276 0060 00000000 		.4byte	.LFB2
 1277 0064 14000000 		.4byte	.LFE2-.LFB2
 1278 0068 00000000 		.4byte	.LFB11
 1279 006c 0C000000 		.4byte	.LFE11-.LFB11
 1280 0070 00000000 		.4byte	.LFB12
 1281 0074 0C000000 		.4byte	.LFE12-.LFB12
 1282 0078 00000000 		.4byte	0
 1283 007c 00000000 		.4byte	0
 1284              		.section	.debug_ranges,"",%progbits
 1285              	.Ldebug_ranges0:
 1286 0000 00000000 		.4byte	.LFB3
 1287 0004 1A000000 		.4byte	.LFE3
 1288 0008 00000000 		.4byte	.LFB4
 1289 000c 0C000000 		.4byte	.LFE4
 1290 0010 00000000 		.4byte	.LFB5
ARM GAS  C:\Users\214016~1\AppData\Local\Temp\ccW4XqOJ.s 			page 31


 1291 0014 0C000000 		.4byte	.LFE5
 1292 0018 00000000 		.4byte	.LFB6
 1293 001c 10000000 		.4byte	.LFE6
 1294 0020 00000000 		.4byte	.LFB7
 1295 0024 0C000000 		.4byte	.LFE7
 1296 0028 00000000 		.4byte	.LFB8
 1297 002c 0C000000 		.4byte	.LFE8
 1298 0030 00000000 		.4byte	.LFB9
 1299 0034 10000000 		.4byte	.LFE9
 1300 0038 00000000 		.4byte	.LFB10
 1301 003c 0C000000 		.4byte	.LFE10
 1302 0040 00000000 		.4byte	.LFB0
 1303 0044 1C000000 		.4byte	.LFE0
 1304 0048 00000000 		.4byte	.LFB1
 1305 004c 1A000000 		.4byte	.LFE1
 1306 0050 00000000 		.4byte	.LFB2
 1307 0054 14000000 		.4byte	.LFE2
 1308 0058 00000000 		.4byte	.LFB11
 1309 005c 0C000000 		.4byte	.LFE11
 1310 0060 00000000 		.4byte	.LFB12
 1311 0064 0C000000 		.4byte	.LFE12
 1312 0068 00000000 		.4byte	0
 1313 006c 00000000 		.4byte	0
 1314              		.section	.debug_line,"",%progbits
 1315              	.Ldebug_line0:
 1316 0000 59010000 		.section	.debug_str,"MS",%progbits,1
 1316      02006900 
 1316      00000201 
 1316      FB0E0D00 
 1316      01010101 
 1317              	.LASF29:
 1318 0000 4F534331 		.ascii	"OSC1_ISR_Enable\000"
 1318      5F495352 
 1318      5F456E61 
 1318      626C6500 
 1319              	.LASF17:
 1320 0010 72656733 		.ascii	"reg32\000"
 1320      3200
 1321              	.LASF34:
 1322 0016 4F534331 		.ascii	"OSC1_ISR_SetPending\000"
 1322      5F495352 
 1322      5F536574 
 1322      50656E64 
 1322      696E6700 
 1323              	.LASF33:
 1324 002a 4F534331 		.ascii	"OSC1_ISR_Stop\000"
 1324      5F495352 
 1324      5F53746F 
 1324      7000
 1325              	.LASF4:
 1326 0038 73686F72 		.ascii	"short unsigned int\000"
 1326      7420756E 
 1326      7369676E 
 1326      65642069 
 1326      6E7400
 1327              	.LASF35:
 1328 004b 4F534331 		.ascii	"OSC1_ISR_ClearPending\000"
ARM GAS  C:\Users\214016~1\AppData\Local\Temp\ccW4XqOJ.s 			page 32


 1328      5F495352 
 1328      5F436C65 
 1328      61725065 
 1328      6E64696E 
 1329              	.LASF32:
 1330 0061 4F534331 		.ascii	"OSC1_ISR_StartEx\000"
 1330      5F495352 
 1330      5F537461 
 1330      72744578 
 1330      00
 1331              	.LASF38:
 1332 0072 2E5C4765 		.ascii	".\\Generated_Source\\PSoC5\\OSC1_ISR.c\000"
 1332      6E657261 
 1332      7465645F 
 1332      536F7572 
 1332      63655C50 
 1333              	.LASF14:
 1334 0096 666C6F61 		.ascii	"float\000"
 1334      7400
 1335              	.LASF31:
 1336 009c 4F534331 		.ascii	"OSC1_ISR_Start\000"
 1336      5F495352 
 1336      5F537461 
 1336      727400
 1337              	.LASF2:
 1338 00ab 756E7369 		.ascii	"unsigned char\000"
 1338      676E6564 
 1338      20636861 
 1338      7200
 1339              	.LASF16:
 1340 00b9 72656738 		.ascii	"reg8\000"
 1340      00
 1341              	.LASF6:
 1342 00be 6C6F6E67 		.ascii	"long unsigned int\000"
 1342      20756E73 
 1342      69676E65 
 1342      6420696E 
 1342      7400
 1343              	.LASF11:
 1344 00d0 75696E74 		.ascii	"uint8\000"
 1344      3800
 1345              	.LASF30:
 1346 00d6 4F534331 		.ascii	"OSC1_ISR_Disable\000"
 1346      5F495352 
 1346      5F446973 
 1346      61626C65 
 1346      00
 1347              	.LASF26:
 1348 00e7 7072696F 		.ascii	"priority\000"
 1348      72697479 
 1348      00
 1349              	.LASF15:
 1350 00f0 646F7562 		.ascii	"double\000"
 1350      6C6500
 1351              	.LASF20:
 1352 00f7 4F534331 		.ascii	"OSC1_Freq_Timer_1_ReadStatusRegister\000"
 1352      5F467265 
ARM GAS  C:\Users\214016~1\AppData\Local\Temp\ccW4XqOJ.s 			page 33


 1352      715F5469 
 1352      6D65725F 
 1352      315F5265 
 1353              	.LASF12:
 1354 011c 75696E74 		.ascii	"uint16\000"
 1354      313600
 1355              	.LASF28:
 1356 0123 4F534331 		.ascii	"OSC1_ISR_GetPriority\000"
 1356      5F495352 
 1356      5F476574 
 1356      5072696F 
 1356      72697479 
 1357              	.LASF13:
 1358 0138 75696E74 		.ascii	"uint32\000"
 1358      333200
 1359              	.LASF21:
 1360 013f 4F534331 		.ascii	"OSC1_ISR_Interrupt\000"
 1360      5F495352 
 1360      5F496E74 
 1360      65727275 
 1360      707400
 1361              	.LASF39:
 1362 0152 433A5C55 		.ascii	"C:\\Users\\214016586\\Documents\\PSoC Creator\\Dual"
 1362      73657273 
 1362      5C323134 
 1362      30313635 
 1362      38365C44 
 1363 0180 2D50536F 		.ascii	"-PSoC-DCO\\Dual-PSoC-DCO.cydsn\000"
 1363      432D4443 
 1363      4F5C4475 
 1363      616C2D50 
 1363      536F432D 
 1364              	.LASF0:
 1365 019e 756E7369 		.ascii	"unsigned int\000"
 1365      676E6564 
 1365      20696E74 
 1365      00
 1366              	.LASF22:
 1367 01ab 4F534331 		.ascii	"OSC1_ISR_SetVector\000"
 1367      5F495352 
 1367      5F536574 
 1367      56656374 
 1367      6F7200
 1368              	.LASF25:
 1369 01be 61646472 		.ascii	"address\000"
 1369      65737300 
 1370              	.LASF8:
 1371 01c6 6C6F6E67 		.ascii	"long long unsigned int\000"
 1371      206C6F6E 
 1371      6720756E 
 1371      7369676E 
 1371      65642069 
 1372              	.LASF37:
 1373 01dd 474E5520 		.ascii	"GNU C 4.9.3 20150303 (release) [ARM/embedded-4_9-br"
 1373      4320342E 
 1373      392E3320 
 1373      32303135 
ARM GAS  C:\Users\214016~1\AppData\Local\Temp\ccW4XqOJ.s 			page 34


 1373      30333033 
 1374 0210 616E6368 		.ascii	"anch revision 221220] -mcpu=cortex-m3 -mthumb -g -O"
 1374      20726576 
 1374      6973696F 
 1374      6E203232 
 1374      31323230 
 1375 0243 67202D66 		.ascii	"g -ffunction-sections -ffat-lto-objects\000"
 1375      66756E63 
 1375      74696F6E 
 1375      2D736563 
 1375      74696F6E 
 1376              	.LASF18:
 1377 026b 63796973 		.ascii	"cyisraddress\000"
 1377      72616464 
 1377      72657373 
 1377      00
 1378              	.LASF19:
 1379 0278 50696E5F 		.ascii	"Pin_2_Write\000"
 1379      325F5772 
 1379      69746500 
 1380              	.LASF40:
 1381 0284 4F534331 		.ascii	"OSC1_ISR_GetState\000"
 1381      5F495352 
 1381      5F476574 
 1381      53746174 
 1381      6500
 1382              	.LASF9:
 1383 0296 73697A65 		.ascii	"sizetype\000"
 1383      74797065 
 1383      00
 1384              	.LASF7:
 1385 029f 6C6F6E67 		.ascii	"long long int\000"
 1385      206C6F6E 
 1385      6720696E 
 1385      7400
 1386              	.LASF27:
 1387 02ad 4F534331 		.ascii	"OSC1_ISR_GetVector\000"
 1387      5F495352 
 1387      5F476574 
 1387      56656374 
 1387      6F7200
 1388              	.LASF36:
 1389 02c0 43794465 		.ascii	"CyDelayUs\000"
 1389      6C617955 
 1389      7300
 1390              	.LASF10:
 1391 02ca 63686172 		.ascii	"char\000"
 1391      00
 1392              	.LASF23:
 1393 02cf 72616D56 		.ascii	"ramVectorTable\000"
 1393      6563746F 
 1393      72546162 
 1393      6C6500
 1394              	.LASF3:
 1395 02de 73686F72 		.ascii	"short int\000"
 1395      7420696E 
 1395      7400
ARM GAS  C:\Users\214016~1\AppData\Local\Temp\ccW4XqOJ.s 			page 35


 1396              	.LASF24:
 1397 02e8 4F534331 		.ascii	"OSC1_ISR_SetPriority\000"
 1397      5F495352 
 1397      5F536574 
 1397      5072696F 
 1397      72697479 
 1398              	.LASF5:
 1399 02fd 6C6F6E67 		.ascii	"long int\000"
 1399      20696E74 
 1399      00
 1400              	.LASF1:
 1401 0306 7369676E 		.ascii	"signed char\000"
 1401      65642063 
 1401      68617200 
 1402              		.ident	"GCC: (GNU Tools for ARM Embedded Processors) 4.9.3 20150303 (release) [ARM/embedded-4_9-br
