ARM GAS  C:\Users\214016~1\AppData\Local\Temp\ccWFLfM9.s 			page 1


   1              		.syntax unified
   2              		.cpu cortex-m3
   3              		.fpu softvfp
   4              		.eabi_attribute 20, 1
   5              		.eabi_attribute 21, 1
   6              		.eabi_attribute 23, 3
   7              		.eabi_attribute 24, 1
   8              		.eabi_attribute 25, 1
   9              		.eabi_attribute 26, 1
  10              		.eabi_attribute 30, 1
  11              		.eabi_attribute 34, 1
  12              		.eabi_attribute 18, 4
  13              		.thumb
  14              		.file	"OSC2_IDAC8_SAW_1.c"
  15              		.text
  16              	.Ltext0:
  17              		.cfi_sections	.debug_frame
  18              		.section	.text.OSC2_IDAC8_SAW_1_Enable,"ax",%progbits
  19              		.align	2
  20              		.global	OSC2_IDAC8_SAW_1_Enable
  21              		.thumb
  22              		.thumb_func
  23              		.type	OSC2_IDAC8_SAW_1_Enable, %function
  24              	OSC2_IDAC8_SAW_1_Enable:
  25              	.LFB1:
  26              		.file 1 ".\\Generated_Source\\PSoC5\\OSC2_IDAC8_SAW_1.c"
   1:.\Generated_Source\PSoC5/OSC2_IDAC8_SAW_1.c **** /*******************************************************************************
   2:.\Generated_Source\PSoC5/OSC2_IDAC8_SAW_1.c **** * File Name: OSC2_IDAC8_SAW_1.c
   3:.\Generated_Source\PSoC5/OSC2_IDAC8_SAW_1.c **** * Version 2.0
   4:.\Generated_Source\PSoC5/OSC2_IDAC8_SAW_1.c **** *
   5:.\Generated_Source\PSoC5/OSC2_IDAC8_SAW_1.c **** * Description:
   6:.\Generated_Source\PSoC5/OSC2_IDAC8_SAW_1.c **** *  This file provides the source code to the API for the 8-bit Current 
   7:.\Generated_Source\PSoC5/OSC2_IDAC8_SAW_1.c **** *  DAC (IDAC8) User Module.
   8:.\Generated_Source\PSoC5/OSC2_IDAC8_SAW_1.c **** *
   9:.\Generated_Source\PSoC5/OSC2_IDAC8_SAW_1.c **** * Note:
  10:.\Generated_Source\PSoC5/OSC2_IDAC8_SAW_1.c **** *  None
  11:.\Generated_Source\PSoC5/OSC2_IDAC8_SAW_1.c **** *
  12:.\Generated_Source\PSoC5/OSC2_IDAC8_SAW_1.c **** ********************************************************************************
  13:.\Generated_Source\PSoC5/OSC2_IDAC8_SAW_1.c **** * Copyright 2008-2012, Cypress Semiconductor Corporation.  All rights reserved.
  14:.\Generated_Source\PSoC5/OSC2_IDAC8_SAW_1.c **** * You may use this file only in accordance with the license, terms, conditions, 
  15:.\Generated_Source\PSoC5/OSC2_IDAC8_SAW_1.c **** * disclaimers, and limitations in the end user license agreement accompanying 
  16:.\Generated_Source\PSoC5/OSC2_IDAC8_SAW_1.c **** * the software package with which this file was provided.
  17:.\Generated_Source\PSoC5/OSC2_IDAC8_SAW_1.c **** *******************************************************************************/
  18:.\Generated_Source\PSoC5/OSC2_IDAC8_SAW_1.c **** 
  19:.\Generated_Source\PSoC5/OSC2_IDAC8_SAW_1.c **** #include "cytypes.h"
  20:.\Generated_Source\PSoC5/OSC2_IDAC8_SAW_1.c **** #include "OSC2_IDAC8_SAW_1.h"   
  21:.\Generated_Source\PSoC5/OSC2_IDAC8_SAW_1.c **** 
  22:.\Generated_Source\PSoC5/OSC2_IDAC8_SAW_1.c **** #if (CY_PSOC5A)
  23:.\Generated_Source\PSoC5/OSC2_IDAC8_SAW_1.c ****     #include <CyLib.h>
  24:.\Generated_Source\PSoC5/OSC2_IDAC8_SAW_1.c **** #endif /* CY_PSOC5A */
  25:.\Generated_Source\PSoC5/OSC2_IDAC8_SAW_1.c **** 
  26:.\Generated_Source\PSoC5/OSC2_IDAC8_SAW_1.c **** 
  27:.\Generated_Source\PSoC5/OSC2_IDAC8_SAW_1.c **** uint8 OSC2_IDAC8_SAW_1_initVar = 0u;
  28:.\Generated_Source\PSoC5/OSC2_IDAC8_SAW_1.c **** 
  29:.\Generated_Source\PSoC5/OSC2_IDAC8_SAW_1.c **** 
  30:.\Generated_Source\PSoC5/OSC2_IDAC8_SAW_1.c **** #if (CY_PSOC5A)
  31:.\Generated_Source\PSoC5/OSC2_IDAC8_SAW_1.c ****     static OSC2_IDAC8_SAW_1_LOWPOWER_BACKUP_STRUCT  OSC2_IDAC8_SAW_1_lowPowerBackup;
ARM GAS  C:\Users\214016~1\AppData\Local\Temp\ccWFLfM9.s 			page 2


  32:.\Generated_Source\PSoC5/OSC2_IDAC8_SAW_1.c **** #endif /* CY_PSOC5A */
  33:.\Generated_Source\PSoC5/OSC2_IDAC8_SAW_1.c **** 
  34:.\Generated_Source\PSoC5/OSC2_IDAC8_SAW_1.c **** /* Variable to decide whether or not to restore control register in Enable()
  35:.\Generated_Source\PSoC5/OSC2_IDAC8_SAW_1.c ****    API. This valid only for PSoC5A */
  36:.\Generated_Source\PSoC5/OSC2_IDAC8_SAW_1.c **** #if (CY_PSOC5A)
  37:.\Generated_Source\PSoC5/OSC2_IDAC8_SAW_1.c ****     static uint8 OSC2_IDAC8_SAW_1_restoreReg = 0u;
  38:.\Generated_Source\PSoC5/OSC2_IDAC8_SAW_1.c **** #endif /* CY_PSOC5A */
  39:.\Generated_Source\PSoC5/OSC2_IDAC8_SAW_1.c **** 
  40:.\Generated_Source\PSoC5/OSC2_IDAC8_SAW_1.c **** 
  41:.\Generated_Source\PSoC5/OSC2_IDAC8_SAW_1.c **** /*******************************************************************************
  42:.\Generated_Source\PSoC5/OSC2_IDAC8_SAW_1.c **** * Function Name: OSC2_IDAC8_SAW_1_Init
  43:.\Generated_Source\PSoC5/OSC2_IDAC8_SAW_1.c **** ********************************************************************************
  44:.\Generated_Source\PSoC5/OSC2_IDAC8_SAW_1.c **** * Summary:
  45:.\Generated_Source\PSoC5/OSC2_IDAC8_SAW_1.c **** *  Initialize to the schematic state.
  46:.\Generated_Source\PSoC5/OSC2_IDAC8_SAW_1.c **** * 
  47:.\Generated_Source\PSoC5/OSC2_IDAC8_SAW_1.c **** * Parameters:
  48:.\Generated_Source\PSoC5/OSC2_IDAC8_SAW_1.c **** *  void:
  49:.\Generated_Source\PSoC5/OSC2_IDAC8_SAW_1.c **** *
  50:.\Generated_Source\PSoC5/OSC2_IDAC8_SAW_1.c **** * Return:
  51:.\Generated_Source\PSoC5/OSC2_IDAC8_SAW_1.c **** *  (void)
  52:.\Generated_Source\PSoC5/OSC2_IDAC8_SAW_1.c **** *
  53:.\Generated_Source\PSoC5/OSC2_IDAC8_SAW_1.c **** * Theory:
  54:.\Generated_Source\PSoC5/OSC2_IDAC8_SAW_1.c **** *
  55:.\Generated_Source\PSoC5/OSC2_IDAC8_SAW_1.c **** * Side Effects:
  56:.\Generated_Source\PSoC5/OSC2_IDAC8_SAW_1.c **** *
  57:.\Generated_Source\PSoC5/OSC2_IDAC8_SAW_1.c **** *******************************************************************************/
  58:.\Generated_Source\PSoC5/OSC2_IDAC8_SAW_1.c **** void OSC2_IDAC8_SAW_1_Init(void) 
  59:.\Generated_Source\PSoC5/OSC2_IDAC8_SAW_1.c **** {
  60:.\Generated_Source\PSoC5/OSC2_IDAC8_SAW_1.c ****     OSC2_IDAC8_SAW_1_CR0 = (OSC2_IDAC8_SAW_1_MODE_I | OSC2_IDAC8_SAW_1_DEFAULT_RANGE );
  61:.\Generated_Source\PSoC5/OSC2_IDAC8_SAW_1.c **** 
  62:.\Generated_Source\PSoC5/OSC2_IDAC8_SAW_1.c ****     /* Set default data source */
  63:.\Generated_Source\PSoC5/OSC2_IDAC8_SAW_1.c ****     #if(OSC2_IDAC8_SAW_1_DEFAULT_DATA_SRC != 0u )    
  64:.\Generated_Source\PSoC5/OSC2_IDAC8_SAW_1.c ****         OSC2_IDAC8_SAW_1_CR1 = (OSC2_IDAC8_SAW_1_DEFAULT_CNTL | OSC2_IDAC8_SAW_1_DACBUS_ENABLE);
  65:.\Generated_Source\PSoC5/OSC2_IDAC8_SAW_1.c ****     #else
  66:.\Generated_Source\PSoC5/OSC2_IDAC8_SAW_1.c ****         OSC2_IDAC8_SAW_1_CR1 = (OSC2_IDAC8_SAW_1_DEFAULT_CNTL | OSC2_IDAC8_SAW_1_DACBUS_DISABLE);
  67:.\Generated_Source\PSoC5/OSC2_IDAC8_SAW_1.c ****     #endif /* (OSC2_IDAC8_SAW_1_DEFAULT_DATA_SRC != 0u ) */
  68:.\Generated_Source\PSoC5/OSC2_IDAC8_SAW_1.c ****     
  69:.\Generated_Source\PSoC5/OSC2_IDAC8_SAW_1.c ****     /*Controls polarity from UDB Control*/
  70:.\Generated_Source\PSoC5/OSC2_IDAC8_SAW_1.c ****     #if(OSC2_IDAC8_SAW_1_DEFAULT_POLARITY == OSC2_IDAC8_SAW_1_HARDWARE_CONTROLLED)
  71:.\Generated_Source\PSoC5/OSC2_IDAC8_SAW_1.c ****         OSC2_IDAC8_SAW_1_CR1 |= OSC2_IDAC8_SAW_1_IDIR_SRC_UDB;
  72:.\Generated_Source\PSoC5/OSC2_IDAC8_SAW_1.c ****     #else
  73:.\Generated_Source\PSoC5/OSC2_IDAC8_SAW_1.c ****         OSC2_IDAC8_SAW_1_CR1 |= OSC2_IDAC8_SAW_1_DEFAULT_POLARITY;
  74:.\Generated_Source\PSoC5/OSC2_IDAC8_SAW_1.c ****     #endif/* (OSC2_IDAC8_SAW_1_DEFAULT_POLARITY == OSC2_IDAC8_SAW_1_HARDWARE_CONTROLLED) */
  75:.\Generated_Source\PSoC5/OSC2_IDAC8_SAW_1.c ****     /*Controls Current Source from UDB Control*/
  76:.\Generated_Source\PSoC5/OSC2_IDAC8_SAW_1.c ****     #if(OSC2_IDAC8_SAW_1_HARDWARE_ENABLE != 0u ) 
  77:.\Generated_Source\PSoC5/OSC2_IDAC8_SAW_1.c ****         OSC2_IDAC8_SAW_1_CR1 |= OSC2_IDAC8_SAW_1_IDIR_CTL_UDB;
  78:.\Generated_Source\PSoC5/OSC2_IDAC8_SAW_1.c ****     #endif /* (OSC2_IDAC8_SAW_1_HARDWARE_ENABLE != 0u ) */ 
  79:.\Generated_Source\PSoC5/OSC2_IDAC8_SAW_1.c ****     
  80:.\Generated_Source\PSoC5/OSC2_IDAC8_SAW_1.c ****     /* Set default strobe mode */
  81:.\Generated_Source\PSoC5/OSC2_IDAC8_SAW_1.c ****     #if(OSC2_IDAC8_SAW_1_DEFAULT_STRB != 0u)
  82:.\Generated_Source\PSoC5/OSC2_IDAC8_SAW_1.c ****         OSC2_IDAC8_SAW_1_Strobe |= OSC2_IDAC8_SAW_1_STRB_EN;
  83:.\Generated_Source\PSoC5/OSC2_IDAC8_SAW_1.c ****     #endif /* (OSC2_IDAC8_SAW_1_DEFAULT_STRB != 0u) */
  84:.\Generated_Source\PSoC5/OSC2_IDAC8_SAW_1.c ****     
  85:.\Generated_Source\PSoC5/OSC2_IDAC8_SAW_1.c ****     /* Set default speed */
  86:.\Generated_Source\PSoC5/OSC2_IDAC8_SAW_1.c ****     OSC2_IDAC8_SAW_1_SetSpeed(OSC2_IDAC8_SAW_1_DEFAULT_SPEED);
  87:.\Generated_Source\PSoC5/OSC2_IDAC8_SAW_1.c ****     
  88:.\Generated_Source\PSoC5/OSC2_IDAC8_SAW_1.c ****     /* Set proper DAC trim */
ARM GAS  C:\Users\214016~1\AppData\Local\Temp\ccWFLfM9.s 			page 3


  89:.\Generated_Source\PSoC5/OSC2_IDAC8_SAW_1.c ****     OSC2_IDAC8_SAW_1_DacTrim();
  90:.\Generated_Source\PSoC5/OSC2_IDAC8_SAW_1.c ****     
  91:.\Generated_Source\PSoC5/OSC2_IDAC8_SAW_1.c **** }
  92:.\Generated_Source\PSoC5/OSC2_IDAC8_SAW_1.c **** 
  93:.\Generated_Source\PSoC5/OSC2_IDAC8_SAW_1.c **** 
  94:.\Generated_Source\PSoC5/OSC2_IDAC8_SAW_1.c **** /*******************************************************************************
  95:.\Generated_Source\PSoC5/OSC2_IDAC8_SAW_1.c **** * Function Name: OSC2_IDAC8_SAW_1_Enable
  96:.\Generated_Source\PSoC5/OSC2_IDAC8_SAW_1.c **** ********************************************************************************
  97:.\Generated_Source\PSoC5/OSC2_IDAC8_SAW_1.c **** * Summary:
  98:.\Generated_Source\PSoC5/OSC2_IDAC8_SAW_1.c **** *  Enable the IDAC8
  99:.\Generated_Source\PSoC5/OSC2_IDAC8_SAW_1.c **** * 
 100:.\Generated_Source\PSoC5/OSC2_IDAC8_SAW_1.c **** * Parameters:
 101:.\Generated_Source\PSoC5/OSC2_IDAC8_SAW_1.c **** *  void:
 102:.\Generated_Source\PSoC5/OSC2_IDAC8_SAW_1.c **** *
 103:.\Generated_Source\PSoC5/OSC2_IDAC8_SAW_1.c **** * Return:
 104:.\Generated_Source\PSoC5/OSC2_IDAC8_SAW_1.c **** *  (void)
 105:.\Generated_Source\PSoC5/OSC2_IDAC8_SAW_1.c **** *
 106:.\Generated_Source\PSoC5/OSC2_IDAC8_SAW_1.c **** * Theory:
 107:.\Generated_Source\PSoC5/OSC2_IDAC8_SAW_1.c **** *
 108:.\Generated_Source\PSoC5/OSC2_IDAC8_SAW_1.c **** * Side Effects:
 109:.\Generated_Source\PSoC5/OSC2_IDAC8_SAW_1.c **** *
 110:.\Generated_Source\PSoC5/OSC2_IDAC8_SAW_1.c **** *******************************************************************************/
 111:.\Generated_Source\PSoC5/OSC2_IDAC8_SAW_1.c **** void OSC2_IDAC8_SAW_1_Enable(void) 
 112:.\Generated_Source\PSoC5/OSC2_IDAC8_SAW_1.c **** {
  27              		.loc 1 112 0
  28              		.cfi_startproc
  29              		@ args = 0, pretend = 0, frame = 0
  30              		@ frame_needed = 0, uses_anonymous_args = 0
  31              		@ link register save eliminated.
 113:.\Generated_Source\PSoC5/OSC2_IDAC8_SAW_1.c ****     OSC2_IDAC8_SAW_1_PWRMGR |= OSC2_IDAC8_SAW_1_ACT_PWR_EN;
  32              		.loc 1 113 0
  33 0000 054A     		ldr	r2, .L2
  34 0002 1378     		ldrb	r3, [r2]	@ zero_extendqisi2
  35 0004 43F00203 		orr	r3, r3, #2
  36 0008 1370     		strb	r3, [r2]
 114:.\Generated_Source\PSoC5/OSC2_IDAC8_SAW_1.c ****     OSC2_IDAC8_SAW_1_STBY_PWRMGR |= OSC2_IDAC8_SAW_1_STBY_PWR_EN;
  37              		.loc 1 114 0
  38 000a 1032     		adds	r2, r2, #16
  39 000c 1378     		ldrb	r3, [r2]	@ zero_extendqisi2
  40 000e 43F00203 		orr	r3, r3, #2
  41 0012 1370     		strb	r3, [r2]
  42 0014 7047     		bx	lr
  43              	.L3:
  44 0016 00BF     		.align	2
  45              	.L2:
  46 0018 A8430040 		.word	1073759144
  47              		.cfi_endproc
  48              	.LFE1:
  49              		.size	OSC2_IDAC8_SAW_1_Enable, .-OSC2_IDAC8_SAW_1_Enable
  50              		.section	.text.OSC2_IDAC8_SAW_1_Stop,"ax",%progbits
  51              		.align	2
  52              		.global	OSC2_IDAC8_SAW_1_Stop
  53              		.thumb
  54              		.thumb_func
  55              		.type	OSC2_IDAC8_SAW_1_Stop, %function
  56              	OSC2_IDAC8_SAW_1_Stop:
  57              	.LFB3:
ARM GAS  C:\Users\214016~1\AppData\Local\Temp\ccWFLfM9.s 			page 4


 115:.\Generated_Source\PSoC5/OSC2_IDAC8_SAW_1.c **** 
 116:.\Generated_Source\PSoC5/OSC2_IDAC8_SAW_1.c ****     /* This is to restore the value of register CR0 which is saved 
 117:.\Generated_Source\PSoC5/OSC2_IDAC8_SAW_1.c ****       in prior to the modification in stop() API */
 118:.\Generated_Source\PSoC5/OSC2_IDAC8_SAW_1.c ****     #if (CY_PSOC5A)
 119:.\Generated_Source\PSoC5/OSC2_IDAC8_SAW_1.c ****         if(OSC2_IDAC8_SAW_1_restoreReg == 1u)
 120:.\Generated_Source\PSoC5/OSC2_IDAC8_SAW_1.c ****         {
 121:.\Generated_Source\PSoC5/OSC2_IDAC8_SAW_1.c ****             OSC2_IDAC8_SAW_1_CR0 = OSC2_IDAC8_SAW_1_lowPowerBackup.DACCR0Reg;
 122:.\Generated_Source\PSoC5/OSC2_IDAC8_SAW_1.c **** 
 123:.\Generated_Source\PSoC5/OSC2_IDAC8_SAW_1.c ****             /* Clear the flag */
 124:.\Generated_Source\PSoC5/OSC2_IDAC8_SAW_1.c ****             OSC2_IDAC8_SAW_1_restoreReg = 0u;
 125:.\Generated_Source\PSoC5/OSC2_IDAC8_SAW_1.c ****         }
 126:.\Generated_Source\PSoC5/OSC2_IDAC8_SAW_1.c ****     #endif /* CY_PSOC5A */
 127:.\Generated_Source\PSoC5/OSC2_IDAC8_SAW_1.c **** }
 128:.\Generated_Source\PSoC5/OSC2_IDAC8_SAW_1.c **** 
 129:.\Generated_Source\PSoC5/OSC2_IDAC8_SAW_1.c **** 
 130:.\Generated_Source\PSoC5/OSC2_IDAC8_SAW_1.c **** /*******************************************************************************
 131:.\Generated_Source\PSoC5/OSC2_IDAC8_SAW_1.c **** * Function Name: OSC2_IDAC8_SAW_1_Start
 132:.\Generated_Source\PSoC5/OSC2_IDAC8_SAW_1.c **** ********************************************************************************
 133:.\Generated_Source\PSoC5/OSC2_IDAC8_SAW_1.c **** * Summary:
 134:.\Generated_Source\PSoC5/OSC2_IDAC8_SAW_1.c **** *  Set power level then turn on IDAC8.
 135:.\Generated_Source\PSoC5/OSC2_IDAC8_SAW_1.c **** *
 136:.\Generated_Source\PSoC5/OSC2_IDAC8_SAW_1.c **** * Parameters:  
 137:.\Generated_Source\PSoC5/OSC2_IDAC8_SAW_1.c **** *  power: Sets power level between off (0) and (3) high power
 138:.\Generated_Source\PSoC5/OSC2_IDAC8_SAW_1.c **** *
 139:.\Generated_Source\PSoC5/OSC2_IDAC8_SAW_1.c **** * Return:
 140:.\Generated_Source\PSoC5/OSC2_IDAC8_SAW_1.c **** *  (void)
 141:.\Generated_Source\PSoC5/OSC2_IDAC8_SAW_1.c **** *
 142:.\Generated_Source\PSoC5/OSC2_IDAC8_SAW_1.c **** * Global variables:
 143:.\Generated_Source\PSoC5/OSC2_IDAC8_SAW_1.c **** *  OSC2_IDAC8_SAW_1_initVar: Is modified when this function is called for 
 144:.\Generated_Source\PSoC5/OSC2_IDAC8_SAW_1.c **** *   the first time. Is used to ensure that initialization happens only once.
 145:.\Generated_Source\PSoC5/OSC2_IDAC8_SAW_1.c **** *
 146:.\Generated_Source\PSoC5/OSC2_IDAC8_SAW_1.c **** *******************************************************************************/
 147:.\Generated_Source\PSoC5/OSC2_IDAC8_SAW_1.c **** void OSC2_IDAC8_SAW_1_Start(void) 
 148:.\Generated_Source\PSoC5/OSC2_IDAC8_SAW_1.c **** {
 149:.\Generated_Source\PSoC5/OSC2_IDAC8_SAW_1.c ****     /* Hardware initiazation only needs to occur the first time */
 150:.\Generated_Source\PSoC5/OSC2_IDAC8_SAW_1.c ****     if ( OSC2_IDAC8_SAW_1_initVar == 0u)  
 151:.\Generated_Source\PSoC5/OSC2_IDAC8_SAW_1.c ****     {
 152:.\Generated_Source\PSoC5/OSC2_IDAC8_SAW_1.c ****         OSC2_IDAC8_SAW_1_Init();
 153:.\Generated_Source\PSoC5/OSC2_IDAC8_SAW_1.c ****         
 154:.\Generated_Source\PSoC5/OSC2_IDAC8_SAW_1.c ****         OSC2_IDAC8_SAW_1_initVar = 1u;
 155:.\Generated_Source\PSoC5/OSC2_IDAC8_SAW_1.c ****     }
 156:.\Generated_Source\PSoC5/OSC2_IDAC8_SAW_1.c ****    
 157:.\Generated_Source\PSoC5/OSC2_IDAC8_SAW_1.c ****     /* Enable power to DAC */
 158:.\Generated_Source\PSoC5/OSC2_IDAC8_SAW_1.c ****     OSC2_IDAC8_SAW_1_Enable();
 159:.\Generated_Source\PSoC5/OSC2_IDAC8_SAW_1.c **** 
 160:.\Generated_Source\PSoC5/OSC2_IDAC8_SAW_1.c ****     /* Set default value */
 161:.\Generated_Source\PSoC5/OSC2_IDAC8_SAW_1.c ****     OSC2_IDAC8_SAW_1_SetValue(OSC2_IDAC8_SAW_1_DEFAULT_DATA);
 162:.\Generated_Source\PSoC5/OSC2_IDAC8_SAW_1.c **** 
 163:.\Generated_Source\PSoC5/OSC2_IDAC8_SAW_1.c **** }
 164:.\Generated_Source\PSoC5/OSC2_IDAC8_SAW_1.c **** 
 165:.\Generated_Source\PSoC5/OSC2_IDAC8_SAW_1.c **** 
 166:.\Generated_Source\PSoC5/OSC2_IDAC8_SAW_1.c **** /*******************************************************************************
 167:.\Generated_Source\PSoC5/OSC2_IDAC8_SAW_1.c **** * Function Name: OSC2_IDAC8_SAW_1_Stop
 168:.\Generated_Source\PSoC5/OSC2_IDAC8_SAW_1.c **** ********************************************************************************
 169:.\Generated_Source\PSoC5/OSC2_IDAC8_SAW_1.c **** * Summary:
 170:.\Generated_Source\PSoC5/OSC2_IDAC8_SAW_1.c **** *  Powers down IDAC8 to lowest power state.
 171:.\Generated_Source\PSoC5/OSC2_IDAC8_SAW_1.c **** *
ARM GAS  C:\Users\214016~1\AppData\Local\Temp\ccWFLfM9.s 			page 5


 172:.\Generated_Source\PSoC5/OSC2_IDAC8_SAW_1.c **** * Parameters:
 173:.\Generated_Source\PSoC5/OSC2_IDAC8_SAW_1.c **** *  (void)
 174:.\Generated_Source\PSoC5/OSC2_IDAC8_SAW_1.c **** *
 175:.\Generated_Source\PSoC5/OSC2_IDAC8_SAW_1.c **** * Return:
 176:.\Generated_Source\PSoC5/OSC2_IDAC8_SAW_1.c **** *  (void)
 177:.\Generated_Source\PSoC5/OSC2_IDAC8_SAW_1.c **** *
 178:.\Generated_Source\PSoC5/OSC2_IDAC8_SAW_1.c **** * Theory:
 179:.\Generated_Source\PSoC5/OSC2_IDAC8_SAW_1.c **** *
 180:.\Generated_Source\PSoC5/OSC2_IDAC8_SAW_1.c **** * Side Effects:
 181:.\Generated_Source\PSoC5/OSC2_IDAC8_SAW_1.c **** *
 182:.\Generated_Source\PSoC5/OSC2_IDAC8_SAW_1.c **** *******************************************************************************/
 183:.\Generated_Source\PSoC5/OSC2_IDAC8_SAW_1.c **** void OSC2_IDAC8_SAW_1_Stop(void) 
 184:.\Generated_Source\PSoC5/OSC2_IDAC8_SAW_1.c **** {
  58              		.loc 1 184 0
  59              		.cfi_startproc
  60              		@ args = 0, pretend = 0, frame = 0
  61              		@ frame_needed = 0, uses_anonymous_args = 0
  62              		@ link register save eliminated.
 185:.\Generated_Source\PSoC5/OSC2_IDAC8_SAW_1.c ****     /* Disble power to DAC */
 186:.\Generated_Source\PSoC5/OSC2_IDAC8_SAW_1.c ****     OSC2_IDAC8_SAW_1_PWRMGR &= (uint8)(~OSC2_IDAC8_SAW_1_ACT_PWR_EN);
  63              		.loc 1 186 0
  64 0000 054A     		ldr	r2, .L5
  65 0002 1378     		ldrb	r3, [r2]	@ zero_extendqisi2
  66 0004 03F0FD03 		and	r3, r3, #253
  67 0008 1370     		strb	r3, [r2]
 187:.\Generated_Source\PSoC5/OSC2_IDAC8_SAW_1.c ****     OSC2_IDAC8_SAW_1_STBY_PWRMGR &= (uint8)(~OSC2_IDAC8_SAW_1_STBY_PWR_EN);
  68              		.loc 1 187 0
  69 000a 1032     		adds	r2, r2, #16
  70 000c 1378     		ldrb	r3, [r2]	@ zero_extendqisi2
  71 000e 03F0FD03 		and	r3, r3, #253
  72 0012 1370     		strb	r3, [r2]
  73 0014 7047     		bx	lr
  74              	.L6:
  75 0016 00BF     		.align	2
  76              	.L5:
  77 0018 A8430040 		.word	1073759144
  78              		.cfi_endproc
  79              	.LFE3:
  80              		.size	OSC2_IDAC8_SAW_1_Stop, .-OSC2_IDAC8_SAW_1_Stop
  81              		.section	.text.OSC2_IDAC8_SAW_1_SetSpeed,"ax",%progbits
  82              		.align	2
  83              		.global	OSC2_IDAC8_SAW_1_SetSpeed
  84              		.thumb
  85              		.thumb_func
  86              		.type	OSC2_IDAC8_SAW_1_SetSpeed, %function
  87              	OSC2_IDAC8_SAW_1_SetSpeed:
  88              	.LFB4:
 188:.\Generated_Source\PSoC5/OSC2_IDAC8_SAW_1.c ****     
 189:.\Generated_Source\PSoC5/OSC2_IDAC8_SAW_1.c ****     #if (CY_PSOC5A)
 190:.\Generated_Source\PSoC5/OSC2_IDAC8_SAW_1.c ****     
 191:.\Generated_Source\PSoC5/OSC2_IDAC8_SAW_1.c ****         /* Set the global variable  */
 192:.\Generated_Source\PSoC5/OSC2_IDAC8_SAW_1.c ****         OSC2_IDAC8_SAW_1_restoreReg = 1u;
 193:.\Generated_Source\PSoC5/OSC2_IDAC8_SAW_1.c **** 
 194:.\Generated_Source\PSoC5/OSC2_IDAC8_SAW_1.c ****         /* Save the control register and then Clear it. */
 195:.\Generated_Source\PSoC5/OSC2_IDAC8_SAW_1.c ****         OSC2_IDAC8_SAW_1_lowPowerBackup.DACCR0Reg = OSC2_IDAC8_SAW_1_CR0;
 196:.\Generated_Source\PSoC5/OSC2_IDAC8_SAW_1.c ****         OSC2_IDAC8_SAW_1_CR0 = (OSC2_IDAC8_SAW_1_MODE_I | OSC2_IDAC8_SAW_1_RANGE_3 | OSC2_IDAC8_SAW
 197:.\Generated_Source\PSoC5/OSC2_IDAC8_SAW_1.c ****     #endif /* CY_PSOC5A */
ARM GAS  C:\Users\214016~1\AppData\Local\Temp\ccWFLfM9.s 			page 6


 198:.\Generated_Source\PSoC5/OSC2_IDAC8_SAW_1.c **** }
 199:.\Generated_Source\PSoC5/OSC2_IDAC8_SAW_1.c **** 
 200:.\Generated_Source\PSoC5/OSC2_IDAC8_SAW_1.c **** 
 201:.\Generated_Source\PSoC5/OSC2_IDAC8_SAW_1.c **** /*******************************************************************************
 202:.\Generated_Source\PSoC5/OSC2_IDAC8_SAW_1.c **** * Function Name: OSC2_IDAC8_SAW_1_SetSpeed
 203:.\Generated_Source\PSoC5/OSC2_IDAC8_SAW_1.c **** ********************************************************************************
 204:.\Generated_Source\PSoC5/OSC2_IDAC8_SAW_1.c **** * Summary:
 205:.\Generated_Source\PSoC5/OSC2_IDAC8_SAW_1.c **** *  Set DAC speed
 206:.\Generated_Source\PSoC5/OSC2_IDAC8_SAW_1.c **** *
 207:.\Generated_Source\PSoC5/OSC2_IDAC8_SAW_1.c **** * Parameters:
 208:.\Generated_Source\PSoC5/OSC2_IDAC8_SAW_1.c **** *  power: Sets speed value
 209:.\Generated_Source\PSoC5/OSC2_IDAC8_SAW_1.c **** *
 210:.\Generated_Source\PSoC5/OSC2_IDAC8_SAW_1.c **** * Return:
 211:.\Generated_Source\PSoC5/OSC2_IDAC8_SAW_1.c **** *  (void)
 212:.\Generated_Source\PSoC5/OSC2_IDAC8_SAW_1.c **** *
 213:.\Generated_Source\PSoC5/OSC2_IDAC8_SAW_1.c **** * Theory:
 214:.\Generated_Source\PSoC5/OSC2_IDAC8_SAW_1.c **** *
 215:.\Generated_Source\PSoC5/OSC2_IDAC8_SAW_1.c **** * Side Effects:
 216:.\Generated_Source\PSoC5/OSC2_IDAC8_SAW_1.c **** *
 217:.\Generated_Source\PSoC5/OSC2_IDAC8_SAW_1.c **** *******************************************************************************/
 218:.\Generated_Source\PSoC5/OSC2_IDAC8_SAW_1.c **** void OSC2_IDAC8_SAW_1_SetSpeed(uint8 speed) 
 219:.\Generated_Source\PSoC5/OSC2_IDAC8_SAW_1.c **** {
  89              		.loc 1 219 0
  90              		.cfi_startproc
  91              		@ args = 0, pretend = 0, frame = 0
  92              		@ frame_needed = 0, uses_anonymous_args = 0
  93              		@ link register save eliminated.
  94              	.LVL0:
 220:.\Generated_Source\PSoC5/OSC2_IDAC8_SAW_1.c ****     /* Clear power mask then write in new value */
 221:.\Generated_Source\PSoC5/OSC2_IDAC8_SAW_1.c ****     OSC2_IDAC8_SAW_1_CR0 &= (uint8)(~OSC2_IDAC8_SAW_1_HS_MASK);
  95              		.loc 1 221 0
  96 0000 054B     		ldr	r3, .L8
  97 0002 1A78     		ldrb	r2, [r3]	@ zero_extendqisi2
  98 0004 02F0FD02 		and	r2, r2, #253
  99 0008 1A70     		strb	r2, [r3]
 222:.\Generated_Source\PSoC5/OSC2_IDAC8_SAW_1.c ****     OSC2_IDAC8_SAW_1_CR0 |=  ( speed & OSC2_IDAC8_SAW_1_HS_MASK);
 100              		.loc 1 222 0
 101 000a 1A78     		ldrb	r2, [r3]	@ zero_extendqisi2
 102 000c 00F00200 		and	r0, r0, #2
 103              	.LVL1:
 104 0010 1043     		orrs	r0, r0, r2
 105 0012 1870     		strb	r0, [r3]
 106 0014 7047     		bx	lr
 107              	.L9:
 108 0016 00BF     		.align	2
 109              	.L8:
 110 0018 24580040 		.word	1073764388
 111              		.cfi_endproc
 112              	.LFE4:
 113              		.size	OSC2_IDAC8_SAW_1_SetSpeed, .-OSC2_IDAC8_SAW_1_SetSpeed
 114              		.section	.text.OSC2_IDAC8_SAW_1_SetValue,"ax",%progbits
 115              		.align	2
 116              		.global	OSC2_IDAC8_SAW_1_SetValue
 117              		.thumb
 118              		.thumb_func
 119              		.type	OSC2_IDAC8_SAW_1_SetValue, %function
 120              	OSC2_IDAC8_SAW_1_SetValue:
ARM GAS  C:\Users\214016~1\AppData\Local\Temp\ccWFLfM9.s 			page 7


 121              	.LFB6:
 223:.\Generated_Source\PSoC5/OSC2_IDAC8_SAW_1.c **** }
 224:.\Generated_Source\PSoC5/OSC2_IDAC8_SAW_1.c **** 
 225:.\Generated_Source\PSoC5/OSC2_IDAC8_SAW_1.c **** 
 226:.\Generated_Source\PSoC5/OSC2_IDAC8_SAW_1.c **** /*******************************************************************************
 227:.\Generated_Source\PSoC5/OSC2_IDAC8_SAW_1.c **** * Function Name: OSC2_IDAC8_SAW_1_SetPolarity
 228:.\Generated_Source\PSoC5/OSC2_IDAC8_SAW_1.c **** ********************************************************************************
 229:.\Generated_Source\PSoC5/OSC2_IDAC8_SAW_1.c **** * Summary:
 230:.\Generated_Source\PSoC5/OSC2_IDAC8_SAW_1.c **** *  Sets IDAC to Sink or Source current.
 231:.\Generated_Source\PSoC5/OSC2_IDAC8_SAW_1.c **** *  
 232:.\Generated_Source\PSoC5/OSC2_IDAC8_SAW_1.c **** * Parameters:
 233:.\Generated_Source\PSoC5/OSC2_IDAC8_SAW_1.c **** *  Polarity: Sets the IDAC to Sink or Source 
 234:.\Generated_Source\PSoC5/OSC2_IDAC8_SAW_1.c **** *  0x00 - Source
 235:.\Generated_Source\PSoC5/OSC2_IDAC8_SAW_1.c **** *  0x04 - Sink
 236:.\Generated_Source\PSoC5/OSC2_IDAC8_SAW_1.c **** *
 237:.\Generated_Source\PSoC5/OSC2_IDAC8_SAW_1.c **** * Return:
 238:.\Generated_Source\PSoC5/OSC2_IDAC8_SAW_1.c **** *  (void)
 239:.\Generated_Source\PSoC5/OSC2_IDAC8_SAW_1.c **** *
 240:.\Generated_Source\PSoC5/OSC2_IDAC8_SAW_1.c **** * Theory:
 241:.\Generated_Source\PSoC5/OSC2_IDAC8_SAW_1.c **** *
 242:.\Generated_Source\PSoC5/OSC2_IDAC8_SAW_1.c **** * Side Effects:
 243:.\Generated_Source\PSoC5/OSC2_IDAC8_SAW_1.c **** *
 244:.\Generated_Source\PSoC5/OSC2_IDAC8_SAW_1.c **** *******************************************************************************/
 245:.\Generated_Source\PSoC5/OSC2_IDAC8_SAW_1.c **** #if(OSC2_IDAC8_SAW_1_DEFAULT_POLARITY != OSC2_IDAC8_SAW_1_HARDWARE_CONTROLLED)
 246:.\Generated_Source\PSoC5/OSC2_IDAC8_SAW_1.c ****     void OSC2_IDAC8_SAW_1_SetPolarity(uint8 polarity) 
 247:.\Generated_Source\PSoC5/OSC2_IDAC8_SAW_1.c ****     {
 248:.\Generated_Source\PSoC5/OSC2_IDAC8_SAW_1.c ****         OSC2_IDAC8_SAW_1_CR1 &= (uint8)(~OSC2_IDAC8_SAW_1_IDIR_MASK);                /* clear polar
 249:.\Generated_Source\PSoC5/OSC2_IDAC8_SAW_1.c ****         OSC2_IDAC8_SAW_1_CR1 |= (polarity & OSC2_IDAC8_SAW_1_IDIR_MASK);             /* set new val
 250:.\Generated_Source\PSoC5/OSC2_IDAC8_SAW_1.c ****     
 251:.\Generated_Source\PSoC5/OSC2_IDAC8_SAW_1.c ****         OSC2_IDAC8_SAW_1_DacTrim();
 252:.\Generated_Source\PSoC5/OSC2_IDAC8_SAW_1.c ****     }
 253:.\Generated_Source\PSoC5/OSC2_IDAC8_SAW_1.c **** #endif/*(OSC2_IDAC8_SAW_1_DEFAULT_POLARITY != OSC2_IDAC8_SAW_1_HARDWARE_CONTROLLED)*/
 254:.\Generated_Source\PSoC5/OSC2_IDAC8_SAW_1.c **** 
 255:.\Generated_Source\PSoC5/OSC2_IDAC8_SAW_1.c **** 
 256:.\Generated_Source\PSoC5/OSC2_IDAC8_SAW_1.c **** /*******************************************************************************
 257:.\Generated_Source\PSoC5/OSC2_IDAC8_SAW_1.c **** * Function Name: OSC2_IDAC8_SAW_1_SetRange
 258:.\Generated_Source\PSoC5/OSC2_IDAC8_SAW_1.c **** ********************************************************************************
 259:.\Generated_Source\PSoC5/OSC2_IDAC8_SAW_1.c **** * Summary:
 260:.\Generated_Source\PSoC5/OSC2_IDAC8_SAW_1.c **** *  Set current range
 261:.\Generated_Source\PSoC5/OSC2_IDAC8_SAW_1.c **** *
 262:.\Generated_Source\PSoC5/OSC2_IDAC8_SAW_1.c **** * Parameters:
 263:.\Generated_Source\PSoC5/OSC2_IDAC8_SAW_1.c **** *  Range: Sets on of four valid ranges.
 264:.\Generated_Source\PSoC5/OSC2_IDAC8_SAW_1.c **** *
 265:.\Generated_Source\PSoC5/OSC2_IDAC8_SAW_1.c **** * Return:
 266:.\Generated_Source\PSoC5/OSC2_IDAC8_SAW_1.c **** *  (void)
 267:.\Generated_Source\PSoC5/OSC2_IDAC8_SAW_1.c **** *
 268:.\Generated_Source\PSoC5/OSC2_IDAC8_SAW_1.c **** * Theory:
 269:.\Generated_Source\PSoC5/OSC2_IDAC8_SAW_1.c **** *
 270:.\Generated_Source\PSoC5/OSC2_IDAC8_SAW_1.c **** * Side Effects:
 271:.\Generated_Source\PSoC5/OSC2_IDAC8_SAW_1.c **** *
 272:.\Generated_Source\PSoC5/OSC2_IDAC8_SAW_1.c **** *******************************************************************************/
 273:.\Generated_Source\PSoC5/OSC2_IDAC8_SAW_1.c **** void OSC2_IDAC8_SAW_1_SetRange(uint8 range) 
 274:.\Generated_Source\PSoC5/OSC2_IDAC8_SAW_1.c **** {
 275:.\Generated_Source\PSoC5/OSC2_IDAC8_SAW_1.c ****     OSC2_IDAC8_SAW_1_CR0 &= (uint8)(~OSC2_IDAC8_SAW_1_RANGE_MASK);       /* Clear existing mode */
 276:.\Generated_Source\PSoC5/OSC2_IDAC8_SAW_1.c ****     OSC2_IDAC8_SAW_1_CR0 |= ( range & OSC2_IDAC8_SAW_1_RANGE_MASK );     /*  Set Range  */
 277:.\Generated_Source\PSoC5/OSC2_IDAC8_SAW_1.c ****     OSC2_IDAC8_SAW_1_DacTrim();
 278:.\Generated_Source\PSoC5/OSC2_IDAC8_SAW_1.c **** }
ARM GAS  C:\Users\214016~1\AppData\Local\Temp\ccWFLfM9.s 			page 8


 279:.\Generated_Source\PSoC5/OSC2_IDAC8_SAW_1.c **** 
 280:.\Generated_Source\PSoC5/OSC2_IDAC8_SAW_1.c **** 
 281:.\Generated_Source\PSoC5/OSC2_IDAC8_SAW_1.c **** /*******************************************************************************
 282:.\Generated_Source\PSoC5/OSC2_IDAC8_SAW_1.c **** * Function Name: OSC2_IDAC8_SAW_1_SetValue
 283:.\Generated_Source\PSoC5/OSC2_IDAC8_SAW_1.c **** ********************************************************************************
 284:.\Generated_Source\PSoC5/OSC2_IDAC8_SAW_1.c **** * Summary:
 285:.\Generated_Source\PSoC5/OSC2_IDAC8_SAW_1.c **** *  Set DAC value
 286:.\Generated_Source\PSoC5/OSC2_IDAC8_SAW_1.c **** *
 287:.\Generated_Source\PSoC5/OSC2_IDAC8_SAW_1.c **** * Parameters:
 288:.\Generated_Source\PSoC5/OSC2_IDAC8_SAW_1.c **** *  value: Sets DAC value between 0 and 255.
 289:.\Generated_Source\PSoC5/OSC2_IDAC8_SAW_1.c **** *
 290:.\Generated_Source\PSoC5/OSC2_IDAC8_SAW_1.c **** * Return:
 291:.\Generated_Source\PSoC5/OSC2_IDAC8_SAW_1.c **** *  (void)
 292:.\Generated_Source\PSoC5/OSC2_IDAC8_SAW_1.c **** *
 293:.\Generated_Source\PSoC5/OSC2_IDAC8_SAW_1.c **** * Theory:
 294:.\Generated_Source\PSoC5/OSC2_IDAC8_SAW_1.c **** *
 295:.\Generated_Source\PSoC5/OSC2_IDAC8_SAW_1.c **** * Side Effects:
 296:.\Generated_Source\PSoC5/OSC2_IDAC8_SAW_1.c **** *
 297:.\Generated_Source\PSoC5/OSC2_IDAC8_SAW_1.c **** *******************************************************************************/
 298:.\Generated_Source\PSoC5/OSC2_IDAC8_SAW_1.c **** void OSC2_IDAC8_SAW_1_SetValue(uint8 value) 
 299:.\Generated_Source\PSoC5/OSC2_IDAC8_SAW_1.c **** {
 122              		.loc 1 299 0
 123              		.cfi_startproc
 124              		@ args = 0, pretend = 0, frame = 0
 125              		@ frame_needed = 0, uses_anonymous_args = 0
 126              		@ link register save eliminated.
 127              	.LVL2:
 300:.\Generated_Source\PSoC5/OSC2_IDAC8_SAW_1.c **** 
 301:.\Generated_Source\PSoC5/OSC2_IDAC8_SAW_1.c ****     #if (CY_PSOC5A)
 302:.\Generated_Source\PSoC5/OSC2_IDAC8_SAW_1.c ****         uint8 OSC2_IDAC8_SAW_1_intrStatus = CyEnterCriticalSection();
 303:.\Generated_Source\PSoC5/OSC2_IDAC8_SAW_1.c ****     #endif /* CY_PSOC5A */
 304:.\Generated_Source\PSoC5/OSC2_IDAC8_SAW_1.c **** 
 305:.\Generated_Source\PSoC5/OSC2_IDAC8_SAW_1.c ****     OSC2_IDAC8_SAW_1_Data = value;         /*  Set Value  */
 128              		.loc 1 305 0
 129 0000 014B     		ldr	r3, .L11
 130 0002 1870     		strb	r0, [r3]
 131 0004 7047     		bx	lr
 132              	.L12:
 133 0006 00BF     		.align	2
 134              	.L11:
 135 0008 815B0040 		.word	1073765249
 136              		.cfi_endproc
 137              	.LFE6:
 138              		.size	OSC2_IDAC8_SAW_1_SetValue, .-OSC2_IDAC8_SAW_1_SetValue
 139              		.section	.text.OSC2_IDAC8_SAW_1_DacTrim,"ax",%progbits
 140              		.align	2
 141              		.global	OSC2_IDAC8_SAW_1_DacTrim
 142              		.thumb
 143              		.thumb_func
 144              		.type	OSC2_IDAC8_SAW_1_DacTrim, %function
 145              	OSC2_IDAC8_SAW_1_DacTrim:
 146              	.LFB7:
 306:.\Generated_Source\PSoC5/OSC2_IDAC8_SAW_1.c ****     
 307:.\Generated_Source\PSoC5/OSC2_IDAC8_SAW_1.c ****     /* PSOC5A silicons require a double write */
 308:.\Generated_Source\PSoC5/OSC2_IDAC8_SAW_1.c ****     #if (CY_PSOC5A)
 309:.\Generated_Source\PSoC5/OSC2_IDAC8_SAW_1.c ****         OSC2_IDAC8_SAW_1_Data = value;
 310:.\Generated_Source\PSoC5/OSC2_IDAC8_SAW_1.c ****         CyExitCriticalSection(OSC2_IDAC8_SAW_1_intrStatus);
ARM GAS  C:\Users\214016~1\AppData\Local\Temp\ccWFLfM9.s 			page 9


 311:.\Generated_Source\PSoC5/OSC2_IDAC8_SAW_1.c ****     #endif /* CY_PSOC5A */
 312:.\Generated_Source\PSoC5/OSC2_IDAC8_SAW_1.c **** }
 313:.\Generated_Source\PSoC5/OSC2_IDAC8_SAW_1.c **** 
 314:.\Generated_Source\PSoC5/OSC2_IDAC8_SAW_1.c **** 
 315:.\Generated_Source\PSoC5/OSC2_IDAC8_SAW_1.c **** /*******************************************************************************
 316:.\Generated_Source\PSoC5/OSC2_IDAC8_SAW_1.c **** * Function Name: OSC2_IDAC8_SAW_1_DacTrim
 317:.\Generated_Source\PSoC5/OSC2_IDAC8_SAW_1.c **** ********************************************************************************
 318:.\Generated_Source\PSoC5/OSC2_IDAC8_SAW_1.c **** * Summary:
 319:.\Generated_Source\PSoC5/OSC2_IDAC8_SAW_1.c **** *  Set the trim value for the given range.
 320:.\Generated_Source\PSoC5/OSC2_IDAC8_SAW_1.c **** *
 321:.\Generated_Source\PSoC5/OSC2_IDAC8_SAW_1.c **** * Parameters:
 322:.\Generated_Source\PSoC5/OSC2_IDAC8_SAW_1.c **** *  None
 323:.\Generated_Source\PSoC5/OSC2_IDAC8_SAW_1.c **** *
 324:.\Generated_Source\PSoC5/OSC2_IDAC8_SAW_1.c **** * Return:
 325:.\Generated_Source\PSoC5/OSC2_IDAC8_SAW_1.c **** *  (void) 
 326:.\Generated_Source\PSoC5/OSC2_IDAC8_SAW_1.c **** *
 327:.\Generated_Source\PSoC5/OSC2_IDAC8_SAW_1.c **** * Theory:
 328:.\Generated_Source\PSoC5/OSC2_IDAC8_SAW_1.c **** *  Trim values for the IDAC blocks are stored in the "Customer Table" area in 
 329:.\Generated_Source\PSoC5/OSC2_IDAC8_SAW_1.c **** *  Row 1 of the Hidden Flash.  There are 8 bytes of trim data for each 
 330:.\Generated_Source\PSoC5/OSC2_IDAC8_SAW_1.c **** *  IDAC block.
 331:.\Generated_Source\PSoC5/OSC2_IDAC8_SAW_1.c **** *  The values are:
 332:.\Generated_Source\PSoC5/OSC2_IDAC8_SAW_1.c **** *       I Gain offset, min range, Sourcing
 333:.\Generated_Source\PSoC5/OSC2_IDAC8_SAW_1.c **** *       I Gain offset, min range, Sinking
 334:.\Generated_Source\PSoC5/OSC2_IDAC8_SAW_1.c **** *       I Gain offset, med range, Sourcing
 335:.\Generated_Source\PSoC5/OSC2_IDAC8_SAW_1.c **** *       I Gain offset, med range, Sinking
 336:.\Generated_Source\PSoC5/OSC2_IDAC8_SAW_1.c **** *       I Gain offset, max range, Sourcing
 337:.\Generated_Source\PSoC5/OSC2_IDAC8_SAW_1.c **** *       I Gain offset, max range, Sinking
 338:.\Generated_Source\PSoC5/OSC2_IDAC8_SAW_1.c **** *       V Gain offset, 1V range
 339:.\Generated_Source\PSoC5/OSC2_IDAC8_SAW_1.c **** *       V Gain offset, 4V range
 340:.\Generated_Source\PSoC5/OSC2_IDAC8_SAW_1.c **** *
 341:.\Generated_Source\PSoC5/OSC2_IDAC8_SAW_1.c **** * Side Effects:
 342:.\Generated_Source\PSoC5/OSC2_IDAC8_SAW_1.c **** *
 343:.\Generated_Source\PSoC5/OSC2_IDAC8_SAW_1.c **** *******************************************************************************/
 344:.\Generated_Source\PSoC5/OSC2_IDAC8_SAW_1.c **** void OSC2_IDAC8_SAW_1_DacTrim(void) 
 345:.\Generated_Source\PSoC5/OSC2_IDAC8_SAW_1.c **** {
 147              		.loc 1 345 0
 148              		.cfi_startproc
 149              		@ args = 0, pretend = 0, frame = 0
 150              		@ frame_needed = 0, uses_anonymous_args = 0
 151              		@ link register save eliminated.
 346:.\Generated_Source\PSoC5/OSC2_IDAC8_SAW_1.c ****     uint8 mode;
 347:.\Generated_Source\PSoC5/OSC2_IDAC8_SAW_1.c **** 
 348:.\Generated_Source\PSoC5/OSC2_IDAC8_SAW_1.c ****     mode = ((OSC2_IDAC8_SAW_1_CR0 & OSC2_IDAC8_SAW_1_RANGE_MASK) >> 1u);
 152              		.loc 1 348 0
 153 0000 094B     		ldr	r3, .L15
 154 0002 1B78     		ldrb	r3, [r3]	@ zero_extendqisi2
 155 0004 03F00C03 		and	r3, r3, #12
 156 0008 5B08     		lsrs	r3, r3, #1
 157              	.LVL3:
 349:.\Generated_Source\PSoC5/OSC2_IDAC8_SAW_1.c ****     
 350:.\Generated_Source\PSoC5/OSC2_IDAC8_SAW_1.c ****     if((OSC2_IDAC8_SAW_1_IDIR_MASK & OSC2_IDAC8_SAW_1_CR1) == OSC2_IDAC8_SAW_1_IDIR_SINK)
 158              		.loc 1 350 0
 159 000a 084A     		ldr	r2, .L15+4
 160 000c 1278     		ldrb	r2, [r2]	@ zero_extendqisi2
 161 000e 12F0040F 		tst	r2, #4
 162 0012 00D0     		beq	.L14
 351:.\Generated_Source\PSoC5/OSC2_IDAC8_SAW_1.c ****     {
ARM GAS  C:\Users\214016~1\AppData\Local\Temp\ccWFLfM9.s 			page 10


 352:.\Generated_Source\PSoC5/OSC2_IDAC8_SAW_1.c ****         mode++;
 163              		.loc 1 352 0
 164 0014 0133     		adds	r3, r3, #1
 165              	.LVL4:
 166              	.L14:
 353:.\Generated_Source\PSoC5/OSC2_IDAC8_SAW_1.c ****     }
 354:.\Generated_Source\PSoC5/OSC2_IDAC8_SAW_1.c **** 
 355:.\Generated_Source\PSoC5/OSC2_IDAC8_SAW_1.c ****     OSC2_IDAC8_SAW_1_TR = CY_GET_XTND_REG8((uint8 *)(OSC2_IDAC8_SAW_1_DAC_TRIM_BASE + mode));
 167              		.loc 1 355 0
 168 0016 03F19243 		add	r3, r3, #1224736768
 169              	.LVL5:
 170 001a 93F83031 		ldrb	r3, [r3, #304]	@ zero_extendqisi2
 171 001e DBB2     		uxtb	r3, r3
 172 0020 034A     		ldr	r2, .L15+8
 173 0022 1370     		strb	r3, [r2]
 174 0024 7047     		bx	lr
 175              	.L16:
 176 0026 00BF     		.align	2
 177              	.L15:
 178 0028 24580040 		.word	1073764388
 179 002c 25580040 		.word	1073764389
 180 0030 09460040 		.word	1073759753
 181              		.cfi_endproc
 182              	.LFE7:
 183              		.size	OSC2_IDAC8_SAW_1_DacTrim, .-OSC2_IDAC8_SAW_1_DacTrim
 184              		.section	.text.OSC2_IDAC8_SAW_1_Init,"ax",%progbits
 185              		.align	2
 186              		.global	OSC2_IDAC8_SAW_1_Init
 187              		.thumb
 188              		.thumb_func
 189              		.type	OSC2_IDAC8_SAW_1_Init, %function
 190              	OSC2_IDAC8_SAW_1_Init:
 191              	.LFB0:
  59:.\Generated_Source\PSoC5/OSC2_IDAC8_SAW_1.c ****     OSC2_IDAC8_SAW_1_CR0 = (OSC2_IDAC8_SAW_1_MODE_I | OSC2_IDAC8_SAW_1_DEFAULT_RANGE );
 192              		.loc 1 59 0
 193              		.cfi_startproc
 194              		@ args = 0, pretend = 0, frame = 0
 195              		@ frame_needed = 0, uses_anonymous_args = 0
 196 0000 08B5     		push	{r3, lr}
 197              		.cfi_def_cfa_offset 8
 198              		.cfi_offset 3, -8
 199              		.cfi_offset 14, -4
  60:.\Generated_Source\PSoC5/OSC2_IDAC8_SAW_1.c **** 
 200              		.loc 1 60 0
 201 0002 1822     		movs	r2, #24
 202 0004 064B     		ldr	r3, .L19
 203 0006 1A70     		strb	r2, [r3]
  66:.\Generated_Source\PSoC5/OSC2_IDAC8_SAW_1.c ****     #endif /* (OSC2_IDAC8_SAW_1_DEFAULT_DATA_SRC != 0u ) */
 204              		.loc 1 66 0
 205 0008 0133     		adds	r3, r3, #1
 206 000a 0020     		movs	r0, #0
 207 000c 1870     		strb	r0, [r3]
  71:.\Generated_Source\PSoC5/OSC2_IDAC8_SAW_1.c ****     #else
 208              		.loc 1 71 0
 209 000e 1A78     		ldrb	r2, [r3]	@ zero_extendqisi2
 210 0010 42F00802 		orr	r2, r2, #8
 211 0014 1A70     		strb	r2, [r3]
ARM GAS  C:\Users\214016~1\AppData\Local\Temp\ccWFLfM9.s 			page 11


  86:.\Generated_Source\PSoC5/OSC2_IDAC8_SAW_1.c ****     
 212              		.loc 1 86 0
 213 0016 FFF7FEFF 		bl	OSC2_IDAC8_SAW_1_SetSpeed
 214              	.LVL6:
  89:.\Generated_Source\PSoC5/OSC2_IDAC8_SAW_1.c ****     
 215              		.loc 1 89 0
 216 001a FFF7FEFF 		bl	OSC2_IDAC8_SAW_1_DacTrim
 217              	.LVL7:
 218 001e 08BD     		pop	{r3, pc}
 219              	.L20:
 220              		.align	2
 221              	.L19:
 222 0020 24580040 		.word	1073764388
 223              		.cfi_endproc
 224              	.LFE0:
 225              		.size	OSC2_IDAC8_SAW_1_Init, .-OSC2_IDAC8_SAW_1_Init
 226              		.section	.text.OSC2_IDAC8_SAW_1_Start,"ax",%progbits
 227              		.align	2
 228              		.global	OSC2_IDAC8_SAW_1_Start
 229              		.thumb
 230              		.thumb_func
 231              		.type	OSC2_IDAC8_SAW_1_Start, %function
 232              	OSC2_IDAC8_SAW_1_Start:
 233              	.LFB2:
 148:.\Generated_Source\PSoC5/OSC2_IDAC8_SAW_1.c ****     /* Hardware initiazation only needs to occur the first time */
 234              		.loc 1 148 0
 235              		.cfi_startproc
 236              		@ args = 0, pretend = 0, frame = 0
 237              		@ frame_needed = 0, uses_anonymous_args = 0
 238 0000 08B5     		push	{r3, lr}
 239              		.cfi_def_cfa_offset 8
 240              		.cfi_offset 3, -8
 241              		.cfi_offset 14, -4
 150:.\Generated_Source\PSoC5/OSC2_IDAC8_SAW_1.c ****     {
 242              		.loc 1 150 0
 243 0002 074B     		ldr	r3, .L24
 244 0004 1B78     		ldrb	r3, [r3]	@ zero_extendqisi2
 245 0006 23B9     		cbnz	r3, .L22
 152:.\Generated_Source\PSoC5/OSC2_IDAC8_SAW_1.c ****         
 246              		.loc 1 152 0
 247 0008 FFF7FEFF 		bl	OSC2_IDAC8_SAW_1_Init
 248              	.LVL8:
 154:.\Generated_Source\PSoC5/OSC2_IDAC8_SAW_1.c ****     }
 249              		.loc 1 154 0
 250 000c 0122     		movs	r2, #1
 251 000e 044B     		ldr	r3, .L24
 252 0010 1A70     		strb	r2, [r3]
 253              	.L22:
 158:.\Generated_Source\PSoC5/OSC2_IDAC8_SAW_1.c **** 
 254              		.loc 1 158 0
 255 0012 FFF7FEFF 		bl	OSC2_IDAC8_SAW_1_Enable
 256              	.LVL9:
 161:.\Generated_Source\PSoC5/OSC2_IDAC8_SAW_1.c **** 
 257              		.loc 1 161 0
 258 0016 7820     		movs	r0, #120
 259 0018 FFF7FEFF 		bl	OSC2_IDAC8_SAW_1_SetValue
 260              	.LVL10:
ARM GAS  C:\Users\214016~1\AppData\Local\Temp\ccWFLfM9.s 			page 12


 261 001c 08BD     		pop	{r3, pc}
 262              	.L25:
 263 001e 00BF     		.align	2
 264              	.L24:
 265 0020 00000000 		.word	.LANCHOR0
 266              		.cfi_endproc
 267              	.LFE2:
 268              		.size	OSC2_IDAC8_SAW_1_Start, .-OSC2_IDAC8_SAW_1_Start
 269              		.section	.text.OSC2_IDAC8_SAW_1_SetRange,"ax",%progbits
 270              		.align	2
 271              		.global	OSC2_IDAC8_SAW_1_SetRange
 272              		.thumb
 273              		.thumb_func
 274              		.type	OSC2_IDAC8_SAW_1_SetRange, %function
 275              	OSC2_IDAC8_SAW_1_SetRange:
 276              	.LFB5:
 274:.\Generated_Source\PSoC5/OSC2_IDAC8_SAW_1.c ****     OSC2_IDAC8_SAW_1_CR0 &= (uint8)(~OSC2_IDAC8_SAW_1_RANGE_MASK);       /* Clear existing mode */
 277              		.loc 1 274 0
 278              		.cfi_startproc
 279              		@ args = 0, pretend = 0, frame = 0
 280              		@ frame_needed = 0, uses_anonymous_args = 0
 281              	.LVL11:
 282 0000 08B5     		push	{r3, lr}
 283              		.cfi_def_cfa_offset 8
 284              		.cfi_offset 3, -8
 285              		.cfi_offset 14, -4
 275:.\Generated_Source\PSoC5/OSC2_IDAC8_SAW_1.c ****     OSC2_IDAC8_SAW_1_CR0 |= ( range & OSC2_IDAC8_SAW_1_RANGE_MASK );     /*  Set Range  */
 286              		.loc 1 275 0
 287 0002 064B     		ldr	r3, .L28
 288 0004 1A78     		ldrb	r2, [r3]	@ zero_extendqisi2
 289 0006 02F0F302 		and	r2, r2, #243
 290 000a 1A70     		strb	r2, [r3]
 276:.\Generated_Source\PSoC5/OSC2_IDAC8_SAW_1.c ****     OSC2_IDAC8_SAW_1_DacTrim();
 291              		.loc 1 276 0
 292 000c 1A78     		ldrb	r2, [r3]	@ zero_extendqisi2
 293 000e 00F00C00 		and	r0, r0, #12
 294              	.LVL12:
 295 0012 1043     		orrs	r0, r0, r2
 296 0014 1870     		strb	r0, [r3]
 277:.\Generated_Source\PSoC5/OSC2_IDAC8_SAW_1.c **** }
 297              		.loc 1 277 0
 298 0016 FFF7FEFF 		bl	OSC2_IDAC8_SAW_1_DacTrim
 299              	.LVL13:
 300 001a 08BD     		pop	{r3, pc}
 301              	.L29:
 302              		.align	2
 303              	.L28:
 304 001c 24580040 		.word	1073764388
 305              		.cfi_endproc
 306              	.LFE5:
 307              		.size	OSC2_IDAC8_SAW_1_SetRange, .-OSC2_IDAC8_SAW_1_SetRange
 308              		.global	OSC2_IDAC8_SAW_1_initVar
 309              		.bss
 310              		.set	.LANCHOR0,. + 0
 311              		.type	OSC2_IDAC8_SAW_1_initVar, %object
 312              		.size	OSC2_IDAC8_SAW_1_initVar, 1
 313              	OSC2_IDAC8_SAW_1_initVar:
ARM GAS  C:\Users\214016~1\AppData\Local\Temp\ccWFLfM9.s 			page 13


 314 0000 00       		.space	1
 315              		.text
 316              	.Letext0:
 317              		.file 2 ".\\Generated_Source\\PSoC5\\cytypes.h"
 318              		.section	.debug_info,"",%progbits
 319              	.Ldebug_info0:
 320 0000 D8010000 		.4byte	0x1d8
 321 0004 0400     		.2byte	0x4
 322 0006 00000000 		.4byte	.Ldebug_abbrev0
 323 000a 04       		.byte	0x4
 324 000b 01       		.uleb128 0x1
 325 000c 10010000 		.4byte	.LASF25
 326 0010 01       		.byte	0x1
 327 0011 50000000 		.4byte	.LASF26
 328 0015 9E010000 		.4byte	.LASF27
 329 0019 00000000 		.4byte	.Ldebug_ranges0+0
 330 001d 00000000 		.4byte	0
 331 0021 00000000 		.4byte	.Ldebug_line0
 332 0025 02       		.uleb128 0x2
 333 0026 01       		.byte	0x1
 334 0027 06       		.byte	0x6
 335 0028 75020000 		.4byte	.LASF0
 336 002c 02       		.uleb128 0x2
 337 002d 01       		.byte	0x1
 338 002e 08       		.byte	0x8
 339 002f 9C000000 		.4byte	.LASF1
 340 0033 02       		.uleb128 0x2
 341 0034 02       		.byte	0x2
 342 0035 05       		.byte	0x5
 343 0036 5C020000 		.4byte	.LASF2
 344 003a 02       		.uleb128 0x2
 345 003b 02       		.byte	0x2
 346 003c 07       		.byte	0x7
 347 003d DA000000 		.4byte	.LASF3
 348 0041 02       		.uleb128 0x2
 349 0042 04       		.byte	0x4
 350 0043 05       		.byte	0x5
 351 0044 6C020000 		.4byte	.LASF4
 352 0048 02       		.uleb128 0x2
 353 0049 04       		.byte	0x4
 354 004a 07       		.byte	0x7
 355 004b AF000000 		.4byte	.LASF5
 356 004f 02       		.uleb128 0x2
 357 0050 08       		.byte	0x8
 358 0051 05       		.byte	0x5
 359 0052 33020000 		.4byte	.LASF6
 360 0056 02       		.uleb128 0x2
 361 0057 08       		.byte	0x8
 362 0058 07       		.byte	0x7
 363 0059 F7010000 		.4byte	.LASF7
 364 005d 03       		.uleb128 0x3
 365 005e 04       		.byte	0x4
 366 005f 05       		.byte	0x5
 367 0060 696E7400 		.ascii	"int\000"
 368 0064 02       		.uleb128 0x2
 369 0065 04       		.byte	0x4
 370 0066 07       		.byte	0x7
ARM GAS  C:\Users\214016~1\AppData\Local\Temp\ccWFLfM9.s 			page 14


 371 0067 EA010000 		.4byte	.LASF8
 372 006b 04       		.uleb128 0x4
 373 006c 66020000 		.4byte	.LASF12
 374 0070 02       		.byte	0x2
 375 0071 3801     		.2byte	0x138
 376 0073 2C000000 		.4byte	0x2c
 377 0077 02       		.uleb128 0x2
 378 0078 04       		.byte	0x4
 379 0079 04       		.byte	0x4
 380 007a 7C000000 		.4byte	.LASF9
 381 007e 02       		.uleb128 0x2
 382 007f 08       		.byte	0x8
 383 0080 04       		.byte	0x4
 384 0081 09010000 		.4byte	.LASF10
 385 0085 02       		.uleb128 0x2
 386 0086 01       		.byte	0x1
 387 0087 08       		.byte	0x8
 388 0088 57020000 		.4byte	.LASF11
 389 008c 04       		.uleb128 0x4
 390 008d AA000000 		.4byte	.LASF13
 391 0091 02       		.byte	0x2
 392 0092 E201     		.2byte	0x1e2
 393 0094 98000000 		.4byte	0x98
 394 0098 05       		.uleb128 0x5
 395 0099 6B000000 		.4byte	0x6b
 396 009d 06       		.uleb128 0x6
 397 009e 81020000 		.4byte	.LASF14
 398 00a2 01       		.byte	0x1
 399 00a3 6F       		.byte	0x6f
 400 00a4 00000000 		.4byte	.LFB1
 401 00a8 1C000000 		.4byte	.LFE1-.LFB1
 402 00ac 01       		.uleb128 0x1
 403 00ad 9C       		.byte	0x9c
 404 00ae 06       		.uleb128 0x6
 405 00af 41020000 		.4byte	.LASF15
 406 00b3 01       		.byte	0x1
 407 00b4 B7       		.byte	0xb7
 408 00b5 00000000 		.4byte	.LFB3
 409 00b9 1C000000 		.4byte	.LFE3-.LFB3
 410 00bd 01       		.uleb128 0x1
 411 00be 9C       		.byte	0x9c
 412 00bf 07       		.uleb128 0x7
 413 00c0 82000000 		.4byte	.LASF16
 414 00c4 01       		.byte	0x1
 415 00c5 DA       		.byte	0xda
 416 00c6 00000000 		.4byte	.LFB4
 417 00ca 1C000000 		.4byte	.LFE4-.LFB4
 418 00ce 01       		.uleb128 0x1
 419 00cf 9C       		.byte	0x9c
 420 00d0 E4000000 		.4byte	0xe4
 421 00d4 08       		.uleb128 0x8
 422 00d5 13020000 		.4byte	.LASF18
 423 00d9 01       		.byte	0x1
 424 00da DA       		.byte	0xda
 425 00db 6B000000 		.4byte	0x6b
 426 00df 00000000 		.4byte	.LLST0
 427 00e3 00       		.byte	0
ARM GAS  C:\Users\214016~1\AppData\Local\Temp\ccWFLfM9.s 			page 15


 428 00e4 09       		.uleb128 0x9
 429 00e5 19020000 		.4byte	.LASF17
 430 00e9 01       		.byte	0x1
 431 00ea 2A01     		.2byte	0x12a
 432 00ec 00000000 		.4byte	.LFB6
 433 00f0 0C000000 		.4byte	.LFE6-.LFB6
 434 00f4 01       		.uleb128 0x1
 435 00f5 9C       		.byte	0x9c
 436 00f6 09010000 		.4byte	0x109
 437 00fa 0A       		.uleb128 0xa
 438 00fb 33000000 		.4byte	.LASF19
 439 00ff 01       		.byte	0x1
 440 0100 2A01     		.2byte	0x12a
 441 0102 6B000000 		.4byte	0x6b
 442 0106 01       		.uleb128 0x1
 443 0107 50       		.byte	0x50
 444 0108 00       		.byte	0
 445 0109 09       		.uleb128 0x9
 446 010a C1000000 		.4byte	.LASF20
 447 010e 01       		.byte	0x1
 448 010f 5801     		.2byte	0x158
 449 0111 00000000 		.4byte	.LFB7
 450 0115 34000000 		.4byte	.LFE7-.LFB7
 451 0119 01       		.uleb128 0x1
 452 011a 9C       		.byte	0x9c
 453 011b 30010000 		.4byte	0x130
 454 011f 0B       		.uleb128 0xb
 455 0120 0E020000 		.4byte	.LASF28
 456 0124 01       		.byte	0x1
 457 0125 5A01     		.2byte	0x15a
 458 0127 6B000000 		.4byte	0x6b
 459 012b 21000000 		.4byte	.LLST1
 460 012f 00       		.byte	0
 461 0130 07       		.uleb128 0x7
 462 0131 ED000000 		.4byte	.LASF21
 463 0135 01       		.byte	0x1
 464 0136 3A       		.byte	0x3a
 465 0137 00000000 		.4byte	.LFB0
 466 013b 24000000 		.4byte	.LFE0-.LFB0
 467 013f 01       		.uleb128 0x1
 468 0140 9C       		.byte	0x9c
 469 0141 62010000 		.4byte	0x162
 470 0145 0C       		.uleb128 0xc
 471 0146 1A000000 		.4byte	.LVL6
 472 014a BF000000 		.4byte	0xbf
 473 014e 58010000 		.4byte	0x158
 474 0152 0D       		.uleb128 0xd
 475 0153 01       		.uleb128 0x1
 476 0154 50       		.byte	0x50
 477 0155 01       		.uleb128 0x1
 478 0156 30       		.byte	0x30
 479 0157 00       		.byte	0
 480 0158 0E       		.uleb128 0xe
 481 0159 1E000000 		.4byte	.LVL7
 482 015d 09010000 		.4byte	0x109
 483 0161 00       		.byte	0
 484 0162 07       		.uleb128 0x7
ARM GAS  C:\Users\214016~1\AppData\Local\Temp\ccWFLfM9.s 			page 16


 485 0163 39000000 		.4byte	.LASF22
 486 0167 01       		.byte	0x1
 487 0168 93       		.byte	0x93
 488 0169 00000000 		.4byte	.LFB2
 489 016d 24000000 		.4byte	.LFE2-.LFB2
 490 0171 01       		.uleb128 0x1
 491 0172 9C       		.byte	0x9c
 492 0173 9A010000 		.4byte	0x19a
 493 0177 0E       		.uleb128 0xe
 494 0178 0C000000 		.4byte	.LVL8
 495 017c 30010000 		.4byte	0x130
 496 0180 0E       		.uleb128 0xe
 497 0181 16000000 		.4byte	.LVL9
 498 0185 9D000000 		.4byte	0x9d
 499 0189 0F       		.uleb128 0xf
 500 018a 1C000000 		.4byte	.LVL10
 501 018e E4000000 		.4byte	0xe4
 502 0192 0D       		.uleb128 0xd
 503 0193 01       		.uleb128 0x1
 504 0194 50       		.byte	0x50
 505 0195 02       		.uleb128 0x2
 506 0196 08       		.byte	0x8
 507 0197 78       		.byte	0x78
 508 0198 00       		.byte	0
 509 0199 00       		.byte	0
 510 019a 09       		.uleb128 0x9
 511 019b 00000000 		.4byte	.LASF23
 512 019f 01       		.byte	0x1
 513 01a0 1101     		.2byte	0x111
 514 01a2 00000000 		.4byte	.LFB5
 515 01a6 20000000 		.4byte	.LFE5-.LFB5
 516 01aa 01       		.uleb128 0x1
 517 01ab 9C       		.byte	0x9c
 518 01ac CA010000 		.4byte	0x1ca
 519 01b0 10       		.uleb128 0x10
 520 01b1 03010000 		.4byte	.LASF24
 521 01b5 01       		.byte	0x1
 522 01b6 1101     		.2byte	0x111
 523 01b8 6B000000 		.4byte	0x6b
 524 01bc 34000000 		.4byte	.LLST2
 525 01c0 0E       		.uleb128 0xe
 526 01c1 1A000000 		.4byte	.LVL13
 527 01c5 09010000 		.4byte	0x109
 528 01c9 00       		.byte	0
 529 01ca 11       		.uleb128 0x11
 530 01cb 1A000000 		.4byte	.LASF29
 531 01cf 01       		.byte	0x1
 532 01d0 1B       		.byte	0x1b
 533 01d1 6B000000 		.4byte	0x6b
 534 01d5 05       		.uleb128 0x5
 535 01d6 03       		.byte	0x3
 536 01d7 00000000 		.4byte	OSC2_IDAC8_SAW_1_initVar
 537 01db 00       		.byte	0
 538              		.section	.debug_abbrev,"",%progbits
 539              	.Ldebug_abbrev0:
 540 0000 01       		.uleb128 0x1
 541 0001 11       		.uleb128 0x11
ARM GAS  C:\Users\214016~1\AppData\Local\Temp\ccWFLfM9.s 			page 17


 542 0002 01       		.byte	0x1
 543 0003 25       		.uleb128 0x25
 544 0004 0E       		.uleb128 0xe
 545 0005 13       		.uleb128 0x13
 546 0006 0B       		.uleb128 0xb
 547 0007 03       		.uleb128 0x3
 548 0008 0E       		.uleb128 0xe
 549 0009 1B       		.uleb128 0x1b
 550 000a 0E       		.uleb128 0xe
 551 000b 55       		.uleb128 0x55
 552 000c 17       		.uleb128 0x17
 553 000d 11       		.uleb128 0x11
 554 000e 01       		.uleb128 0x1
 555 000f 10       		.uleb128 0x10
 556 0010 17       		.uleb128 0x17
 557 0011 00       		.byte	0
 558 0012 00       		.byte	0
 559 0013 02       		.uleb128 0x2
 560 0014 24       		.uleb128 0x24
 561 0015 00       		.byte	0
 562 0016 0B       		.uleb128 0xb
 563 0017 0B       		.uleb128 0xb
 564 0018 3E       		.uleb128 0x3e
 565 0019 0B       		.uleb128 0xb
 566 001a 03       		.uleb128 0x3
 567 001b 0E       		.uleb128 0xe
 568 001c 00       		.byte	0
 569 001d 00       		.byte	0
 570 001e 03       		.uleb128 0x3
 571 001f 24       		.uleb128 0x24
 572 0020 00       		.byte	0
 573 0021 0B       		.uleb128 0xb
 574 0022 0B       		.uleb128 0xb
 575 0023 3E       		.uleb128 0x3e
 576 0024 0B       		.uleb128 0xb
 577 0025 03       		.uleb128 0x3
 578 0026 08       		.uleb128 0x8
 579 0027 00       		.byte	0
 580 0028 00       		.byte	0
 581 0029 04       		.uleb128 0x4
 582 002a 16       		.uleb128 0x16
 583 002b 00       		.byte	0
 584 002c 03       		.uleb128 0x3
 585 002d 0E       		.uleb128 0xe
 586 002e 3A       		.uleb128 0x3a
 587 002f 0B       		.uleb128 0xb
 588 0030 3B       		.uleb128 0x3b
 589 0031 05       		.uleb128 0x5
 590 0032 49       		.uleb128 0x49
 591 0033 13       		.uleb128 0x13
 592 0034 00       		.byte	0
 593 0035 00       		.byte	0
 594 0036 05       		.uleb128 0x5
 595 0037 35       		.uleb128 0x35
 596 0038 00       		.byte	0
 597 0039 49       		.uleb128 0x49
 598 003a 13       		.uleb128 0x13
ARM GAS  C:\Users\214016~1\AppData\Local\Temp\ccWFLfM9.s 			page 18


 599 003b 00       		.byte	0
 600 003c 00       		.byte	0
 601 003d 06       		.uleb128 0x6
 602 003e 2E       		.uleb128 0x2e
 603 003f 00       		.byte	0
 604 0040 3F       		.uleb128 0x3f
 605 0041 19       		.uleb128 0x19
 606 0042 03       		.uleb128 0x3
 607 0043 0E       		.uleb128 0xe
 608 0044 3A       		.uleb128 0x3a
 609 0045 0B       		.uleb128 0xb
 610 0046 3B       		.uleb128 0x3b
 611 0047 0B       		.uleb128 0xb
 612 0048 27       		.uleb128 0x27
 613 0049 19       		.uleb128 0x19
 614 004a 11       		.uleb128 0x11
 615 004b 01       		.uleb128 0x1
 616 004c 12       		.uleb128 0x12
 617 004d 06       		.uleb128 0x6
 618 004e 40       		.uleb128 0x40
 619 004f 18       		.uleb128 0x18
 620 0050 9742     		.uleb128 0x2117
 621 0052 19       		.uleb128 0x19
 622 0053 00       		.byte	0
 623 0054 00       		.byte	0
 624 0055 07       		.uleb128 0x7
 625 0056 2E       		.uleb128 0x2e
 626 0057 01       		.byte	0x1
 627 0058 3F       		.uleb128 0x3f
 628 0059 19       		.uleb128 0x19
 629 005a 03       		.uleb128 0x3
 630 005b 0E       		.uleb128 0xe
 631 005c 3A       		.uleb128 0x3a
 632 005d 0B       		.uleb128 0xb
 633 005e 3B       		.uleb128 0x3b
 634 005f 0B       		.uleb128 0xb
 635 0060 27       		.uleb128 0x27
 636 0061 19       		.uleb128 0x19
 637 0062 11       		.uleb128 0x11
 638 0063 01       		.uleb128 0x1
 639 0064 12       		.uleb128 0x12
 640 0065 06       		.uleb128 0x6
 641 0066 40       		.uleb128 0x40
 642 0067 18       		.uleb128 0x18
 643 0068 9742     		.uleb128 0x2117
 644 006a 19       		.uleb128 0x19
 645 006b 01       		.uleb128 0x1
 646 006c 13       		.uleb128 0x13
 647 006d 00       		.byte	0
 648 006e 00       		.byte	0
 649 006f 08       		.uleb128 0x8
 650 0070 05       		.uleb128 0x5
 651 0071 00       		.byte	0
 652 0072 03       		.uleb128 0x3
 653 0073 0E       		.uleb128 0xe
 654 0074 3A       		.uleb128 0x3a
 655 0075 0B       		.uleb128 0xb
ARM GAS  C:\Users\214016~1\AppData\Local\Temp\ccWFLfM9.s 			page 19


 656 0076 3B       		.uleb128 0x3b
 657 0077 0B       		.uleb128 0xb
 658 0078 49       		.uleb128 0x49
 659 0079 13       		.uleb128 0x13
 660 007a 02       		.uleb128 0x2
 661 007b 17       		.uleb128 0x17
 662 007c 00       		.byte	0
 663 007d 00       		.byte	0
 664 007e 09       		.uleb128 0x9
 665 007f 2E       		.uleb128 0x2e
 666 0080 01       		.byte	0x1
 667 0081 3F       		.uleb128 0x3f
 668 0082 19       		.uleb128 0x19
 669 0083 03       		.uleb128 0x3
 670 0084 0E       		.uleb128 0xe
 671 0085 3A       		.uleb128 0x3a
 672 0086 0B       		.uleb128 0xb
 673 0087 3B       		.uleb128 0x3b
 674 0088 05       		.uleb128 0x5
 675 0089 27       		.uleb128 0x27
 676 008a 19       		.uleb128 0x19
 677 008b 11       		.uleb128 0x11
 678 008c 01       		.uleb128 0x1
 679 008d 12       		.uleb128 0x12
 680 008e 06       		.uleb128 0x6
 681 008f 40       		.uleb128 0x40
 682 0090 18       		.uleb128 0x18
 683 0091 9742     		.uleb128 0x2117
 684 0093 19       		.uleb128 0x19
 685 0094 01       		.uleb128 0x1
 686 0095 13       		.uleb128 0x13
 687 0096 00       		.byte	0
 688 0097 00       		.byte	0
 689 0098 0A       		.uleb128 0xa
 690 0099 05       		.uleb128 0x5
 691 009a 00       		.byte	0
 692 009b 03       		.uleb128 0x3
 693 009c 0E       		.uleb128 0xe
 694 009d 3A       		.uleb128 0x3a
 695 009e 0B       		.uleb128 0xb
 696 009f 3B       		.uleb128 0x3b
 697 00a0 05       		.uleb128 0x5
 698 00a1 49       		.uleb128 0x49
 699 00a2 13       		.uleb128 0x13
 700 00a3 02       		.uleb128 0x2
 701 00a4 18       		.uleb128 0x18
 702 00a5 00       		.byte	0
 703 00a6 00       		.byte	0
 704 00a7 0B       		.uleb128 0xb
 705 00a8 34       		.uleb128 0x34
 706 00a9 00       		.byte	0
 707 00aa 03       		.uleb128 0x3
 708 00ab 0E       		.uleb128 0xe
 709 00ac 3A       		.uleb128 0x3a
 710 00ad 0B       		.uleb128 0xb
 711 00ae 3B       		.uleb128 0x3b
 712 00af 05       		.uleb128 0x5
ARM GAS  C:\Users\214016~1\AppData\Local\Temp\ccWFLfM9.s 			page 20


 713 00b0 49       		.uleb128 0x49
 714 00b1 13       		.uleb128 0x13
 715 00b2 02       		.uleb128 0x2
 716 00b3 17       		.uleb128 0x17
 717 00b4 00       		.byte	0
 718 00b5 00       		.byte	0
 719 00b6 0C       		.uleb128 0xc
 720 00b7 898201   		.uleb128 0x4109
 721 00ba 01       		.byte	0x1
 722 00bb 11       		.uleb128 0x11
 723 00bc 01       		.uleb128 0x1
 724 00bd 31       		.uleb128 0x31
 725 00be 13       		.uleb128 0x13
 726 00bf 01       		.uleb128 0x1
 727 00c0 13       		.uleb128 0x13
 728 00c1 00       		.byte	0
 729 00c2 00       		.byte	0
 730 00c3 0D       		.uleb128 0xd
 731 00c4 8A8201   		.uleb128 0x410a
 732 00c7 00       		.byte	0
 733 00c8 02       		.uleb128 0x2
 734 00c9 18       		.uleb128 0x18
 735 00ca 9142     		.uleb128 0x2111
 736 00cc 18       		.uleb128 0x18
 737 00cd 00       		.byte	0
 738 00ce 00       		.byte	0
 739 00cf 0E       		.uleb128 0xe
 740 00d0 898201   		.uleb128 0x4109
 741 00d3 00       		.byte	0
 742 00d4 11       		.uleb128 0x11
 743 00d5 01       		.uleb128 0x1
 744 00d6 31       		.uleb128 0x31
 745 00d7 13       		.uleb128 0x13
 746 00d8 00       		.byte	0
 747 00d9 00       		.byte	0
 748 00da 0F       		.uleb128 0xf
 749 00db 898201   		.uleb128 0x4109
 750 00de 01       		.byte	0x1
 751 00df 11       		.uleb128 0x11
 752 00e0 01       		.uleb128 0x1
 753 00e1 31       		.uleb128 0x31
 754 00e2 13       		.uleb128 0x13
 755 00e3 00       		.byte	0
 756 00e4 00       		.byte	0
 757 00e5 10       		.uleb128 0x10
 758 00e6 05       		.uleb128 0x5
 759 00e7 00       		.byte	0
 760 00e8 03       		.uleb128 0x3
 761 00e9 0E       		.uleb128 0xe
 762 00ea 3A       		.uleb128 0x3a
 763 00eb 0B       		.uleb128 0xb
 764 00ec 3B       		.uleb128 0x3b
 765 00ed 05       		.uleb128 0x5
 766 00ee 49       		.uleb128 0x49
 767 00ef 13       		.uleb128 0x13
 768 00f0 02       		.uleb128 0x2
 769 00f1 17       		.uleb128 0x17
ARM GAS  C:\Users\214016~1\AppData\Local\Temp\ccWFLfM9.s 			page 21


 770 00f2 00       		.byte	0
 771 00f3 00       		.byte	0
 772 00f4 11       		.uleb128 0x11
 773 00f5 34       		.uleb128 0x34
 774 00f6 00       		.byte	0
 775 00f7 03       		.uleb128 0x3
 776 00f8 0E       		.uleb128 0xe
 777 00f9 3A       		.uleb128 0x3a
 778 00fa 0B       		.uleb128 0xb
 779 00fb 3B       		.uleb128 0x3b
 780 00fc 0B       		.uleb128 0xb
 781 00fd 49       		.uleb128 0x49
 782 00fe 13       		.uleb128 0x13
 783 00ff 3F       		.uleb128 0x3f
 784 0100 19       		.uleb128 0x19
 785 0101 02       		.uleb128 0x2
 786 0102 18       		.uleb128 0x18
 787 0103 00       		.byte	0
 788 0104 00       		.byte	0
 789 0105 00       		.byte	0
 790              		.section	.debug_loc,"",%progbits
 791              	.Ldebug_loc0:
 792              	.LLST0:
 793 0000 00000000 		.4byte	.LVL0
 794 0004 10000000 		.4byte	.LVL1
 795 0008 0100     		.2byte	0x1
 796 000a 50       		.byte	0x50
 797 000b 10000000 		.4byte	.LVL1
 798 000f 1C000000 		.4byte	.LFE4
 799 0013 0400     		.2byte	0x4
 800 0015 F3       		.byte	0xf3
 801 0016 01       		.uleb128 0x1
 802 0017 50       		.byte	0x50
 803 0018 9F       		.byte	0x9f
 804 0019 00000000 		.4byte	0
 805 001d 00000000 		.4byte	0
 806              	.LLST1:
 807 0021 0A000000 		.4byte	.LVL3
 808 0025 1A000000 		.4byte	.LVL5
 809 0029 0100     		.2byte	0x1
 810 002b 53       		.byte	0x53
 811 002c 00000000 		.4byte	0
 812 0030 00000000 		.4byte	0
 813              	.LLST2:
 814 0034 00000000 		.4byte	.LVL11
 815 0038 12000000 		.4byte	.LVL12
 816 003c 0100     		.2byte	0x1
 817 003e 50       		.byte	0x50
 818 003f 12000000 		.4byte	.LVL12
 819 0043 20000000 		.4byte	.LFE5
 820 0047 0400     		.2byte	0x4
 821 0049 F3       		.byte	0xf3
 822 004a 01       		.uleb128 0x1
 823 004b 50       		.byte	0x50
 824 004c 9F       		.byte	0x9f
 825 004d 00000000 		.4byte	0
 826 0051 00000000 		.4byte	0
ARM GAS  C:\Users\214016~1\AppData\Local\Temp\ccWFLfM9.s 			page 22


 827              		.section	.debug_aranges,"",%progbits
 828 0000 54000000 		.4byte	0x54
 829 0004 0200     		.2byte	0x2
 830 0006 00000000 		.4byte	.Ldebug_info0
 831 000a 04       		.byte	0x4
 832 000b 00       		.byte	0
 833 000c 0000     		.2byte	0
 834 000e 0000     		.2byte	0
 835 0010 00000000 		.4byte	.LFB1
 836 0014 1C000000 		.4byte	.LFE1-.LFB1
 837 0018 00000000 		.4byte	.LFB3
 838 001c 1C000000 		.4byte	.LFE3-.LFB3
 839 0020 00000000 		.4byte	.LFB4
 840 0024 1C000000 		.4byte	.LFE4-.LFB4
 841 0028 00000000 		.4byte	.LFB6
 842 002c 0C000000 		.4byte	.LFE6-.LFB6
 843 0030 00000000 		.4byte	.LFB7
 844 0034 34000000 		.4byte	.LFE7-.LFB7
 845 0038 00000000 		.4byte	.LFB0
 846 003c 24000000 		.4byte	.LFE0-.LFB0
 847 0040 00000000 		.4byte	.LFB2
 848 0044 24000000 		.4byte	.LFE2-.LFB2
 849 0048 00000000 		.4byte	.LFB5
 850 004c 20000000 		.4byte	.LFE5-.LFB5
 851 0050 00000000 		.4byte	0
 852 0054 00000000 		.4byte	0
 853              		.section	.debug_ranges,"",%progbits
 854              	.Ldebug_ranges0:
 855 0000 00000000 		.4byte	.LFB1
 856 0004 1C000000 		.4byte	.LFE1
 857 0008 00000000 		.4byte	.LFB3
 858 000c 1C000000 		.4byte	.LFE3
 859 0010 00000000 		.4byte	.LFB4
 860 0014 1C000000 		.4byte	.LFE4
 861 0018 00000000 		.4byte	.LFB6
 862 001c 0C000000 		.4byte	.LFE6
 863 0020 00000000 		.4byte	.LFB7
 864 0024 34000000 		.4byte	.LFE7
 865 0028 00000000 		.4byte	.LFB0
 866 002c 24000000 		.4byte	.LFE0
 867 0030 00000000 		.4byte	.LFB2
 868 0034 24000000 		.4byte	.LFE2
 869 0038 00000000 		.4byte	.LFB5
 870 003c 20000000 		.4byte	.LFE5
 871 0040 00000000 		.4byte	0
 872 0044 00000000 		.4byte	0
 873              		.section	.debug_line,"",%progbits
 874              	.Ldebug_line0:
 875 0000 EE000000 		.section	.debug_str,"MS",%progbits,1
 875      02004F00 
 875      00000201 
 875      FB0E0D00 
 875      01010101 
 876              	.LASF23:
 877 0000 4F534332 		.ascii	"OSC2_IDAC8_SAW_1_SetRange\000"
 877      5F494441 
 877      43385F53 
ARM GAS  C:\Users\214016~1\AppData\Local\Temp\ccWFLfM9.s 			page 23


 877      41575F31 
 877      5F536574 
 878              	.LASF29:
 879 001a 4F534332 		.ascii	"OSC2_IDAC8_SAW_1_initVar\000"
 879      5F494441 
 879      43385F53 
 879      41575F31 
 879      5F696E69 
 880              	.LASF19:
 881 0033 76616C75 		.ascii	"value\000"
 881      6500
 882              	.LASF22:
 883 0039 4F534332 		.ascii	"OSC2_IDAC8_SAW_1_Start\000"
 883      5F494441 
 883      43385F53 
 883      41575F31 
 883      5F537461 
 884              	.LASF26:
 885 0050 2E5C4765 		.ascii	".\\Generated_Source\\PSoC5\\OSC2_IDAC8_SAW_1.c\000"
 885      6E657261 
 885      7465645F 
 885      536F7572 
 885      63655C50 
 886              	.LASF9:
 887 007c 666C6F61 		.ascii	"float\000"
 887      7400
 888              	.LASF16:
 889 0082 4F534332 		.ascii	"OSC2_IDAC8_SAW_1_SetSpeed\000"
 889      5F494441 
 889      43385F53 
 889      41575F31 
 889      5F536574 
 890              	.LASF1:
 891 009c 756E7369 		.ascii	"unsigned char\000"
 891      676E6564 
 891      20636861 
 891      7200
 892              	.LASF13:
 893 00aa 72656738 		.ascii	"reg8\000"
 893      00
 894              	.LASF5:
 895 00af 6C6F6E67 		.ascii	"long unsigned int\000"
 895      20756E73 
 895      69676E65 
 895      6420696E 
 895      7400
 896              	.LASF20:
 897 00c1 4F534332 		.ascii	"OSC2_IDAC8_SAW_1_DacTrim\000"
 897      5F494441 
 897      43385F53 
 897      41575F31 
 897      5F446163 
 898              	.LASF3:
 899 00da 73686F72 		.ascii	"short unsigned int\000"
 899      7420756E 
 899      7369676E 
 899      65642069 
ARM GAS  C:\Users\214016~1\AppData\Local\Temp\ccWFLfM9.s 			page 24


 899      6E7400
 900              	.LASF21:
 901 00ed 4F534332 		.ascii	"OSC2_IDAC8_SAW_1_Init\000"
 901      5F494441 
 901      43385F53 
 901      41575F31 
 901      5F496E69 
 902              	.LASF24:
 903 0103 72616E67 		.ascii	"range\000"
 903      6500
 904              	.LASF10:
 905 0109 646F7562 		.ascii	"double\000"
 905      6C6500
 906              	.LASF25:
 907 0110 474E5520 		.ascii	"GNU C 4.9.3 20150303 (release) [ARM/embedded-4_9-br"
 907      4320342E 
 907      392E3320 
 907      32303135 
 907      30333033 
 908 0143 616E6368 		.ascii	"anch revision 221220] -mcpu=cortex-m3 -mthumb -g -O"
 908      20726576 
 908      6973696F 
 908      6E203232 
 908      31323230 
 909 0176 67202D66 		.ascii	"g -ffunction-sections -ffat-lto-objects\000"
 909      66756E63 
 909      74696F6E 
 909      2D736563 
 909      74696F6E 
 910              	.LASF27:
 911 019e 433A5C55 		.ascii	"C:\\Users\\214016586\\Documents\\PSoC Creator\\Dual"
 911      73657273 
 911      5C323134 
 911      30313635 
 911      38365C44 
 912 01cc 2D50536F 		.ascii	"-PSoC-DCO\\Dual-PSoC-DCO.cydsn\000"
 912      432D4443 
 912      4F5C4475 
 912      616C2D50 
 912      536F432D 
 913              	.LASF8:
 914 01ea 756E7369 		.ascii	"unsigned int\000"
 914      676E6564 
 914      20696E74 
 914      00
 915              	.LASF7:
 916 01f7 6C6F6E67 		.ascii	"long long unsigned int\000"
 916      206C6F6E 
 916      6720756E 
 916      7369676E 
 916      65642069 
 917              	.LASF28:
 918 020e 6D6F6465 		.ascii	"mode\000"
 918      00
 919              	.LASF18:
 920 0213 73706565 		.ascii	"speed\000"
 920      6400
ARM GAS  C:\Users\214016~1\AppData\Local\Temp\ccWFLfM9.s 			page 25


 921              	.LASF17:
 922 0219 4F534332 		.ascii	"OSC2_IDAC8_SAW_1_SetValue\000"
 922      5F494441 
 922      43385F53 
 922      41575F31 
 922      5F536574 
 923              	.LASF6:
 924 0233 6C6F6E67 		.ascii	"long long int\000"
 924      206C6F6E 
 924      6720696E 
 924      7400
 925              	.LASF15:
 926 0241 4F534332 		.ascii	"OSC2_IDAC8_SAW_1_Stop\000"
 926      5F494441 
 926      43385F53 
 926      41575F31 
 926      5F53746F 
 927              	.LASF11:
 928 0257 63686172 		.ascii	"char\000"
 928      00
 929              	.LASF2:
 930 025c 73686F72 		.ascii	"short int\000"
 930      7420696E 
 930      7400
 931              	.LASF12:
 932 0266 75696E74 		.ascii	"uint8\000"
 932      3800
 933              	.LASF4:
 934 026c 6C6F6E67 		.ascii	"long int\000"
 934      20696E74 
 934      00
 935              	.LASF0:
 936 0275 7369676E 		.ascii	"signed char\000"
 936      65642063 
 936      68617200 
 937              	.LASF14:
 938 0281 4F534332 		.ascii	"OSC2_IDAC8_SAW_1_Enable\000"
 938      5F494441 
 938      43385F53 
 938      41575F31 
 938      5F456E61 
 939              		.ident	"GCC: (GNU Tools for ARM Embedded Processors) 4.9.3 20150303 (release) [ARM/embedded-4_9-br
